Component: ARM Compiler 5.06 update 6 (build 750) Tool: armlink [4d35ed]

==============================================================================

Section Cross References

    startup_stm32l476xx.o(STACK) refers (Special) to heapauxi.o(.text) for __use_two_region_memory
    startup_stm32l476xx.o(HEAP) refers (Special) to heapauxi.o(.text) for __use_two_region_memory
    startup_stm32l476xx.o(RESET) refers (Special) to heapauxi.o(.text) for __use_two_region_memory
    startup_stm32l476xx.o(RESET) refers to startup_stm32l476xx.o(STACK) for __initial_sp
    startup_stm32l476xx.o(RESET) refers to startup_stm32l476xx.o(.text) for Reset_Handler
    startup_stm32l476xx.o(RESET) refers to stm32l4xx_it.o(i.NMI_Handler) for NMI_Handler
    startup_stm32l476xx.o(RESET) refers to stm32l4xx_it.o(i.HardFault_Handler) for HardFault_Handler
    startup_stm32l476xx.o(RESET) refers to stm32l4xx_it.o(i.MemManage_Handler) for MemManage_Handler
    startup_stm32l476xx.o(RESET) refers to stm32l4xx_it.o(i.BusFault_Handler) for BusFault_Handler
    startup_stm32l476xx.o(RESET) refers to stm32l4xx_it.o(i.UsageFault_Handler) for UsageFault_Handler
    startup_stm32l476xx.o(RESET) refers to stm32l4xx_it.o(i.SVC_Handler) for SVC_Handler
    startup_stm32l476xx.o(RESET) refers to stm32l4xx_it.o(i.DebugMon_Handler) for DebugMon_Handler
    startup_stm32l476xx.o(RESET) refers to stm32l4xx_it.o(i.PendSV_Handler) for PendSV_Handler
    startup_stm32l476xx.o(RESET) refers to stm32l4xx_it.o(i.SysTick_Handler) for SysTick_Handler
    startup_stm32l476xx.o(RESET) refers to stm32l4xx_it.o(i.DMA1_Channel1_IRQHandler) for DMA1_Channel1_IRQHandler
    startup_stm32l476xx.o(RESET) refers to stm32l4xx_it.o(i.DMA1_Channel4_IRQHandler) for DMA1_Channel4_IRQHandler
    startup_stm32l476xx.o(RESET) refers to stm32l4xx_it.o(i.DMA1_Channel5_IRQHandler) for DMA1_Channel5_IRQHandler
    startup_stm32l476xx.o(RESET) refers to stm32l4xx_it.o(i.DMA1_Channel6_IRQHandler) for DMA1_Channel6_IRQHandler
    startup_stm32l476xx.o(RESET) refers to stm32l4xx_it.o(i.DMA1_Channel7_IRQHandler) for DMA1_Channel7_IRQHandler
    startup_stm32l476xx.o(RESET) refers to stm32l4xx_it.o(i.TIM1_BRK_TIM15_IRQHandler) for TIM1_BRK_TIM15_IRQHandler
    startup_stm32l476xx.o(RESET) refers to stm32l4xx_it.o(i.TIM4_IRQHandler) for TIM4_IRQHandler
    startup_stm32l476xx.o(RESET) refers to stm32l4xx_it.o(i.SPI2_IRQHandler) for SPI2_IRQHandler
    startup_stm32l476xx.o(RESET) refers to stm32l4xx_it.o(i.USART2_IRQHandler) for USART2_IRQHandler
    startup_stm32l476xx.o(.text) refers (Special) to heapauxi.o(.text) for __use_two_region_memory
    startup_stm32l476xx.o(.text) refers to system_stm32l4xx.o(i.SystemInit) for SystemInit
    startup_stm32l476xx.o(.text) refers to __main.o(!!!main) for __main
    startup_stm32l476xx.o(.text) refers to startup_stm32l476xx.o(HEAP) for Heap_Mem
    startup_stm32l476xx.o(.text) refers to startup_stm32l476xx.o(STACK) for Stack_Mem
    main.o(i.HAL_TIM_PeriodElapsedCallback) refers to main.o(.data) for .data
    main.o(i.MX_ADC1_Init) refers to rt_memclr_w.o(.text) for __aeabi_memclr4
    main.o(i.MX_ADC1_Init) refers to stm32l4xx_hal_adc.o(i.HAL_ADC_Init) for HAL_ADC_Init
    main.o(i.MX_ADC1_Init) refers to stm32l4xx_hal_adc_ex.o(i.HAL_ADCEx_MultiModeConfigChannel) for HAL_ADCEx_MultiModeConfigChannel
    main.o(i.MX_ADC1_Init) refers to stm32l4xx_hal_adc.o(i.HAL_ADC_ConfigChannel) for HAL_ADC_ConfigChannel
    main.o(i.MX_ADC1_Init) refers to stm32l4xx_hal_adc.o(i.HAL_ADC_Start_DMA) for HAL_ADC_Start_DMA
    main.o(i.MX_ADC1_Init) refers to main.o(.bss) for .bss
    main.o(i.MX_ADC1_Init) refers to main.o(.data) for .data
    main.o(i.MX_DMA_Init) refers to stm32l4xx_hal_cortex.o(i.HAL_NVIC_SetPriority) for HAL_NVIC_SetPriority
    main.o(i.MX_DMA_Init) refers to stm32l4xx_hal_cortex.o(i.HAL_NVIC_EnableIRQ) for HAL_NVIC_EnableIRQ
    main.o(i.MX_GPIO_Init) refers to rt_memclr_w.o(.text) for __aeabi_memclr4
    main.o(i.MX_GPIO_Init) refers to stm32l4xx_hal_gpio.o(i.HAL_GPIO_WritePin) for HAL_GPIO_WritePin
    main.o(i.MX_GPIO_Init) refers to stm32l4xx_hal_gpio.o(i.HAL_GPIO_Init) for HAL_GPIO_Init
    main.o(i.MX_SPI2_Init) refers to stm32l4xx_hal_spi.o(i.HAL_SPI_Init) for HAL_SPI_Init
    main.o(i.MX_SPI2_Init) refers to main.o(.bss) for .bss
    main.o(i.MX_TIM1_Init) refers to rt_memclr_w.o(.text) for __aeabi_memclr4
    main.o(i.MX_TIM1_Init) refers to stm32l4xx_hal_tim.o(i.HAL_TIM_Base_Init) for HAL_TIM_Base_Init
    main.o(i.MX_TIM1_Init) refers to stm32l4xx_hal_tim.o(i.HAL_TIM_ConfigClockSource) for HAL_TIM_ConfigClockSource
    main.o(i.MX_TIM1_Init) refers to stm32l4xx_hal_tim.o(i.HAL_TIM_PWM_Init) for HAL_TIM_PWM_Init
    main.o(i.MX_TIM1_Init) refers to stm32l4xx_hal_tim_ex.o(i.HAL_TIMEx_MasterConfigSynchronization) for HAL_TIMEx_MasterConfigSynchronization
    main.o(i.MX_TIM1_Init) refers to stm32l4xx_hal_tim.o(i.HAL_TIM_PWM_ConfigChannel) for HAL_TIM_PWM_ConfigChannel
[...]
    __alloca_initialize                       - Undefined Weak Reference
    __arm_preinit_                            - Undefined Weak Reference
    __cpp_initialize__aeabi_                  - Undefined Weak Reference
    __cxa_finalize                            - Undefined Weak Reference
    __rt_locale                               - Undefined Weak Reference
    __sigvec_lookup                           - Undefined Weak Reference
    _atexit_init                              - Undefined Weak Reference
    _call_atexit_fns                          - Undefined Weak Reference
    _clock_init                               - Undefined Weak Reference
    _fp_trap_init                             - Undefined Weak Reference
    _fp_trap_shutdown                         - Undefined Weak Reference
    _get_lc_collate                           - Undefined Weak Reference
    _get_lc_ctype                             - Undefined Weak Reference
    _get_lc_monetary                          - Undefined Weak Reference
    _get_lc_numeric                           - Undefined Weak Reference
    _get_lc_time                              - Undefined Weak Reference
    _getenv_init                              - Undefined Weak Reference
    _handle_redirection                       - Undefined Weak Reference
    _init_alloc                               - Undefined Weak Reference
    _init_user_alloc                          - Undefined Weak Reference
    _initio                                   - Undefined Weak Reference
    _rand_init                                - Undefined Weak Reference
    _signal_finish                            - Undefined Weak Reference
    _signal_init                              - Undefined Weak Reference
    _terminate_alloc                          - Undefined Weak Reference
    _terminate_user_alloc                     - Undefined Weak Reference
    _terminateio                              - Undefined Weak Reference
    __Vectors_Size                           0x00000188   Number         0  startup_stm32l476xx.o ABSOLUTE
    __Vectors                                0x08000000   Data           4  startup_stm32l476xx.o(RESET)
    __Vectors_End                            0x08000188   Data           0  startup_stm32l476xx.o(RESET)
    __main                                   0x08000189   Thumb Code     8  __main.o(!!!main)
    __scatterload                            0x08000191   Thumb Code     0  __scatter.o(!!!scatter)
    __scatterload_rt2                        0x08000191   Thumb Code    44  __scatter.o(!!!scatter)
    __scatterload_rt2_thumb_only             0x08000191   Thumb Code     0  __scatter.o(!!!scatter)
    __scatterload_null                       0x0800019f   Thumb Code     0  __scatter.o(!!!scatter)
    __decompress                             0x080001c5   Thumb Code    90  __dczerorl2.o(!!dczerorl2)
    __decompress1                            0x080001c5   Thumb Code     0  __dczerorl2.o(!!dczerorl2)
    __scatterload_zeroinit                   0x08000221   Thumb Code    28  __scatter_zi.o(!!handler_zi)
    __rt_lib_init                            0x0800023d   Thumb Code     0  libinit.o(.ARM.Collect$$libinit$$00000000)
    __rt_lib_init_fp_1                       0x0800023f   Thumb Code     0  libinit2.o(.ARM.Collect$$libinit$$00000001)
    __rt_lib_init_alloca_1                   0x08000243   Thumb Code     0  libinit2.o(.ARM.Collect$$libinit$$0000002E)
    __rt_lib_init_argv_1                     0x08000243   Thumb Code     0  libinit2.o(.ARM.Collect$$libinit$$0000002C)
    __rt_lib_init_atexit_1                   0x08000243   Thumb Code     0  libinit2.o(.ARM.Collect$$libinit$$0000001B)
    __rt_lib_init_clock_1                    0x08000243   Thumb Code     0  libinit2.o(.ARM.Collect$$libinit$$00000021)
    __rt_lib_init_cpp_1                      0x08000243   Thumb Code     0  libinit2.o(.ARM.Collect$$libinit$$00000032)
    __rt_lib_init_exceptions_1               0x08000243   Thumb Code     0  libinit2.o(.ARM.Collect$$libinit$$00000030)
    __rt_lib_init_fp_trap_1                  0x08000243   Thumb Code     0  libinit2.o(.ARM.Collect$$libinit$$0000001F)
    __rt_lib_init_getenv_1                   0x08000243   Thumb Code     0  libinit2.o(.ARM.Collect$$libinit$$00000023)
    __rt_lib_init_heap_1                     0x08000243   Thumb Code     0  libinit2.o(.ARM.Collect$$libinit$$0000000A)
    __rt_lib_init_lc_collate_1               0x08000243   Thumb Code     0  libinit2.o(.ARM.Collect$$libinit$$00000011)
    __rt_lib_init_lc_ctype_1                 0x08000243   Thumb Code     0  libinit2.o(.ARM.Collect$$libinit$$00000013)
    __rt_lib_init_lc_monetary_1              0x08000243   Thumb Code     0  libinit2.o(.ARM.Collect$$libinit$$00000015)
    __rt_lib_init_lc_numeric_1               0x08000243   Thumb Code     0  libinit2.o(.ARM.Collect$$libinit$$00000017)
    __rt_lib_init_lc_time_1                  0x08000243   Thumb Code     0  libinit2.o(.ARM.Collect$$libinit$$00000019)
    __rt_lib_init_preinit_1                  0x08000243   Thumb Code     0  libinit2.o(.ARM.Collect$$libinit$$00000004)
    __rt_lib_init_rand_1                     0x08000243   Thumb Code     0  libinit2.o(.ARM.Collect$$libinit$$0000000E)
    __rt_lib_init_return                     0x08000243   Thumb Code     0  libinit2.o(.ARM.Collect$$libinit$$00000033)
    __rt_lib_init_signal_1                   0x08000243   Thumb Code     0  libinit2.o(.ARM.Collect$$libinit$$0000001D)
    __rt_lib_init_stdio_1                    0x08000243   Thumb Code     0  libinit2.o(.ARM.Collect$$libinit$$00000025)
    __rt_lib_init_user_alloc_1               0x08000243   Thumb Code     0  libinit2.o(.ARM.Collect$$libinit$$0000000C)
    __rt_lib_shutdown                        0x08000245   Thumb Code     0  libshutdown.o(.ARM.Collect$$libshutdown$$00000000)
    __rt_lib_shutdown_cpp_1                  0x08000247   Thumb Code     0  libshutdown2.o(.ARM.Collect$$libshutdown$$00000002)
    __rt_lib_shutdown_fp_trap_1              0x08000247   Thumb Code     0  libshutdown2.o(.ARM.Collect$$libshutdown$$00000007)
    __rt_lib_shutdown_heap_1                 0x08000247   Thumb Code     0  libshutdown2.o(.ARM.Collect$$libshutdown$$0000000F)
    __rt_lib_shutdown_return                 0x08000247   Thumb Code     0  libshutdown2.o(.ARM.Collect$$libshutdown$$00000010)
    __rt_lib_shutdown_signal_1               0x08000247   Thumb Code     0  libshutdown2.o(.ARM.Collect$$libshutdown$$0000000A)
    __rt_lib_shutdown_stdio_1                0x08000247   Thumb Code     0  libshutdown2.o(.ARM.Collect$$libshutdown$$00000004)
    __rt_lib_shutdown_user_alloc_1           0x08000247   Thumb Code     0  libshutdown2.o(.ARM.Collect$$libshutdown$$0000000C)
    __rt_entry                               0x08000249   Thumb Code     0  __rtentry.o(.ARM.Collect$$rtentry$$00000000)
    __rt_entry_presh_1                       0x08000249   Thumb Code     0  __rtentry2.o(.ARM.Collect$$rtentry$$00000002)
    __rt_entry_sh                            0x08000249   Thumb Code     0  __rtentry4.o(.ARM.Collect$$rtentry$$00000004)
    __rt_entry_li                            0x0800024f   Thumb Code     0  __rtentry2.o(.ARM.Collect$$rtentry$$0000000A)
    __rt_entry_postsh_1                      0x0800024f   Thumb Code     0  __rtentry2.o(.ARM.Collect$$rtentry$$00000009)
    __rt_entry_main                          0x08000253   Thumb Code     0  __rtentry2.o(.ARM.Collect$$rtentry$$0000000D)
    __rt_entry_postli_1                      0x08000253   Thumb Code     0  __rtentry2.o(.ARM.Collect$$rtentry$$0000000C)
    __rt_exit                                0x0800025b   Thumb Code     0  rtexit.o(.ARM.Collect$$rtexit$$00000000)
    __rt_exit_ls                             0x0800025d   Thumb Code     0  rtexit2.o(.ARM.Collect$$rtexit$$00000003)
    __rt_exit_prels_1                        0x0800025d   Thumb Code     0  rtexit2.o(.ARM.Collect$$rtexit$$00000002)
    __rt_exit_exit                           0x08000261   Thumb Code     0  rtexit2.o(.ARM.Collect$$rtexit$$00000004)
    Reset_Handler                            0x08000269   Thumb Code     8  startup_stm32l476xx.o(.text)
    ADC1_2_IRQHandler                        0x08000283   Thumb Code     0  startup_stm32l476xx.o(.text)
    ADC3_IRQHandler                          0x08000283   Thumb Code     0  startup_stm32l476xx.o(.text)
    CAN1_RX0_IRQHandler                      0x08000283   Thumb Code     0  startup_stm32l476xx.o(.text)
    CAN1_RX1_IRQHandler                      0x08000283   Thumb Code     0  startup_stm32l476xx.o(.text)
    CAN1_SCE_IRQHandler                      0x08000283   Thumb Code     0  startup_stm32l476xx.o(.text)
    CAN1_TX_IRQHandler                       0x08000283   Thumb Code     0  startup_stm32l476xx.o(.text)
    COMP_IRQHandler                          0x08000283   Thumb Code     0  startup_stm32l476xx.o(.text)
    DFSDM1_FLT0_IRQHandler                   0x08000283   Thumb Code     0  startup_stm32l476xx.o(.text)
    DFSDM1_FLT1_IRQHandler                   0x08000283   Thumb Code     0  startup_stm32l476xx.o(.text)
    DFSDM1_FLT2_IRQHandler                   0x08000283   Thumb Code     0  startup_stm32l476xx.o(.text)
    DFSDM1_FLT3_IRQHandler                   0x08000283   Thumb Code     0  startup_stm32l476xx.o(.text)
    DMA1_Channel2_IRQHandler                 0x08000283   Thumb Code     0  startup_stm32l476xx.o(.text)
    DMA1_Channel3_IRQHandler                 0x08000283   Thumb Code     0  startup_stm32l476xx.o(.text)
    DMA2_Channel1_IRQHandler                 0x08000283   Thumb Code     0  startup_stm32l476xx.o(.text)
    DMA2_Channel2_IRQHandler                 0x08000283   Thumb Code     0  startup_stm32l476xx.o(.text)
    DMA2_Channel3_IRQHandler                 0x08000283   Thumb Code     0  startup_stm32l476xx.o(.text)
    DMA2_Channel4_IRQHandler                 0x08000283   Thumb Code     0  startup_stm32l476xx.o(.text)
    DMA2_Channel5_IRQHandler                 0x08000283   Thumb Code     0  startup_stm32l476xx.o(.text)
    DMA2_Channel6_IRQHandler                 0x08000283   Thumb Code     0  startup_stm32l476xx.o(.text)
    DMA2_Channel7_IRQHandler                 0x08000283   Thumb Code     0  startup_stm32l476xx.o(.text)
    EXTI0_IRQHandler                         0x08000283   Thumb Code     0  startup_stm32l476xx.o(.text)
    EXTI15_10_IRQHandler                     0x08000283   Thumb Code     0  startup_stm32l476xx.o(.text)
    EXTI1_IRQHandler                         0x08000283   Thumb Code     0  startup_stm32l476xx.o(.text)
    EXTI2_IRQHandler                         0x08000283   Thumb Code     0  startup_stm32l476xx.o(.text)
    EXTI3_IRQHandler                         0x08000283   Thumb Code     0  startup_stm32l476xx.o(.text)
    EXTI4_IRQHandler                         0x08000283   Thumb Code     0  startup_stm32l476xx.o(.text)
    EXTI9_5_IRQHandler                       0x08000283   Thumb Code     0  startup_stm32l476xx.o(.text)
    FLASH_IRQHandler                         0x08000283   Thumb Code     0  startup_stm32l476xx.o(.text)
    FMC_IRQHandler                           0x08000283   Thumb Code     0  startup_stm32l476xx.o(.text)
    FPU_IRQHandler                           0x08000283   Thumb Code     0  startup_stm32l476xx.o(.text)
    I2C1_ER_IRQHandler                       0x08000283   Thumb Code     0  startup_stm32l476xx.o(.text)
    I2C1_EV_IRQHandler                       0x08000283   Thumb Code     0  startup_stm32l476xx.o(.text)
    I2C2_ER_IRQHandler                       0x08000283   Thumb Code     0  startup_stm32l476xx.o(.text)
    I2C2_EV_IRQHandler                       0x08000283   Thumb Code     0  startup_stm32l476xx.o(.text)
    I2C3_ER_IRQHandler                       0x08000283   Thumb Code     0  startup_stm32l476xx.o(.text)
    I2C3_EV_IRQHandler                       0x08000283   Thumb Code     0  startup_stm32l476xx.o(.text)
    LCD_IRQHandler                           0x08000283   Thumb Code     0  startup_stm32l476xx.o(.text)
    LPTIM1_IRQHandler                        0x08000283   Thumb Code     0  startup_stm32l476xx.o(.text)
    LPTIM2_IRQHandler                        0x08000283   Thumb Code     0  startup_stm32l476xx.o(.text)
    LPUART1_IRQHandler                       0x08000283   Thumb Code     0  startup_stm32l476xx.o(.text)
    OTG_FS_IRQHandler                        0x08000283   Thumb Code     0  startup_stm32l476xx.o(.text)
    PVD_PVM_IRQHandler                       0x08000283   Thumb Code     0  startup_stm32l476xx.o(.text)
    QUADSPI_IRQHandler                       0x08000283   Thumb Code     0  startup_stm32l476xx.o(.text)
    RCC_IRQHandler                           0x08000283   Thumb Code     0  startup_stm32l476xx.o(.text)
    RNG_IRQHandler                           0x08000283   Thumb Code     0  startup_stm32l476xx.o(.text)
    RTC_Alarm_IRQHandler                     0x08000283   Thumb Code     0  startup_stm32l476xx.o(.text)
    RTC_WKUP_IRQHandler                      0x08000283   Thumb Code     0  startup_stm32l476xx.o(.text)
    SAI1_IRQHandler                          0x08000283   Thumb Code     0  startup_stm32l476xx.o(.text)
    SAI2_IRQHandler                          0x08000283   Thumb Code     0  startup_stm32l476xx.o(.text)
    SDMMC1_IRQHandler                        0x08000283   Thumb Code     0  startup_stm32l476xx.o(.text)
    SPI1_IRQHandler                          0x08000283   Thumb Code     0  startup_stm32l476xx.o(.text)
    SPI3_IRQHandler                          0x08000283   Thumb Code     0  startup_stm32l476xx.o(.text)
    SWPMI1_IRQHandler                        0x08000283   Thumb Code     0  startup_stm32l476xx.o(.text)
    TAMP_STAMP_IRQHandler                    0x08000283   Thumb Code     0  startup_stm32l476xx.o(.text)
    TIM1_CC_IRQHandler                       0x08000283   Thumb Code     0  startup_stm32l476xx.o(.text)
    TIM1_TRG_COM_TIM17_IRQHandler            0x08000283   Thumb Code     0  startup_stm32l476xx.o(.text)
    TIM1_UP_TIM16_IRQHandler                 0x08000283   Thumb Code     0  startup_stm32l476xx.o(.text)
    TIM2_IRQHandler                          0x08000283   Thumb Code     0  startup_stm32l476xx.o(.text)
    TIM3_IRQHandler                          0x08000283   Thumb Code     0  startup_stm32l476xx.o(.text)
    TIM5_IRQHandler                          0x08000283   Thumb Code     0  startup_stm32l476xx.o(.text)
    TIM6_DAC_IRQHandler                      0x08000283   Thumb Code     0  startup_stm32l476xx.o(.text)
    TIM7_IRQHandler                          0x08000283   Thumb Code     0  startup_stm32l476xx.o(.text)
    TIM8_BRK_IRQHandler                      0x08000283   Thumb Code     0  startup_stm32l476xx.o(.text)
    TIM8_CC_IRQHandler                       0x08000283   Thumb Code     0  startup_stm32l476xx.o(.text)
    TIM8_TRG_COM_IRQHandler                  0x08000283   Thumb Code     0  startup_stm32l476xx.o(.text)
    TIM8_UP_IRQHandler                       0x08000283   Thumb Code     0  startup_stm32l476xx.o(.text)
    TSC_IRQHandler                           0x08000283   Thumb Code     0  startup_stm32l476xx.o(.text)
    UART4_IRQHandler                         0x08000283   Thumb Code     0  startup_stm32l476xx.o(.text)
    UART5_IRQHandler                         0x08000283   Thumb Code     0  startup_stm32l476xx.o(.text)
    USART1_IRQHandler                        0x08000283   Thumb Code     0  startup_stm32l476xx.o(.text)
    USART3_IRQHandler                        0x08000283   Thumb Code     0  startup_stm32l476xx.o(.text)
    WWDG_IRQHandler                          0x08000283   Thumb Code     0  startup_stm32l476xx.o(.text)
    __user_initial_stackheap                 0x08000285   Thumb Code     0  startup_stm32l476xx.o(.text)
    __aeabi_uldivmod                         0x080002a9   Thumb Code     0  lludivv7m.o(.text)
    _ll_udiv                                 0x080002a9   Thumb Code   238  lludivv7m.o(.text)
    __aeabi_memcpy                           0x08000397   Thumb Code     0  rt_memcpy_v6.o(.text)
    __rt_memcpy                              0x08000397   Thumb Code   138  rt_memcpy_v6.o(.text)
    _memcpy_lastbytes                        0x080003fd   Thumb Code     0  rt_memcpy_v6.o(.text)
    __aeabi_memcpy4                          0x08000421   Thumb Code     0  rt_memcpy_w.o(.text)
    __aeabi_memcpy8                          0x08000421   Thumb Code     0  rt_memcpy_w.o(.text)
    __rt_memcpy_w                            0x08000421   Thumb Code   100  rt_memcpy_w.o(.text)
    _memcpy_lastbytes_aligned                0x08000469   Thumb Code     0  rt_memcpy_w.o(.text)
    __aeabi_memclr4                          0x08000485   Thumb Code     0  rt_memclr_w.o(.text)
    __aeabi_memclr8                          0x08000485   Thumb Code     0  rt_memclr_w.o(.text)
    __rt_memclr_w                            0x08000485   Thumb Code    78  rt_memclr_w.o(.text)
    _memset_w                                0x08000489   Thumb Code     0  rt_memclr_w.o(.text)
    __use_two_region_memory                  0x080004d3   Thumb Code     2  heapauxi.o(.text)
    __rt_heap_escrow$2region                 0x080004d5   Thumb Code     2  heapauxi.o(.text)
    __rt_heap_expand$2region                 0x080004d7   Thumb Code     2  heapauxi.o(.text)
    __read_errno                             0x080004d9   Thumb Code    10  _rserrno.o(.text)
    __set_errno                              0x080004e3   Thumb Code    12  _rserrno.o(.text)
    __aeabi_errno_addr                       0x080004f1   Thumb Code     8  rt_errno_addr_intlibspace.o(.text)
    __errno$intlibspace                      0x080004f1   Thumb Code     0  rt_errno_addr_intlibspace.o(.text)
    __rt_errno_addr$intlibspace              0x080004f1   Thumb Code     0  rt_errno_addr_intlibspace.o(.text)
    __user_libspace                          0x080004f9   Thumb Code     8  libspace.o(.text)
    __user_perproc_libspace                  0x080004f9   Thumb Code     0  libspace.o(.text)
    __user_perthread_libspace                0x080004f9   Thumb Code     0  libspace.o(.text)
    __user_setup_stackheap                   0x08000501   Thumb Code    74  sys_stackheap_outer.o(.text)
    exit                                     0x0800054b   Thumb Code    18  exit.o(.text)
    _sys_exit                                0x0800055d   Thumb Code     8  sys_exit.o(.text)
    __I$use$semihosting                      0x08000569   Thumb Code     0  use_no_semi.o(.text)
    __use_no_semihosting_swi                 0x08000569   Thumb Code     2  use_no_semi.o(.text)
    __semihosting_library_function           0x0800056b   Thumb Code     0  indicate_semi.o(.text)
    arm_cos_f32                              0x0800056d   Thumb Code   152  arm_cos_f32.o(.text.arm_cos_f32)
    arm_sin_f32                              0x08000605   Thumb Code   144  arm_sin_f32.o(.text.arm_sin_f32)
    ADC_DMAConvCplt                          0x08000695   Thumb Code   104  stm32l4xx_hal_adc.o(i.ADC_DMAConvCplt)
    ADC_DMAError                             0x080006fd   Thumb Code    26  stm32l4xx_hal_adc.o(i.ADC_DMAError)
    ADC_DMAHalfConvCplt                      0x08000717   Thumb Code    10  stm32l4xx_hal_adc.o(i.ADC_DMAHalfConvCplt)
    ADC_Enable                               0x08000721   Thumb Code   154  stm32l4xx_hal_adc.o(i.ADC_Enable)
    Battery_GetVbat                          0x080007cd   Thumb Code    38  battery.o(i.Battery_GetVbat)
    BusFault_Handler                         0x08000801   Thumb Code     2  stm32l4xx_it.o(i.BusFault_Handler)
    Buzzer_Init                              0x08000805   Thumb Code    20  buzzer.o(i.Buzzer_Init)
    DMA1_Channel1_IRQHandler                 0x0800081d   Thumb Code     6  stm32l4xx_it.o(i.DMA1_Channel1_IRQHandler)
    DMA1_Channel4_IRQHandler                 0x08000829   Thumb Code     6  stm32l4xx_it.o(i.DMA1_Channel4_IRQHandler)
    DMA1_Channel5_IRQHandler                 0x08000835   Thumb Code     6  stm32l4xx_it.o(i.DMA1_Channel5_IRQHandler)
    DMA1_Channel6_IRQHandler                 0x08000841   Thumb Code     6  stm32l4xx_it.o(i.DMA1_Channel6_IRQHandler)
    DMA1_Channel7_IRQHandler                 0x0800084d   Thumb Code     6  stm32l4xx_it.o(i.DMA1_Channel7_IRQHandler)
    DebugMon_Handler                         0x08000887   Thumb Code     2  stm32l4xx_it.o(i.DebugMon_Handler)
    Error_Handler                            0x08000889   Thumb Code     4  main.o(i.Error_Handler)
    HAL_ADCEx_MultiModeConfigChannel         0x0800088d   Thumb Code   234  stm32l4xx_hal_adc_ex.o(i.HAL_ADCEx_MultiModeConfigChannel)
    HAL_ADC_ConfigChannel                    0x08000989   Thumb Code   966  stm32l4xx_hal_adc.o(i.HAL_ADC_ConfigChannel)
    HAL_ADC_ConvCpltCallback                 0x08000d87   Thumb Code     2  stm32l4xx_hal_adc.o(i.HAL_ADC_ConvCpltCallback)
    HAL_ADC_ConvHalfCpltCallback             0x08000d89   Thumb Code     2  stm32l4xx_hal_adc.o(i.HAL_ADC_ConvHalfCpltCallback)
    HAL_ADC_ErrorCallback                    0x08000d8b   Thumb Code     2  stm32l4xx_hal_adc.o(i.HAL_ADC_ErrorCallback)
    HAL_ADC_Init                             0x08000d8d   Thumb Code   410  stm32l4xx_hal_adc.o(i.HAL_ADC_Init)
    HAL_ADC_MspInit                          0x08000f51   Thumb Code   178  stm32l4xx_hal_msp.o(i.HAL_ADC_MspInit)
    HAL_ADC_Start_DMA                        0x08001019   Thumb Code   234  stm32l4xx_hal_adc.o(i.HAL_ADC_Start_DMA)
    HAL_DMA_Abort                            0x08001125   Thumb Code    74  stm32l4xx_hal_dma.o(i.HAL_DMA_Abort)
    HAL_DMA_Abort_IT                         0x0800116f   Thumb Code    78  stm32l4xx_hal_dma.o(i.HAL_DMA_Abort_IT)
    HAL_DMA_IRQHandler                       0x080011bd   Thumb Code   186  stm32l4xx_hal_dma.o(i.HAL_DMA_IRQHandler)
    HAL_DMA_Init                             0x08001279   Thumb Code   178  stm32l4xx_hal_dma.o(i.HAL_DMA_Init)
    HAL_DMA_Start_IT                         0x08001339   Thumb Code   112  stm32l4xx_hal_dma.o(i.HAL_DMA_Start_IT)
    HAL_Delay                                0x080013a9   Thumb Code    32  stm32l4xx_hal.o(i.HAL_Delay)
    HAL_GPIO_Init                            0x080013cd   Thumb Code   500  stm32l4xx_hal_gpio.o(i.HAL_GPIO_Init)
    HAL_GPIO_WritePin                        0x080015eb   Thumb Code    10  stm32l4xx_hal_gpio.o(i.HAL_GPIO_WritePin)
    HAL_GetTick                              0x080015f5   Thumb Code     6  stm32l4xx_hal.o(i.HAL_GetTick)
    HAL_IncTick                              0x08001601   Thumb Code    12  stm32l4xx_hal.o(i.HAL_IncTick)
    HAL_Init                                 0x08001611   Thumb Code    30  stm32l4xx_hal.o(i.HAL_Init)
    HAL_InitTick                             0x08001631   Thumb Code    58  stm32l4xx_hal.o(i.HAL_InitTick)
    HAL_MspInit                              0x08001675   Thumb Code    38  stm32l4xx_hal_msp.o(i.HAL_MspInit)
    HAL_NVIC_EnableIRQ                       0x080016a1   Thumb Code    26  stm32l4xx_hal_cortex.o(i.HAL_NVIC_EnableIRQ)
    HAL_NVIC_SetPriority                     0x080016bd   Thumb Code    60  stm32l4xx_hal_cortex.o(i.HAL_NVIC_SetPriority)
    HAL_NVIC_SetPriorityGrouping             0x080016fd   Thumb Code    26  stm32l4xx_hal_cortex.o(i.HAL_NVIC_SetPriorityGrouping)
    HAL_PWREx_ControlVoltageScaling          0x08001721   Thumb Code    90  stm32l4xx_hal_pwr_ex.o(i.HAL_PWREx_ControlVoltageScaling)
    HAL_PWREx_GetVoltageRange                0x08001789   Thumb Code    10  stm32l4xx_hal_pwr_ex.o(i.HAL_PWREx_GetVoltageRange)
    HAL_RCCEx_PeriphCLKConfig                0x08001799   Thumb Code   928  stm32l4xx_hal_rcc_ex.o(i.HAL_RCCEx_PeriphCLKConfig)
    HAL_RCC_ClockConfig                      0x08001b49   Thumb Code   304  stm32l4xx_hal_rcc.o(i.HAL_RCC_ClockConfig)
    HAL_RCC_GetPCLK1Freq                     0x08001c8d   Thumb Code    24  stm32l4xx_hal_rcc.o(i.HAL_RCC_GetPCLK1Freq)
    HAL_RCC_GetPCLK2Freq                     0x08001cb1   Thumb Code    24  stm32l4xx_hal_rcc.o(i.HAL_RCC_GetPCLK2Freq)
    HAL_RCC_GetSysClockFreq                  0x08001cd5   Thumb Code   150  stm32l4xx_hal_rcc.o(i.HAL_RCC_GetSysClockFreq)
    HAL_RCC_OscConfig                        0x08001d79   Thumb Code  1294  stm32l4xx_hal_rcc.o(i.HAL_RCC_OscConfig)
    HAL_SPI_ErrorCallback                    0x08002291   Thumb Code     2  stm32l4xx_hal_spi.o(i.HAL_SPI_ErrorCallback)
    HAL_SPI_IRQHandler                       0x08002295   Thumb Code   246  stm32l4xx_hal_spi.o(i.HAL_SPI_IRQHandler)
    HAL_SPI_Init                             0x08002391   Thumb Code   224  stm32l4xx_hal_spi.o(i.HAL_SPI_Init)
    HAL_SPI_MspInit                          0x08002471   Thumb Code   232  stm32l4xx_hal_msp.o(i.HAL_SPI_MspInit)
    HAL_SPI_Receive                          0x08002575   Thumb Code   382  stm32l4xx_hal_spi.o(i.HAL_SPI_Receive)
    HAL_SPI_Receive_DMA                      0x080026f9   Thumb Code   332  stm32l4xx_hal_spi.o(i.HAL_SPI_Receive_DMA)
    HAL_SPI_RxCpltCallback                   0x08002851   Thumb Code    12  icm_20948.o(i.HAL_SPI_RxCpltCallback)
    HAL_SPI_RxHalfCpltCallback               0x08002861   Thumb Code     2  stm32l4xx_hal_spi.o(i.HAL_SPI_RxHalfCpltCallback)
    HAL_SPI_Transmit                         0x08002863   Thumb Code   398  stm32l4xx_hal_spi.o(i.HAL_SPI_Transmit)
    HAL_SPI_TransmitReceive                  0x080029f7   Thumb Code   626  stm32l4xx_hal_spi.o(i.HAL_SPI_TransmitReceive)
    HAL_SPI_TransmitReceive_DMA              0x08002c71   Thumb Code   414  stm32l4xx_hal_spi.o(i.HAL_SPI_TransmitReceive_DMA)
    HAL_SPI_TxRxCpltCallback                 0x08002e25   Thumb Code     2  stm32l4xx_hal_spi.o(i.HAL_SPI_TxRxCpltCallback)
    HAL_SPI_TxRxHalfCpltCallback             0x08002e27   Thumb Code     2  stm32l4xx_hal_spi.o(i.HAL_SPI_TxRxHalfCpltCallback)
    HAL_SYSTICK_Config                       0x08002e29   Thumb Code    40  stm32l4xx_hal_cortex.o(i.HAL_SYSTICK_Config)
    HAL_TIMEx_Break2Callback                 0x08002e51   Thumb Code     2  stm32l4xx_hal_tim_ex.o(i.HAL_TIMEx_Break2Callback)
    HAL_TIMEx_BreakCallback                  0x08002e53   Thumb Code     2  stm32l4xx_hal_tim_ex.o(i.HAL_TIMEx_BreakCallback)
    HAL_TIMEx_CommutCallback                 0x08002e55   Thumb Code     2  stm32l4xx_hal_tim_ex.o(i.HAL_TIMEx_CommutCallback)
    HAL_TIMEx_ConfigBreakDeadTime            0x08002e59   Thumb Code   132  stm32l4xx_hal_tim_ex.o(i.HAL_TIMEx_ConfigBreakDeadTime)
    HAL_TIMEx_MasterConfigSynchronization    0x08002ee5   Thumb Code   130  stm32l4xx_hal_tim_ex.o(i.HAL_TIMEx_MasterConfigSynchronization)
    HAL_TIMEx_PWMN_Start                     0x08002f81   Thumb Code   164  stm32l4xx_hal_tim_ex.o(i.HAL_TIMEx_PWMN_Start)
    HAL_TIM_Base_Init                        0x08003041   Thumb Code    98  stm32l4xx_hal_tim.o(i.HAL_TIM_Base_Init)
    HAL_TIM_Base_MspInit                     0x080030a5   Thumb Code   108  stm32l4xx_hal_msp.o(i.HAL_TIM_Base_MspInit)
    HAL_TIM_Base_Start_IT                    0x08003121   Thumb Code   100  stm32l4xx_hal_tim.o(i.HAL_TIM_Base_Start_IT)
    HAL_TIM_ConfigClockSource                0x080031a1   Thumb Code   220  stm32l4xx_hal_tim.o(i.HAL_TIM_ConfigClockSource)
    HAL_TIM_Encoder_Init                     0x08003281   Thumb Code   162  stm32l4xx_hal_tim.o(i.HAL_TIM_Encoder_Init)
    HAL_TIM_Encoder_MspInit                  0x08003329   Thumb Code   142  stm32l4xx_hal_msp.o(i.HAL_TIM_Encoder_MspInit)
    HAL_TIM_Encoder_Start                    0x080033c1   Thumb Code   142  stm32l4xx_hal_tim.o(i.HAL_TIM_Encoder_Start)
    HAL_TIM_IC_CaptureCallback               0x0800344f   Thumb Code     2  stm32l4xx_hal_tim.o(i.HAL_TIM_IC_CaptureCallback)
    HAL_TIM_IRQHandler                       0x08003451   Thumb Code   330  stm32l4xx_hal_tim.o(i.HAL_TIM_IRQHandler)
    HAL_TIM_MspPostInit                      0x0800359d   Thumb Code   150  stm32l4xx_hal_msp.o(i.HAL_TIM_MspPostInit)
    HAL_TIM_OC_DelayElapsedCallback          0x08003645   Thumb Code     2  stm32l4xx_hal_tim.o(i.HAL_TIM_OC_DelayElapsedCallback)
    HAL_TIM_PWM_ConfigChannel                0x08003647   Thumb Code   292  stm32l4xx_hal_tim.o(i.HAL_TIM_PWM_ConfigChannel)
    HAL_TIM_PWM_Init                         0x0800376b   Thumb Code    98  stm32l4xx_hal_tim.o(i.HAL_TIM_PWM_Init)
    HAL_TIM_PWM_MspInit                      0x080037cd   Thumb Code     2  stm32l4xx_hal_tim.o(i.HAL_TIM_PWM_MspInit)
    HAL_TIM_PWM_PulseFinishedCallback        0x080037cf   Thumb Code     2  stm32l4xx_hal_tim.o(i.HAL_TIM_PWM_PulseFinishedCallback)
    HAL_TIM_PWM_Start                        0x080037d1   Thumb Code   224  stm32l4xx_hal_tim.o(i.HAL_TIM_PWM_Start)
    HAL_TIM_PeriodElapsedCallback            0x080038d5   Thumb Code    26  main.o(i.HAL_TIM_PeriodElapsedCallback)
    HAL_TIM_TriggerCallback                  0x080038fd   Thumb Code     2  stm32l4xx_hal_tim.o(i.HAL_TIM_TriggerCallback)
    HAL_UARTEx_ReceiveToIdle_DMA             0x080038ff   Thumb Code    74  stm32l4xx_hal_uart_ex.o(i.HAL_UARTEx_ReceiveToIdle_DMA)
    HAL_UARTEx_RxEventCallback               0x08003949   Thumb Code   102  uart.o(i.HAL_UARTEx_RxEventCallback)
    HAL_UARTEx_WakeupCallback                0x080039cd   Thumb Code     2  stm32l4xx_hal_uart_ex.o(i.HAL_UARTEx_WakeupCallback)
    HAL_UART_ErrorCallback                   0x080039cf   Thumb Code     2  stm32l4xx_hal_uart.o(i.HAL_UART_ErrorCallback)
    HAL_UART_IRQHandler                      0x080039d1   Thumb Code   704  stm32l4xx_hal_uart.o(i.HAL_UART_IRQHandler)
    HAL_UART_Init                            0x08003c99   Thumb Code   102  stm32l4xx_hal_uart.o(i.HAL_UART_Init)
    HAL_UART_MspInit                         0x08003d01   Thumb Code   218  stm32l4xx_hal_msp.o(i.HAL_UART_MspInit)
    HAL_UART_RxCpltCallback                  0x08003df1   Thumb Code     2  stm32l4xx_hal_uart.o(i.HAL_UART_RxCpltCallback)
    HAL_UART_RxHalfCpltCallback              0x08003df3   Thumb Code     2  stm32l4xx_hal_uart.o(i.HAL_UART_RxHalfCpltCallback)
    HAL_UART_Transmit_DMA                    0x08003df5   Thumb Code   126  stm32l4xx_hal_uart.o(i.HAL_UART_Transmit_DMA)
    HAL_UART_TxCpltCallback                  0x08003e81   Thumb Code    56  uart.o(i.HAL_UART_TxCpltCallback)
    HAL_UART_TxHalfCpltCallback              0x08003ec1   Thumb Code     2  stm32l4xx_hal_uart.o(i.HAL_UART_TxHalfCpltCallback)
    HardFault_Handler                        0x08003ec3   Thumb Code     2  stm32l4xx_it.o(i.HardFault_Handler)
    MemManage_Handler                        0x080044a5   Thumb Code     2  stm32l4xx_it.o(i.MemManage_Handler)
    NMI_Handler                              0x080044a7   Thumb Code     2  stm32l4xx_it.o(i.NMI_Handler)
    PendSV_Handler                           0x080044a9   Thumb Code     2  stm32l4xx_it.o(i.PendSV_Handler)
    SPI2_IRQHandler                          0x0800475d   Thumb Code     6  stm32l4xx_it.o(i.SPI2_IRQHandler)
    SVC_Handler                              0x08004ad5   Thumb Code     2  stm32l4xx_it.o(i.SVC_Handler)
    SysTick_Handler                          0x08004ad7   Thumb Code     4  stm32l4xx_it.o(i.SysTick_Handler)
    SystemClock_Config                       0x08004adb   Thumb Code   116  main.o(i.SystemClock_Config)
    SystemInit                               0x08004b51   Thumb Code    12  system_stm32l4xx.o(i.SystemInit)
    TIM1_BRK_TIM15_IRQHandler                0x08004b61   Thumb Code     6  stm32l4xx_it.o(i.TIM1_BRK_TIM15_IRQHandler)
    TIM4_IRQHandler                          0x08004b6d   Thumb Code     6  stm32l4xx_it.o(i.TIM4_IRQHandler)
    TIM_Base_SetConfig                       0x08004b79   Thumb Code   174  stm32l4xx_hal_tim.o(i.TIM_Base_SetConfig)
    TIM_CCxChannelCmd                        0x08004c49   Thumb Code    26  stm32l4xx_hal_tim.o(i.TIM_CCxChannelCmd)
    TIM_ETR_SetConfig                        0x08004c7d   Thumb Code    20  stm32l4xx_hal_tim.o(i.TIM_ETR_SetConfig)
    TIM_OC2_SetConfig                        0x08004d3d   Thumb Code   120  stm32l4xx_hal_tim.o(i.TIM_OC2_SetConfig)
    Telemetry_Init                           0x08004ff9   Thumb Code    28  telemetry.o(i.Telemetry_Init)
    Telemetry_RxByte                         0x08005021   Thumb Code   268  telemetry.o(i.Telemetry_RxByte)
    Telemetry_SendEuler                      0x0800513d   Thumb Code   202  telemetry.o(i.Telemetry_SendEuler)
    UART_AdvFeatureConfig                    0x08005211   Thumb Code   200  stm32l4xx_hal_uart.o(i.UART_AdvFeatureConfig)
    UART_CheckIdleState                      0x080052d9   Thumb Code   168  stm32l4xx_hal_uart.o(i.UART_CheckIdleState)
    UART_Init                                0x08005539   Thumb Code    20  uart.o(i.UART_Init)
    UART_ReadByte                            0x08005551   Thumb Code    10  uart.o(i.UART_ReadByte)
    UART_Send                                0x0800555d   Thumb Code    80  uart.o(i.UART_Send)
    UART_SetConfig                           0x080055b5   Thumb Code   542  stm32l4xx_hal_uart.o(i.UART_SetConfig)
    UART_Start_Receive_DMA                   0x080057fd   Thumb Code   146  stm32l4xx_hal_uart.o(i.UART_Start_Receive_DMA)
    UART_WaitOnFlagUntilTimeout              0x0800589d   Thumb Code   148  stm32l4xx_hal_uart.o(i.UART_WaitOnFlagUntilTimeout)
    USART2_IRQHandler                        0x08005931   Thumb Code     6  stm32l4xx_it.o(i.USART2_IRQHandler)
    UsageFault_Handler                       0x0800593d   Thumb Code     2  stm32l4xx_it.o(i.UsageFault_Handler)
    __ARM_fpclassify                         0x0800593f   Thumb Code    48  fpclassify.o(i.__ARM_fpclassify)
    __hardfp_atan                            0x08005991   Thumb Code   622  atan.o(i.__hardfp_atan)
    __hardfp_atan2                           0x08005c69   Thumb Code   432  atan2.o(i.__hardfp_atan2)
    __hardfp_pow                             0x08005e59   Thumb Code  3072  pow.o(i.__hardfp_pow)
    __kernel_poly                            0x08006ad9   Thumb Code   248  poly.o(i.__kernel_poly)
    __mathlib_dbl_divzero                    0x08006bd1   Thumb Code    28  dunder.o(i.__mathlib_dbl_divzero)
    __mathlib_dbl_infnan                     0x08006c01   Thumb Code    20  dunder.o(i.__mathlib_dbl_infnan)
    __mathlib_dbl_infnan2                    0x08006c15   Thumb Code    20  dunder.o(i.__mathlib_dbl_infnan2)
    __mathlib_dbl_invalid                    0x08006c29   Thumb Code    24  dunder.o(i.__mathlib_dbl_invalid)
    __mathlib_dbl_overflow                   0x08006c49   Thumb Code    24  dunder.o(i.__mathlib_dbl_overflow)
    __mathlib_dbl_underflow                  0x08006c69   Thumb Code    24  dunder.o(i.__mathlib_dbl_underflow)
    acc_mag2euler                            0x08006c89   Thumb Code   274  euler_angles.o(i.acc_mag2euler)
    apply_average_filter                     0x08006eb5   Thumb Code    94  moving_average_filter.o(i.apply_average_filter)
    atan                                     0x08006f13   Thumb Code    16  atan.o(i.atan)
    complementary_filter_euler               0x08006f45   Thumb Code   130  euler_angles.o(i.complementary_filter_euler)
    enable_motor                             0x08007049   Thumb Code    10  motor_control.o(i.enable_motor)
    fabs                                     0x08007053   Thumb Code    24  fabs.o(i.fabs)
    get_encoder_speed                        0x0800706d   Thumb Code   220  motor_encoder.o(i.get_encoder_speed)
    icm_20948_init                           0x08007155   Thumb Code   156  icm_20948.o(i.icm_20948_init)
    icm_20948_read_data                      0x080071f1   Thumb Code   168  icm_20948.o(i.icm_20948_read_data)
    icm_20948_read_reg                       0x080072ad   Thumb Code    50  icm_20948.o(i.icm_20948_read_reg)
    icm_20948_write_reg                      0x080072e5   Thumb Code    40  icm_20948.o(i.icm_20948_write_reg)
    main                                     0x08007311   Thumb Code   530  main.o(i.main)
    reset_average_filter                     0x080075ed   Thumb Code    44  moving_average_filter.o(i.reset_average_filter)
    reset_encoder                            0x0800761d   Thumb Code    28  motor_encoder.o(i.reset_encoder)
    reset_pid                                0x0800763d   Thumb Code    14  pid_control.o(i.reset_pid)
    rgb_init                                 0x08007697   Thumb Code    44  rgb.o(i.rgb_init)
    rgb_setcolor                             0x080076c3   Thumb Code    66  rgb.o(i.rgb_setcolor)
    sensor2imu                               0x08007769   Thumb Code   524  imu_data.o(i.sensor2imu)
    sqrt                                     0x080079a1   Thumb Code   110  sqrt.o(i.sqrt)
    update_euler_gyro                        0x08007a91   Thumb Code   322  euler_angles.o(i.update_euler_gyro)
    __aeabi_dneg                             0x08007be5   Thumb Code     0  basic.o(x$fpl$basic)
    _dneg                                    0x08007be5   Thumb Code     6  basic.o(x$fpl$basic)
    __aeabi_fneg                             0x08007beb   Thumb Code     0  basic.o(x$fpl$basic)
    _fneg                                    0x08007beb   Thumb Code     6  basic.o(x$fpl$basic)
    _dabs                                    0x08007bf1   Thumb Code     6  basic.o(x$fpl$basic)
    _fabs                                    0x08007bf7   Thumb Code     6  basic.o(x$fpl$basic)
    __aeabi_d2f                              0x08007bfd   Thumb Code     0  d2f.o(x$fpl$d2f)
    _d2f                                     0x08007bfd   Thumb Code    98  d2f.o(x$fpl$d2f)
    __aeabi_dadd                             0x08007c61   Thumb Code     0  daddsub_clz.o(x$fpl$dadd)
    _dadd                                    0x08007c61   Thumb Code   332  daddsub_clz.o(x$fpl$dadd)
    __fpl_dcheck_NaN1                        0x08007db1   Thumb Code    10  dcheck1.o(x$fpl$dcheck1)
    __fpl_dcmp_Inf                           0x08007dc1   Thumb Code    24  dcmpi.o(x$fpl$dcmpinf)
    __aeabi_ddiv                             0x08007dd9   Thumb Code     0  ddiv.o(x$fpl$ddiv)
    _ddiv                                    0x08007dd9   Thumb Code   552  ddiv.o(x$fpl$ddiv)
    __aeabi_i2d                              0x08008089   Thumb Code     0  dflt_clz.o(x$fpl$dflt)
    _dflt                                    0x08008089   Thumb Code    46  dflt_clz.o(x$fpl$dflt)
    __aeabi_cdcmple                          0x080080b9   Thumb Code     0  dleqf.o(x$fpl$dleqf)
    _dcmple                                  0x080080b9   Thumb Code   120  dleqf.o(x$fpl$dleqf)
    __fpl_dcmple_InfNaN                      0x0800811b   Thumb Code     0  dleqf.o(x$fpl$dleqf)
    __aeabi_dmul                             0x08008131   Thumb Code     0  dmul.o(x$fpl$dmul)
    _dmul                                    0x08008131   Thumb Code   332  dmul.o(x$fpl$dmul)
    __fpl_dnaninf                            0x08008285   Thumb Code   156  dnaninf.o(x$fpl$dnaninf)
    __fpl_dretinf                            0x08008321   Thumb Code    12  dretinf.o(x$fpl$dretinf)
    __aeabi_cdrcmple                         0x0800832d   Thumb Code     0  drleqf.o(x$fpl$drleqf)
    _drcmple                                 0x0800832d   Thumb Code   108  drleqf.o(x$fpl$drleqf)
    __aeabi_drsub                            0x08008399   Thumb Code     0  daddsub_clz.o(x$fpl$drsb)
    _drsb                                    0x08008399   Thumb Code    22  daddsub_clz.o(x$fpl$drsb)
    _dsqrt                                   0x080083b1   Thumb Code   404  dsqrt_umaal.o(x$fpl$dsqrt)
    __aeabi_dsub                             0x08008549   Thumb Code     0  daddsub_clz.o(x$fpl$dsub)
    _dsub                                    0x08008549   Thumb Code   464  daddsub_clz.o(x$fpl$dsub)
    __aeabi_f2d                              0x0800871d   Thumb Code     0  f2d.o(x$fpl$f2d)
    _f2d                                     0x0800871d   Thumb Code    86  f2d.o(x$fpl$f2d)
    __aeabi_ul2f                             0x08008773   Thumb Code     0  ffltll_clz.o(x$fpl$ffltll)
    _ll_uto_f                                0x08008773   Thumb Code     6  ffltll_clz.o(x$fpl$ffltll)
    __aeabi_l2f                              0x08008779   Thumb Code     0  ffltll_clz.o(x$fpl$ffltll)
    _ll_sto_f                                0x08008779   Thumb Code    90  ffltll_clz.o(x$fpl$ffltll)
    __fpl_fnaninf                            0x080087d3   Thumb Code   140  fnaninf.o(x$fpl$fnaninf)
    _fp_init                                 0x0800885f   Thumb Code    10  fpinit.o(x$fpl$fpinit)
    __fplib_config_fpu_vfp                   0x08008867   Thumb Code     0  fpinit.o(x$fpl$fpinit)
    __fplib_config_pureend_doubles           0x08008867   Thumb Code     0  fpinit.o(x$fpl$fpinit)
    __fpl_fretinf                            0x08008869   Thumb Code    10  fretinf.o(x$fpl$fretinf)
    __fpl_return_NaN                         0x08008873   Thumb Code   100  retnan.o(x$fpl$retnan)
    __ARM_scalbn                             0x080088d7   Thumb Code    92  scalbn.o(x$fpl$scalbn)
    __fpl_cmpreturn                          0x08008933   Thumb Code    48  trapv.o(x$fpl$trapveneer)
    __I$use$fp                               0x08008962   Number         0  usenofp.o(x$fpl$usenofp)
    AHBPrescTable                            0x08008994   Data          16  system_stm32l4xx.o(.constdata)
    MSIRangeTable                            0x080089a4   Data          48  system_stm32l4xx.o(.constdata)
    APBPrescTable                            0x080089d4   Data           8  system_stm32l4xx.o(.constdata)
    __mathlib_zero                           0x08008b00   Data           8  qnan.o(.constdata)
    sinTable_f32                             0x08008b08   Data        2052  arm_common_tables.o(.rodata.sinTable_f32)
    Region$$Table$$Base                      0x0800930c   Number         0  anon$$obj.o(Region$$Table)
    Region$$Table$$Limit                     0x0800932c   Number         0  anon$$obj.o(Region$$Table)
    telem_div                                0x20000000   Data           1  main.o(.data)
    telemetry_pending                        0x20000001   Data           1  main.o(.data)
    timer_flag                               0x20000002   Data           1  main.o(.data)
    mag_timer_flag                           0x20000003   Data           1  main.o(.data)
    adc_battery                              0x20000004   Data           2  main.o(.data)
    robot_battery                            0x20000008   Data           4  main.o(.data)
    uwTickFreq                               0x20000120   Data           1  stm32l4xx_hal.o(.data)
    uwTickPrio                               0x20000124   Data           4  stm32l4xx_hal.o(.data)
    uwTick                                   0x20000128   Data           4  stm32l4xx_hal.o(.data)
    SystemCoreClock                          0x2000012c   Data           4  system_stm32l4xx.o(.data)
    g_pid_updated                            0x2000013e   Data           1  telemetry.o(.data)
    hadc1                                    0x20000150   Data         100  main.o(.bss)
    hspi2                                    0x200001b4   Data         100  main.o(.bss)
    htim1                                    0x20000218   Data          76  main.o(.bss)
    htim2                                    0x20000264   Data          76  main.o(.bss)
    htim3                                    0x200002b0   Data          76  main.o(.bss)
    htim4                                    0x200002fc   Data          76  main.o(.bss)
    htim8                                    0x20000348   Data          76  main.o(.bss)
    huart2                                   0x20000394   Data         136  main.o(.bss)
    icm_data                                 0x2000041c   Data          18  main.o(.bss)
    imu_norm_data                            0x20000430   Data          36  main.o(.bss)
    euler_angles_robot                       0x20000454   Data          12  main.o(.bss)
    euler_angles_old                         0x20000460   Data          12  main.o(.bss)
    robot_state                              0x2000046c   Data          16  main.o(.bss)
    rgb                                      0x2000047c   Data          20  main.o(.bss)
    hdma_adc1                                0x20000490   Data          72  main.o(.bss)
    hdma_spi2_rx                             0x200004d8   Data          72  main.o(.bss)
    hdma_spi2_tx                             0x20000520   Data          72  main.o(.bss)
    hdma_usart2_rx                           0x20000568   Data          72  main.o(.bss)
    hdma_usart2_tx                           0x200005b0   Data          72  main.o(.bss)
    g_pid_cmd                                0x20000a98   Data          12  telemetry.o(.bss)
    __libspace_start                         0x20000ac4   Data          96  libspace.o(.bss)
    __temporary_stack_top$libspace           0x20000b24   Data           0  libspace.o(.bss)



==============================================================================

Memory Map of the image

  Image Entry point : 0x08000189

  Load Region LR_IROM1 (Base: 0x08000000, Size: 0x0000947c, Max: 0x00100000, ABSOLUTE, COMPRESSED[0x00009358])

    Execution Region ER_IROM1 (Exec base: 0x08000000, Load base: 0x08000000, Size: 0x0000932c, Max: 0x00100000, ABSOLUTE)

    Exec Addr    Load Addr    Size         Type   Attr      Idx    E Section Name        Object

    0x08000000   0x08000000   0x00000188   Data   RO            3    RESET               startup_stm32l476xx.o
    0x08000188   0x08000188   0x00000008   Code   RO         5178  * !!!main             c_w.l(__main.o)
    0x08000190   0x08000190   0x00000034   Code   RO         5482    !!!scatter          c_w.l(__scatter.o)
    0x080001c4   0x080001c4   0x0000005a   Code   RO         5480    !!dczerorl2         c_w.l(__dczerorl2.o)
    0x0800021e   0x0800021e   0x00000002   PAD
    0x08000220   0x08000220   0x0000001c   Code   RO         5484    !!handler_zi        c_w.l(__scatter_zi.o)
    0x0800023c   0x0800023c   0x00000002   Code   RO         5347    .ARM.Collect$$libinit$$00000000  c_w.l(libinit.o)
    0x0800023e   0x0800023e   0x00000004   Code   RO         5360    .ARM.Collect$$libinit$$00000001  c_w.l(libinit2.o)
    0x08000242   0x08000242   0x00000000   Code   RO         5363    .ARM.Collect$$libinit$$00000004  c_w.l(libinit2.o)
    0x08000242   0x08000242   0x00000000   Code   RO         5366    .ARM.Collect$$libinit$$0000000A  c_w.l(libinit2.o)
    0x08000242   0x08000242   0x00000000   Code   RO         5368    .ARM.Collect$$libinit$$0000000C  c_w.l(libinit2.o)
    0x08000242   0x08000242   0x00000000   Code   RO         5370    .ARM.Collect$$libinit$$0000000E  c_w.l(libinit2.o)
    0x08000242   0x08000242   0x00000000   Code   RO         5373    .ARM.Collect$$libinit$$00000011  c_w.l(libinit2.o)
    0x08000242   0x08000242   0x00000000   Code   RO         5375    .ARM.Collect$$libinit$$00000013  c_w.l(libinit2.o)
    0x08000242   0x08000242   0x00000000   Code   RO         5377    .ARM.Collect$$libinit$$00000015  c_w.l(libinit2.o)
    0x08000242   0x08000242   0x00000000   Code   RO         5379    .ARM.Collect$$libinit$$00000017  c_w.l(libinit2.o)
    0x08000242   0x08000242   0x00000000   Code   RO         5381    .ARM.Collect$$libinit$$00000019  c_w.l(libinit2.o)
    0x08000242   0x08000242   0x00000000   Code   RO         5383    .ARM.Collect$$libinit$$0000001B  c_w.l(libinit2.o)
    0x08000242   0x08000242   0x00000000   Code   RO         5385    .ARM.Collect$$libinit$$0000001D  c_w.l(libinit2.o)
    0x08000242   0x08000242   0x00000000   Code   RO         5387    .ARM.Collect$$libinit$$0000001F  c_w.l(libinit2.o)
    0x08000242   0x08000242   0x00000000   Code   RO         5389    .ARM.Collect$$libinit$$00000021  c_w.l(libinit2.o)
    0x08000242   0x08000242   0x00000000   Code   RO         5391    .ARM.Collect$$libinit$$00000023  c_w.l(libinit2.o)
    0x08000242   0x08000242   0x00000000   Code   RO         5393    .ARM.Collect$$libinit$$00000025  c_w.l(libinit2.o)
    0x08000242   0x08000242   0x00000000   Code   RO         5397    .ARM.Collect$$libinit$$0000002C  c_w.l(libinit2.o)
    0x08000242   0x08000242   0x00000000   Code   RO         5399    .ARM.Collect$$libinit$$0000002E  c_w.l(libinit2.o)
    0x08000242   0x08000242   0x00000000   Code   RO         5401    .ARM.Collect$$libinit$$00000030  c_w.l(libinit2.o)
    0x08000242   0x08000242   0x00000000   Code   RO         5403    .ARM.Collect$$libinit$$00000032  c_w.l(libinit2.o)
    0x08000242   0x08000242   0x00000002   Code   RO         5404    .ARM.Collect$$libinit$$00000033  c_w.l(libinit2.o)
    0x08000244   0x08000244   0x00000002   Code   RO         5437    .ARM.Collect$$libshutdown$$00000000  c_w.l(libshutdown.o)
    0x08000246   0x08000246   0x00000000   Code   RO         5463    .ARM.Collect$$libshutdown$$00000002  c_w.l(libshutdown2.o)
    0x08000246   0x08000246   0x00000000   Code   RO         5465    .ARM.Collect$$libshutdown$$00000004  c_w.l(libshutdown2.o)
    0x08000246   0x08000246   0x00000000   Code   RO         5468    .ARM.Collect$$libshutdown$$00000007  c_w.l(libshutdown2.o)
    0x08000246   0x08000246   0x00000000   Code   RO         5471    .ARM.Collect$$libshutdown$$0000000A  c_w.l(libshutdown2.o)
    0x08000246   0x08000246   0x00000000   Code   RO         5473    .ARM.Collect$$libshutdown$$0000000C  c_w.l(libshutdown2.o)
    0x08000246   0x08000246   0x00000000   Code   RO         5476    .ARM.Collect$$libshutdown$$0000000F  c_w.l(libshutdown2.o)
    0x08000246   0x08000246   0x00000002   Code   RO         5477    .ARM.Collect$$libshutdown$$00000010  c_w.l(libshutdown2.o)
    0x08000248   0x08000248   0x00000000   Code   RO         5230    .ARM.Collect$$rtentry$$00000000  c_w.l(__rtentry.o)
    0x08000248   0x08000248   0x00000000   Code   RO         5304    .ARM.Collect$$rtentry$$00000002  c_w.l(__rtentry2.o)
    0x08000248   0x08000248   0x00000006   Code   RO         5316    .ARM.Collect$$rtentry$$00000004  c_w.l(__rtentry4.o)
    0x0800024e   0x0800024e   0x00000000   Code   RO         5306    .ARM.Collect$$rtentry$$00000009  c_w.l(__rtentry2.o)
    0x0800024e   0x0800024e   0x00000004   Code   RO         5307    .ARM.Collect$$rtentry$$0000000A  c_w.l(__rtentry2.o)
    0x08000252   0x08000252   0x00000000   Code   RO         5309    .ARM.Collect$$rtentry$$0000000C  c_w.l(__rtentry2.o)
    0x08000252   0x08000252   0x00000008   Code   RO         5310    .ARM.Collect$$rtentry$$0000000D  c_w.l(__rtentry2.o)
    0x0800025a   0x0800025a   0x00000002   Code   RO         5352    .ARM.Collect$$rtexit$$00000000  c_w.l(rtexit.o)
    0x0800025c   0x0800025c   0x00000000   Code   RO         5410    .ARM.Collect$$rtexit$$00000002  c_w.l(rtexit2.o)
    0x0800025c   0x0800025c   0x00000004   Code   RO         5411    .ARM.Collect$$rtexit$$00000003  c_w.l(rtexit2.o)
    0x08000260   0x08000260   0x00000006   Code   RO         5412    .ARM.Collect$$rtexit$$00000004  c_w.l(rtexit2.o)
    0x08000266   0x08000266   0x00000002   PAD
    0x08000268   0x08000268   0x00000040   Code   RO            4    .text               startup_stm32l476xx.o
    0x080002a8   0x080002a8   0x000000ee   Code   RO         5166    .text               c_w.l(lludivv7m.o)
    0x08000396   0x08000396   0x0000008a   Code   RO         5170    .text               c_w.l(rt_memcpy_v6.o)
    0x08000420   0x08000420   0x00000064   Code   RO         5172    .text               c_w.l(rt_memcpy_w.o)
    0x08000484   0x08000484   0x0000004e   Code   RO         5174    .text               c_w.l(rt_memclr_w.o)
    0x080004d2   0x080004d2   0x00000006   Code   RO         5176    .text               c_w.l(heapauxi.o)
    0x080004d8   0x080004d8   0x00000016   Code   RO         5235    .text               c_w.l(_rserrno.o)
    0x080004ee   0x080004ee   0x00000002   PAD
    0x080004f0   0x080004f0   0x00000008   Code   RO         5323    .text               c_w.l(rt_errno_addr_intlibspace.o)
    0x080004f8   0x080004f8   0x00000008   Code   RO         5331    .text               c_w.l(libspace.o)
    0x08000500   0x08000500   0x0000004a   Code   RO         5334    .text               c_w.l(sys_stackheap_outer.o)
    0x0800054a   0x0800054a   0x00000012   Code   RO         5336    .text               c_w.l(exit.o)
    0x0800055c   0x0800055c   0x0000000c   Code   RO         5407    .text               c_w.l(sys_exit.o)
    0x08000568   0x08000568   0x00000002   Code   RO         5426    .text               c_w.l(use_no_semi.o)
    0x0800056a   0x0800056a   0x00000000   Code   RO         5428    .text               c_w.l(indicate_semi.o)
    0x0800056a   0x0800056a   0x00000002   PAD
    0x0800056c   0x0800056c   0x00000098   Code   RO         5027    .text.arm_cos_f32   arm_cortexM4lf_math.lib(arm_cos_f32.o)
    0x08000604   0x08000604   0x00000090   Code   RO         5036    .text.arm_sin_f32   arm_cortexM4lf_math.lib(arm_sin_f32.o)
    0x08000694   0x08000694   0x00000068   Code   RO          551    i.ADC_DMAConvCplt   stm32l4xx_hal_adc.o
    0x080006fc   0x080006fc   0x0000001a   Code   RO          552    i.ADC_DMAError      stm32l4xx_hal_adc.o
    0x08000716   0x08000716   0x0000000a   Code   RO          553    i.ADC_DMAHalfConvCplt  stm32l4xx_hal_adc.o
    0x08000720   0x08000720   0x000000ac   Code   RO          555    i.ADC_Enable        stm32l4xx_hal_adc.o
    0x080007cc   0x080007cc   0x00000034   Code   RO         4794    i.Battery_GetVbat   battery.o
    0x08000800   0x08000800   0x00000002   Code   RO          329    i.BusFault_Handler  stm32l4xx_it.o
    0x08000802   0x08000802   0x00000002   PAD
    0x08000804   0x08000804   0x00000018   Code   RO         4733    i.Buzzer_Init       buzzer.o
    0x0800081c   0x0800081c   0x0000000c   Code   RO          330    i.DMA1_Channel1_IRQHandler  stm32l4xx_it.o
    0x08000828   0x08000828   0x0000000c   Code   RO          331    i.DMA1_Channel4_IRQHandler  stm32l4xx_it.o
    0x08000834   0x08000834   0x0000000c   Code   RO          332    i.DMA1_Channel5_IRQHandler  stm32l4xx_it.o
    0x08000840   0x08000840   0x0000000c   Code   RO          333    i.DMA1_Channel6_IRQHandler  stm32l4xx_it.o
    0x0800084c   0x0800084c   0x0000000c   Code   RO          334    i.DMA1_Channel7_IRQHandler  stm32l4xx_it.o
    0x08000858   0x08000858   0x0000002e   Code   RO         1789    i.DMA_SetConfig     stm32l4xx_hal_dma.o
    0x08000886   0x08000886   0x00000002   Code   RO          335    i.DebugMon_Handler  stm32l4xx_it.o
    0x08000888   0x08000888   0x00000004   Code   RO           13    i.Error_Handler     main.o
    0x0800088c   0x0800088c   0x000000fc   Code   RO          798    i.HAL_ADCEx_MultiModeConfigChannel  stm32l4xx_hal_adc_ex.o
    0x08000988   0x08000988   0x000003fe   Code   RO          557    i.HAL_ADC_ConfigChannel  stm32l4xx_hal_adc.o
    0x08000d86   0x08000d86   0x00000002   Code   RO          558    i.HAL_ADC_ConvCpltCallback  stm32l4xx_hal_adc.o
    0x08000d88   0x08000d88   0x00000002   Code   RO          559    i.HAL_ADC_ConvHalfCpltCallback  stm32l4xx_hal_adc.o
    0x08000d8a   0x08000d8a   0x00000002   Code   RO          561    i.HAL_ADC_ErrorCallback  stm32l4xx_hal_adc.o
    0x08000d8c   0x08000d8c   0x000001c4   Code   RO          566    i.HAL_ADC_Init      stm32l4xx_hal_adc.o
    0x08000f50   0x08000f50   0x000000c8   Code   RO          460    i.HAL_ADC_MspInit   stm32l4xx_hal_msp.o
    0x08001018   0x08001018   0x0000010c   Code   RO          573    i.HAL_ADC_Start_DMA  stm32l4xx_hal_adc.o
    0x08001124   0x08001124   0x0000004a   Code   RO         1790    i.HAL_DMA_Abort     stm32l4xx_hal_dma.o
    0x0800116e   0x0800116e   0x0000004e   Code   RO         1791    i.HAL_DMA_Abort_IT  stm32l4xx_hal_dma.o
    0x080011bc   0x080011bc   0x000000ba   Code   RO         1795    i.HAL_DMA_IRQHandler  stm32l4xx_hal_dma.o
    0x08001276   0x08001276   0x00000002   PAD
    0x08001278   0x08001278   0x000000c0   Code   RO         1796    i.HAL_DMA_Init      stm32l4xx_hal_dma.o
    0x08001338   0x08001338   0x00000070   Code   RO         1800    i.HAL_DMA_Start_IT  stm32l4xx_hal_dma.o
    0x080013a8   0x080013a8   0x00000024   Code   RO          994    i.HAL_Delay         stm32l4xx_hal.o
    0x080013cc   0x080013cc   0x0000021e   Code   RO         1690    i.HAL_GPIO_Init     stm32l4xx_hal_gpio.o
    0x080015ea   0x080015ea   0x0000000a   Code   RO         1694    i.HAL_GPIO_WritePin  stm32l4xx_hal_gpio.o
    0x080015f4   0x080015f4   0x0000000c   Code   RO          998    i.HAL_GetTick       stm32l4xx_hal.o
    0x08001600   0x08001600   0x00000010   Code   RO         1004    i.HAL_IncTick       stm32l4xx_hal.o
    0x08001610   0x08001610   0x0000001e   Code   RO         1005    i.HAL_Init          stm32l4xx_hal.o
    0x0800162e   0x0800162e   0x00000002   PAD
    0x08001630   0x08001630   0x00000044   Code   RO         1006    i.HAL_InitTick      stm32l4xx_hal.o
    0x08001674   0x08001674   0x0000002c   Code   RO          461    i.HAL_MspInit       stm32l4xx_hal_msp.o
    0x080016a0   0x080016a0   0x0000001a   Code   RO         2287    i.HAL_NVIC_EnableIRQ  stm32l4xx_hal_cortex.o
    0x080016ba   0x080016ba   0x00000002   PAD
    0x080016bc   0x080016bc   0x00000040   Code   RO         2293    i.HAL_NVIC_SetPriority  stm32l4xx_hal_cortex.o
    0x080016fc   0x080016fc   0x00000024   Code   RO         2294    i.HAL_NVIC_SetPriorityGrouping  stm32l4xx_hal_cortex.o
    0x08001720   0x08001720   0x00000068   Code   RO         2017    i.HAL_PWREx_ControlVoltageScaling  stm32l4xx_hal_pwr_ex.o
    0x08001788   0x08001788   0x00000010   Code   RO         2050    i.HAL_PWREx_GetVoltageRange  stm32l4xx_hal_pwr_ex.o
    0x08001798   0x08001798   0x000003ae   Code   RO         1343    i.HAL_RCCEx_PeriphCLKConfig  stm32l4xx_hal_rcc_ex.o
    0x08001b46   0x08001b46   0x00000002   PAD
    0x08001b48   0x08001b48   0x00000144   Code   RO         1222    i.HAL_RCC_ClockConfig  stm32l4xx_hal_rcc.o
    0x08001c8c   0x08001c8c   0x00000024   Code   RO         1228    i.HAL_RCC_GetPCLK1Freq  stm32l4xx_hal_rcc.o
    0x08001cb0   0x08001cb0   0x00000024   Code   RO         1229    i.HAL_RCC_GetPCLK2Freq  stm32l4xx_hal_rcc.o
    0x08001cd4   0x08001cd4   0x000000a4   Code   RO         1231    i.HAL_RCC_GetSysClockFreq  stm32l4xx_hal_rcc.o
    0x08001d78   0x08001d78   0x00000518   Code   RO         1234    i.HAL_RCC_OscConfig  stm32l4xx_hal_rcc.o
    0x08002290   0x08002290   0x00000002   Code   RO         2506    i.HAL_SPI_ErrorCallback  stm32l4xx_hal_spi.o
    0x08002292   0x08002292   0x00000002   PAD
    0x08002294   0x08002294   0x000000fc   Code   RO         2509    i.HAL_SPI_IRQHandler  stm32l4xx_hal_spi.o
    0x08002390   0x08002390   0x000000e0   Code   RO         2510    i.HAL_SPI_Init      stm32l4xx_hal_spi.o
    0x08002470   0x08002470   0x00000104   Code   RO          463    i.HAL_SPI_MspInit   stm32l4xx_hal_msp.o
    0x08002574   0x08002574   0x00000184   Code   RO         2513    i.HAL_SPI_Receive   stm32l4xx_hal_spi.o
    0x080026f8   0x080026f8   0x00000158   Code   RO         2514    i.HAL_SPI_Receive_DMA  stm32l4xx_hal_spi.o
    0x08002850   0x08002850   0x00000010   Code   RO         4533    i.HAL_SPI_RxCpltCallback  icm_20948.o
    0x08002860   0x08002860   0x00000002   Code   RO         2517    i.HAL_SPI_RxHalfCpltCallback  stm32l4xx_hal_spi.o
    0x08002862   0x08002862   0x00000194   Code   RO         2518    i.HAL_SPI_Transmit  stm32l4xx_hal_spi.o
    0x080029f6   0x080029f6   0x00000278   Code   RO         2519    i.HAL_SPI_TransmitReceive  stm32l4xx_hal_spi.o
    0x08002c6e   0x08002c6e   0x00000002   PAD
    0x08002c70   0x08002c70   0x000001b4   Code   RO         2520    i.HAL_SPI_TransmitReceive_DMA  stm32l4xx_hal_spi.o
    0x08002e24   0x08002e24   0x00000002   Code   RO         2526    i.HAL_SPI_TxRxCpltCallback  stm32l4xx_hal_spi.o
    0x08002e26   0x08002e26   0x00000002   Code   RO         2527    i.HAL_SPI_TxRxHalfCpltCallback  stm32l4xx_hal_spi.o
    0x08002e28   0x08002e28   0x00000028   Code   RO         2298    i.HAL_SYSTICK_Config  stm32l4xx_hal_cortex.o
    0x08002e50   0x08002e50   0x00000002   Code   RO         3566    i.HAL_TIMEx_Break2Callback  stm32l4xx_hal_tim_ex.o
    0x08002e52   0x08002e52   0x00000002   Code   RO         3567    i.HAL_TIMEx_BreakCallback  stm32l4xx_hal_tim_ex.o
    0x08002e54   0x08002e54   0x00000002   Code   RO         3568    i.HAL_TIMEx_CommutCallback  stm32l4xx_hal_tim_ex.o
    0x08002e56   0x08002e56   0x00000002   PAD
    0x08002e58   0x08002e58   0x0000008c   Code   RO         3570    i.HAL_TIMEx_ConfigBreakDeadTime  stm32l4xx_hal_tim_ex.o
    0x08002ee4   0x08002ee4   0x0000009c   Code   RO         3588    i.HAL_TIMEx_MasterConfigSynchronization  stm32l4xx_hal_tim_ex.o
    0x08002f80   0x08002f80   0x000000c0   Code   RO         3599    i.HAL_TIMEx_PWMN_Start  stm32l4xx_hal_tim_ex.o
    0x08003040   0x08003040   0x00000062   Code   RO         2852    i.HAL_TIM_Base_Init  stm32l4xx_hal_tim.o
    0x080030a2   0x080030a2   0x00000002   PAD
    0x080030a4   0x080030a4   0x0000007c   Code   RO          465    i.HAL_TIM_Base_MspInit  stm32l4xx_hal_msp.o
    0x08003120   0x08003120   0x00000080   Code   RO         2857    i.HAL_TIM_Base_Start_IT  stm32l4xx_hal_tim.o
    0x080031a0   0x080031a0   0x000000e0   Code   RO         2861    i.HAL_TIM_ConfigClockSource  stm32l4xx_hal_tim.o
    0x08003280   0x08003280   0x000000a8   Code   RO         2873    i.HAL_TIM_Encoder_Init  stm32l4xx_hal_tim.o
    0x08003328   0x08003328   0x00000098   Code   RO          467    i.HAL_TIM_Encoder_MspInit  stm32l4xx_hal_msp.o
    0x080033c0   0x080033c0   0x0000008e   Code   RO         2876    i.HAL_TIM_Encoder_Start  stm32l4xx_hal_tim.o
    0x0800344e   0x0800344e   0x00000002   Code   RO         2886    i.HAL_TIM_IC_CaptureCallback  stm32l4xx_hal_tim.o
    0x08003450   0x08003450   0x0000014a   Code   RO         2900    i.HAL_TIM_IRQHandler  stm32l4xx_hal_tim.o
    0x0800359a   0x0800359a   0x00000002   PAD
    0x0800359c   0x0800359c   0x000000a8   Code   RO          468    i.HAL_TIM_MspPostInit  stm32l4xx_hal_msp.o
    0x08003644   0x08003644   0x00000002   Code   RO         2903    i.HAL_TIM_OC_DelayElapsedCallback  stm32l4xx_hal_tim.o
    0x08003646   0x08003646   0x00000124   Code   RO         2924    i.HAL_TIM_PWM_ConfigChannel  stm32l4xx_hal_tim.o
    0x0800376a   0x0800376a   0x00000062   Code   RO         2927    i.HAL_TIM_PWM_Init  stm32l4xx_hal_tim.o
    0x080037cc   0x080037cc   0x00000002   Code   RO         2929    i.HAL_TIM_PWM_MspInit  stm32l4xx_hal_tim.o
    0x080037ce   0x080037ce   0x00000002   Code   RO         2930    i.HAL_TIM_PWM_PulseFinishedCallback  stm32l4xx_hal_tim.o
    0x080037d0   0x080037d0   0x00000104   Code   RO         2932    i.HAL_TIM_PWM_Start  stm32l4xx_hal_tim.o
    0x080038d4   0x080038d4   0x00000028   Code   RO           14    i.HAL_TIM_PeriodElapsedCallback  main.o
    0x080038fc   0x080038fc   0x00000002   Code   RO         2943    i.HAL_TIM_TriggerCallback  stm32l4xx_hal_tim.o
    0x080038fe   0x080038fe   0x0000004a   Code   RO         4251    i.HAL_UARTEx_ReceiveToIdle_DMA  stm32l4xx_hal_uart_ex.o
    0x08003948   0x08003948   0x00000084   Code   RO         4822    i.HAL_UARTEx_RxEventCallback  uart.o
    0x080039cc   0x080039cc   0x00000002   Code   RO         4254    i.HAL_UARTEx_WakeupCallback  stm32l4xx_hal_uart_ex.o
    0x080039ce   0x080039ce   0x00000002   Code   RO         3876    i.HAL_UART_ErrorCallback  stm32l4xx_hal_uart.o
    0x080039d0   0x080039d0   0x000002c8   Code   RO         3879    i.HAL_UART_IRQHandler  stm32l4xx_hal_uart.o
    0x08003c98   0x08003c98   0x00000066   Code   RO         3880    i.HAL_UART_Init     stm32l4xx_hal_uart.o
    0x08003cfe   0x08003cfe   0x00000002   PAD
    0x08003d00   0x08003d00   0x000000f0   Code   RO          470    i.HAL_UART_MspInit  stm32l4xx_hal_msp.o
    0x08003df0   0x08003df0   0x00000002   Code   RO         3887    i.HAL_UART_RxCpltCallback  stm32l4xx_hal_uart.o
    0x08003df2   0x08003df2   0x00000002   Code   RO         3888    i.HAL_UART_RxHalfCpltCallback  stm32l4xx_hal_uart.o
    0x08003df4   0x08003df4   0x0000008c   Code   RO         3890    i.HAL_UART_Transmit_DMA  stm32l4xx_hal_uart.o
    0x08003e80   0x08003e80   0x00000040   Code   RO         4823    i.HAL_UART_TxCpltCallback  uart.o
    0x08003ec0   0x08003ec0   0x00000002   Code   RO         3893    i.HAL_UART_TxHalfCpltCallback  stm32l4xx_hal_uart.o
    0x08003ec2   0x08003ec2   0x00000002   Code   RO          336    i.HardFault_Handler  stm32l4xx_it.o
    0x08003ec4   0x08003ec4   0x0000000c   Code   RO          579    i.LL_ADC_GetOffsetChannel  stm32l4xx_hal_adc.o
    0x08003ed0   0x08003ed0   0x00000008   Code   RO          580    i.LL_ADC_INJ_IsConversionOngoing  stm32l4xx_hal_adc.o
    0x08003ed8   0x08003ed8   0x00000008   Code   RO          581    i.LL_ADC_REG_IsConversionOngoing  stm32l4xx_hal_adc.o
    0x08003ee0   0x08003ee0   0x00000008   Code   RO          808    i.LL_ADC_REG_IsConversionOngoing  stm32l4xx_hal_adc_ex.o
    0x08003ee8   0x08003ee8   0x00000010   Code   RO          582    i.LL_ADC_REG_IsTriggerSourceSWStart  stm32l4xx_hal_adc.o
    0x08003ef8   0x08003ef8   0x0000001e   Code   RO          584    i.LL_ADC_SetChannelSamplingTime  stm32l4xx_hal_adc.o
    0x08003f16   0x08003f16   0x00000010   Code   RO          585    i.LL_ADC_SetOffsetState  stm32l4xx_hal_adc.o
    0x08003f26   0x08003f26   0x00000002   PAD
    0x08003f28   0x08003f28   0x000000a0   Code   RO           15    i.MX_ADC1_Init      main.o
    0x08003fc8   0x08003fc8   0x0000006c   Code   RO           16    i.MX_DMA_Init       main.o
    0x08004034   0x08004034   0x000000e0   Code   RO           17    i.MX_GPIO_Init      main.o
    0x08004114   0x08004114   0x0000004c   Code   RO           18    i.MX_SPI2_Init      main.o
    0x08004160   0x08004160   0x000000e8   Code   RO           19    i.MX_TIM1_Init      main.o
    0x08004248   0x08004248   0x0000006c   Code   RO           20    i.MX_TIM2_Init      main.o
    0x080042b4   0x080042b4   0x00000070   Code   RO           21    i.MX_TIM3_Init      main.o
    0x08004324   0x08004324   0x0000006c   Code   RO           22    i.MX_TIM4_Init      main.o
    0x08004390   0x08004390   0x000000dc   Code   RO           23    i.MX_TIM8_Init      main.o
    0x0800446c   0x0800446c   0x00000038   Code   RO           24    i.MX_USART2_UART_Init  main.o
    0x080044a4   0x080044a4   0x00000002   Code   RO          337    i.MemManage_Handler  stm32l4xx_it.o
    0x080044a6   0x080044a6   0x00000002   Code   RO          338    i.NMI_Handler       stm32l4xx_it.o
    0x080044a8   0x080044a8   0x00000002   Code   RO          339    i.PendSV_Handler    stm32l4xx_it.o
    0x080044aa   0x080044aa   0x00000002   PAD
    0x080044ac   0x080044ac   0x0000012c   Code   RO         1347    i.RCCEx_PLLSAI1_Config  stm32l4xx_hal_rcc_ex.o
    0x080045d8   0x080045d8   0x00000108   Code   RO         1348    i.RCCEx_PLLSAI2_Config  stm32l4xx_hal_rcc_ex.o
    0x080046e0   0x080046e0   0x0000007c   Code   RO         1235    i.RCC_SetFlashLatencyFromMSIRange  stm32l4xx_hal_rcc.o
    0x0800475c   0x0800475c   0x0000000c   Code   RO          340    i.SPI2_IRQHandler   stm32l4xx_it.o
    0x08004768   0x08004768   0x00000012   Code   RO         2537    i.SPI_DMAAbortOnError  stm32l4xx_hal_spi.o
    0x0800477a   0x0800477a   0x00000022   Code   RO         2538    i.SPI_DMAError      stm32l4xx_hal_spi.o
    0x0800479c   0x0800479c   0x0000000a   Code   RO         2539    i.SPI_DMAHalfReceiveCplt  stm32l4xx_hal_spi.o
    0x080047a6   0x080047a6   0x0000000a   Code   RO         2541    i.SPI_DMAHalfTransmitReceiveCplt  stm32l4xx_hal_spi.o
    0x080047b0   0x080047b0   0x0000006c   Code   RO         2542    i.SPI_DMAReceiveCplt  stm32l4xx_hal_spi.o
    0x0800481c   0x0800481c   0x0000005c   Code   RO         2545    i.SPI_DMATransmitReceiveCplt  stm32l4xx_hal_spi.o
    0x08004878   0x08004878   0x00000074   Code   RO         2547    i.SPI_EndRxTransaction  stm32l4xx_hal_spi.o
    0x080048ec   0x080048ec   0x00000048   Code   RO         2548    i.SPI_EndRxTxTransaction  stm32l4xx_hal_spi.o
    0x08004934   0x08004934   0x000000e6   Code   RO         2553    i.SPI_WaitFifoStateUntilTimeout  stm32l4xx_hal_spi.o
    0x08004a1a   0x08004a1a   0x00000002   PAD
    0x08004a1c   0x08004a1c   0x000000b8   Code   RO         2554    i.SPI_WaitFlagStateUntilTimeout  stm32l4xx_hal_spi.o
    0x08004ad4   0x08004ad4   0x00000002   Code   RO          341    i.SVC_Handler       stm32l4xx_it.o
    0x08004ad6   0x08004ad6   0x00000004   Code   RO          342    i.SysTick_Handler   stm32l4xx_it.o
    0x08004ada   0x08004ada   0x00000074   Code   RO           25    i.SystemClock_Config  main.o
    0x08004b4e   0x08004b4e   0x00000002   PAD
    0x08004b50   0x08004b50   0x00000010   Code   RO         4334    i.SystemInit        system_stm32l4xx.o
    0x08004b60   0x08004b60   0x0000000c   Code   RO          343    i.TIM1_BRK_TIM15_IRQHandler  stm32l4xx_it.o
    0x08004b6c   0x08004b6c   0x0000000c   Code   RO          344    i.TIM4_IRQHandler   stm32l4xx_it.o
    0x08004b78   0x08004b78   0x000000d0   Code   RO         2945    i.TIM_Base_SetConfig  stm32l4xx_hal_tim.o
    0x08004c48   0x08004c48   0x0000001a   Code   RO         2946    i.TIM_CCxChannelCmd  stm32l4xx_hal_tim.o
    0x08004c62   0x08004c62   0x0000001a   Code   RO         3608    i.TIM_CCxNChannelCmd  stm32l4xx_hal_tim_ex.o
    0x08004c7c   0x08004c7c   0x00000014   Code   RO         2956    i.TIM_ETR_SetConfig  stm32l4xx_hal_tim.o
    0x08004c90   0x08004c90   0x00000010   Code   RO         2957    i.TIM_ITRx_SetConfig  stm32l4xx_hal_tim.o
    0x08004ca0   0x08004ca0   0x0000009c   Code   RO         2958    i.TIM_OC1_SetConfig  stm32l4xx_hal_tim.o
    0x08004d3c   0x08004d3c   0x00000090   Code   RO         2959    i.TIM_OC2_SetConfig  stm32l4xx_hal_tim.o
    0x08004dcc   0x08004dcc   0x00000090   Code   RO         2960    i.TIM_OC3_SetConfig  stm32l4xx_hal_tim.o
    0x08004e5c   0x08004e5c   0x00000074   Code   RO         2961    i.TIM_OC4_SetConfig  stm32l4xx_hal_tim.o
    0x08004ed0   0x08004ed0   0x00000070   Code   RO         2962    i.TIM_OC5_SetConfig  stm32l4xx_hal_tim.o
    0x08004f40   0x08004f40   0x00000070   Code   RO         2963    i.TIM_OC6_SetConfig  stm32l4xx_hal_tim.o
    0x08004fb0   0x08004fb0   0x00000022   Code   RO         2965    i.TIM_TI1_ConfigInputStage  stm32l4xx_hal_tim.o
    0x08004fd2   0x08004fd2   0x00000024   Code   RO         2967    i.TIM_TI2_ConfigInputStage  stm32l4xx_hal_tim.o
    0x08004ff6   0x08004ff6   0x00000002   PAD
    0x08004ff8   0x08004ff8   0x00000028   Code   RO         4926    i.Telemetry_Init    telemetry.o
    0x08005020   0x08005020   0x0000011c   Code   RO         4927    i.Telemetry_RxByte  telemetry.o
    0x0800513c   0x0800513c   0x000000d4   Code   RO         4928    i.Telemetry_SendEuler  telemetry.o
    0x08005210   0x08005210   0x000000c8   Code   RO         3894    i.UART_AdvFeatureConfig  stm32l4xx_hal_uart.o
    0x080052d8   0x080052d8   0x000000a8   Code   RO         3895    i.UART_CheckIdleState  stm32l4xx_hal_uart.o
    0x08005380   0x08005380   0x00000014   Code   RO         3896    i.UART_DMAAbortOnError  stm32l4xx_hal_uart.o
    0x08005394   0x08005394   0x0000004e   Code   RO         3897    i.UART_DMAError     stm32l4xx_hal_uart.o
    0x080053e2   0x080053e2   0x00000086   Code   RO         3898    i.UART_DMAReceiveCplt  stm32l4xx_hal_uart.o
    0x08005468   0x08005468   0x00000020   Code   RO         3900    i.UART_DMARxHalfCplt  stm32l4xx_hal_uart.o
    0x08005488   0x08005488   0x00000042   Code   RO         3902    i.UART_DMATransmitCplt  stm32l4xx_hal_uart.o
    0x080054ca   0x080054ca   0x0000000a   Code   RO         3904    i.UART_DMATxHalfCplt  stm32l4xx_hal_uart.o
    0x080054d4   0x080054d4   0x0000004c   Code   RO         3906    i.UART_EndRxTransfer  stm32l4xx_hal_uart.o
    0x08005520   0x08005520   0x00000018   Code   RO         3907    i.UART_EndTxTransfer  stm32l4xx_hal_uart.o
    0x08005538   0x08005538   0x00000018   Code   RO         4826    i.UART_Init         uart.o
    0x08005550   0x08005550   0x0000000a   Code   RO         4828    i.UART_ReadByte     uart.o
    0x0800555a   0x0800555a   0x00000002   PAD
    0x0800555c   0x0800555c   0x00000058   Code   RO         4829    i.UART_Send         uart.o
    0x080055b4   0x080055b4   0x00000248   Code   RO         3910    i.UART_SetConfig    stm32l4xx_hal_uart.o
    0x080057fc   0x080057fc   0x000000a0   Code   RO         3911    i.UART_Start_Receive_DMA  stm32l4xx_hal_uart.o
    0x0800589c   0x0800589c   0x00000094   Code   RO         3915    i.UART_WaitOnFlagUntilTimeout  stm32l4xx_hal_uart.o
    0x08005930   0x08005930   0x0000000c   Code   RO          345    i.USART2_IRQHandler  stm32l4xx_it.o
    0x0800593c   0x0800593c   0x00000002   Code   RO          346    i.UsageFault_Handler  stm32l4xx_it.o
    0x0800593e   0x0800593e   0x00000030   Code   RO         5286    i.__ARM_fpclassify  m_wm.l(fpclassify.o)
    0x0800596e   0x0800596e   0x00000020   Code   RO         2300    i.__NVIC_SetPriority  stm32l4xx_hal_cortex.o
    0x0800598e   0x0800598e   0x00000002   PAD
    0x08005990   0x08005990   0x000002d8   Code   RO         5252    i.__hardfp_atan     m_wm.l(atan.o)
    0x08005c68   0x08005c68   0x000001f0   Code   RO         5204    i.__hardfp_atan2    m_wm.l(atan2.o)
    0x08005e58   0x08005e58   0x00000c80   Code   RO         5216    i.__hardfp_pow      m_wm.l(pow.o)
    0x08006ad8   0x08006ad8   0x000000f8   Code   RO         5288    i.__kernel_poly     m_wm.l(poly.o)
    0x08006bd0   0x08006bd0   0x00000030   Code   RO         5266    i.__mathlib_dbl_divzero  m_wm.l(dunder.o)
    0x08006c00   0x08006c00   0x00000014   Code   RO         5267    i.__mathlib_dbl_infnan  m_wm.l(dunder.o)
    0x08006c14   0x08006c14   0x00000014   Code   RO         5268    i.__mathlib_dbl_infnan2  m_wm.l(dunder.o)
    0x08006c28   0x08006c28   0x00000020   Code   RO         5269    i.__mathlib_dbl_invalid  m_wm.l(dunder.o)
    0x08006c48   0x08006c48   0x00000020   Code   RO         5270    i.__mathlib_dbl_overflow  m_wm.l(dunder.o)
    0x08006c68   0x08006c68   0x00000020   Code   RO         5272    i.__mathlib_dbl_underflow  m_wm.l(dunder.o)
    0x08006c88   0x08006c88   0x0000012c   Code   RO         4675    i.acc_mag2euler     euler_angles.o
    0x08006db4   0x08006db4   0x00000010   Code   RO         4538    i.activate_imu      icm_20948.o
    0x08006dc4   0x08006dc4   0x000000b2   Code   RO         4539    i.ak09916_mag_init  icm_20948.o
    0x08006e76   0x08006e76   0x0000003e   Code   RO         4540    i.ak09916_write_reg  icm_20948.o
    0x08006eb4   0x08006eb4   0x0000005e   Code   RO         4503    i.apply_average_filter  moving_average_filter.o
    0x08006f12   0x08006f12   0x00000010   Code   RO         5254    i.atan              m_wm.l(atan.o)
    0x08006f22   0x08006f22   0x00000002   PAD
    0x08006f24   0x08006f24   0x00000020   Code   RO         4929    i.clamp_i16         telemetry.o
    0x08006f44   0x08006f44   0x0000008c   Code   RO         4676    i.complementary_filter_euler  euler_angles.o
    0x08006fd0   0x08006fd0   0x0000002a   Code   RO         4831    i.count_bytes       uart.o
    0x08006ffa   0x08006ffa   0x0000003c   Code   RO         4930    i.crc16_ccitt       telemetry.o
    0x08007036   0x08007036   0x00000002   PAD
    0x08007038   0x08007038   0x00000010   Code   RO         4541    i.deactivate_imu    icm_20948.o
    0x08007048   0x08007048   0x0000000a   Code   RO         4373    i.enable_motor      motor_control.o
    0x08007052   0x08007052   0x00000018   Code   RO         5282    i.fabs              m_wm.l(fabs.o)
    0x0800706a   0x0800706a   0x00000002   PAD
    0x0800706c   0x0800706c   0x000000e8   Code   RO         4428    i.get_encoder_speed  motor_encoder.o
    0x08007154   0x08007154   0x0000009c   Code   RO         4542    i.icm_20948_init    icm_20948.o
    0x080071f0   0x080071f0   0x000000bc   Code   RO         4543    i.icm_20948_read_data  icm_20948.o
    0x080072ac   0x080072ac   0x00000038   Code   RO         4544    i.icm_20948_read_reg  icm_20948.o
    0x080072e4   0x080072e4   0x0000002c   Code   RO         4545    i.icm_20948_write_reg  icm_20948.o
    0x08007310   0x08007310   0x00000234   Code   RO           26    i.main              main.o
    0x08007544   0x08007544   0x0000000c   Code   RO         4832    i.next_idx          uart.o
    0x08007550   0x08007550   0x0000009c   Code   RO         4546    i.remove_gyro_bias  icm_20948.o
    0x080075ec   0x080075ec   0x00000030   Code   RO         4504    i.reset_average_filter  moving_average_filter.o
    0x0800761c   0x0800761c   0x00000020   Code   RO         4429    i.reset_encoder     motor_encoder.o
    0x0800763c   0x0800763c   0x00000014   Code   RO         4465    i.reset_pid         pid_control.o
    0x08007650   0x08007650   0x00000046   Code   RO         4985    i.rgb_apply         rgb.o
    0x08007696   0x08007696   0x0000002c   Code   RO         4987    i.rgb_init          rgb.o
    0x080076c2   0x080076c2   0x00000042   Code   RO         4988    i.rgb_setcolor      rgb.o
    0x08007704   0x08007704   0x00000030   Code   RO         4833    i.rx_pop            uart.o
    0x08007734   0x08007734   0x00000034   Code   RO         4547    i.sel_user_bank     icm_20948.o
    0x08007768   0x08007768   0x00000238   Code   RO         4645    i.sensor2imu        imu_data.o
    0x080079a0   0x080079a0   0x0000006e   Code   RO         5293    i.sqrt              m_wm.l(sqrt.o)
    0x08007a0e   0x08007a0e   0x00000002   PAD
    0x08007a10   0x08007a10   0x00000028   Code   RO         4834    i.start_rx_dma_to_idle  uart.o
    0x08007a38   0x08007a38   0x00000058   Code   RO         4835    i.tx_kick           uart.o
    0x08007a90   0x08007a90   0x00000154   Code   RO         4677    i.update_euler_gyro  euler_angles.o
    0x08007be4   0x08007be4   0x00000018   Code   RO         5237    x$fpl$basic         fz_wm.l(basic.o)
    0x08007bfc   0x08007bfc   0x00000062   Code   RO         5180    x$fpl$d2f           fz_wm.l(d2f.o)
    0x08007c5e   0x08007c5e   0x00000002   PAD
    0x08007c60   0x08007c60   0x00000150   Code   RO         5182    x$fpl$dadd          fz_wm.l(daddsub_clz.o)
    0x08007db0   0x08007db0   0x00000010   Code   RO         5325    x$fpl$dcheck1       fz_wm.l(dcheck1.o)
    0x08007dc0   0x08007dc0   0x00000018   Code   RO         5348    x$fpl$dcmpinf       fz_wm.l(dcmpi.o)
    0x08007dd8   0x08007dd8   0x000002b0   Code   RO         5189    x$fpl$ddiv          fz_wm.l(ddiv.o)
    0x08008088   0x08008088   0x0000002e   Code   RO         5193    x$fpl$dflt          fz_wm.l(dflt_clz.o)
    0x080080b6   0x080080b6   0x00000002   PAD
    0x080080b8   0x080080b8   0x00000078   Code   RO         5327    x$fpl$dleqf         fz_wm.l(dleqf.o)
    0x08008130   0x08008130   0x00000154   Code   RO         5198    x$fpl$dmul          fz_wm.l(dmul.o)
    0x08008284   0x08008284   0x0000009c   Code   RO         5239    x$fpl$dnaninf       fz_wm.l(dnaninf.o)
    0x08008320   0x08008320   0x0000000c   Code   RO         5241    x$fpl$dretinf       fz_wm.l(dretinf.o)
    0x0800832c   0x0800832c   0x0000006c   Code   RO         5243    x$fpl$drleqf        fz_wm.l(drleqf.o)
    0x08008398   0x08008398   0x00000016   Code   RO         5183    x$fpl$drsb          fz_wm.l(daddsub_clz.o)
    0x080083ae   0x080083ae   0x00000002   PAD
    0x080083b0   0x080083b0   0x00000198   Code   RO         5329    x$fpl$dsqrt         fz_wm.l(dsqrt_umaal.o)
    0x08008548   0x08008548   0x000001d4   Code   RO         5184    x$fpl$dsub          fz_wm.l(daddsub_clz.o)
    0x0800871c   0x0800871c   0x00000056   Code   RO         5200    x$fpl$f2d           fz_wm.l(f2d.o)
    0x08008772   0x08008772   0x00000060   Code   RO         5202    x$fpl$ffltll        fz_wm.l(ffltll_clz.o)
    0x080087d2   0x080087d2   0x0000008c   Code   RO         5245    x$fpl$fnaninf       fz_wm.l(fnaninf.o)
    0x0800885e   0x0800885e   0x0000000a   Code   RO         5422    x$fpl$fpinit        fz_wm.l(fpinit.o)
    0x08008868   0x08008868   0x0000000a   Code   RO         5247    x$fpl$fretinf       fz_wm.l(fretinf.o)
    0x08008872   0x08008872   0x00000064   Code   RO         5350    x$fpl$retnan        fz_wm.l(retnan.o)
    0x080088d6   0x080088d6   0x0000005c   Code   RO         5249    x$fpl$scalbn        fz_wm.l(scalbn.o)
    0x08008932   0x08008932   0x00000030   Code   RO         5405    x$fpl$trapveneer    fz_wm.l(trapv.o)
    0x08008962   0x08008962   0x00000000   Code   RO         5251    x$fpl$usenofp       fz_wm.l(usenofp.o)
    0x08008962   0x08008962   0x00000002   PAD
    0x08008964   0x08008964   0x00000030   Data   RO           35    .constdata          main.o
    0x08008994   0x08008994   0x00000040   Data   RO         4335    .constdata          system_stm32l4xx.o
    0x080089d4   0x080089d4   0x00000008   Data   RO         4336    .constdata          system_stm32l4xx.o
    0x080089dc   0x080089dc   0x00000004   PAD
    0x080089e0   0x080089e0   0x00000088   Data   RO         5219    .constdata          m_wm.l(pow.o)
    0x08008a68   0x08008a68   0x00000098   Data   RO         5255    .constdata          m_wm.l(atan.o)
    0x08008b00   0x08008b00   0x00000008   Data   RO         5290    .constdata          m_wm.l(qnan.o)
    0x08008b08   0x08008b08   0x00000804   Data   RO         5157    .rodata.sinTable_f32  arm_cortexM4lf_math.lib(arm_common_tables.o)
    0x0800930c   0x0800930c   0x00000020   Data   RO         5478    Region$$Table       anon$$obj.o


    Execution Region RW_IRAM2 (Exec base: 0x10000000, Load base: 0x08009358, Size: 0x00000000, Max: 0x00008000, ABSOLUTE)

    **** No section assigned to this execution region ****


    Execution Region RW_IRAM1 (Exec base: 0x20000000, Load base: 0x0800932c, Size: 0x00001128, Max: 0x00018000, ABSOLUTE, COMPRESSED[0x0000002c])

    Exec Addr    Load Addr    Size         Type   Attr      Idx    E Section Name        Object

    0x20000000   COMPRESSED   0x00000120   Data   RW           37    .data               main.o
    0x20000120   COMPRESSED   0x0000000c   Data   RW         1022    .data               stm32l4xx_hal.o
    0x2000012c   COMPRESSED   0x00000004   Data   RW         4337    .data               system_stm32l4xx.o
    0x20000130   COMPRESSED   0x00000001   Data   RW         4679    .data               euler_angles.o
    0x20000131   COMPRESSED   0x00000001   PAD
    0x20000132   COMPRESSED   0x0000000c   Data   RW         4837    .data               uart.o
    0x2000013e   COMPRESSED   0x00000012   Data   RW         4932    .data               telemetry.o
    0x20000150        -       0x00000340   Zero   RW           27    .bss                main.o
    0x20000490        -       0x00000048   Zero   RW           28    .bss                main.o
    0x200004d8        -       0x00000048   Zero   RW           29    .bss                main.o
    0x20000520        -       0x00000048   Zero   RW           30    .bss                main.o
    0x20000568        -       0x00000048   Zero   RW           31    .bss                main.o
    0x200005b0        -       0x00000048   Zero   RW           32    .bss                main.o
    0x200005f8        -       0x00000014   Zero   RW         4548    .bss                icm_20948.o
    0x2000060c        -       0x0000000c   Zero   RW         4678    .bss                euler_angles.o
    0x20000618        -       0x00000480   Zero   RW         4836    .bss                uart.o
    0x20000a98        -       0x0000002c   Zero   RW         4931    .bss                telemetry.o
    0x20000ac4        -       0x00000060   Zero   RW         5332    .bss                c_w.l(libspace.o)
    0x20000b24   COMPRESSED   0x00000004   PAD
    0x20000b28        -       0x00000200   Zero   RW            2    HEAP                startup_stm32l476xx.o
    0x20000d28        -       0x00000400   Zero   RW            1    STACK               startup_stm32l476xx.o


==============================================================================

Image component sizes


      Code (inc. data)   RO Data    RW Data    ZI Data      Debug   Object Name

        52         14          0          0          0        558   battery.o
        24          4          0          0          0        502   buzzer.o
       780         42          0          1         12       3485   euler_angles.o
       940         52          0          0         20       9635   icm_20948.o
       568         32          0          0          0      18517   imu_data.o
      2128        138         48        288       1192     918510   main.o
        10          0          0          0          0       1383   motor_control.o
       264         16          0          0          0       3060   motor_encoder.o
       142          4          0          0          0       1734   moving_average_filter.o
        20          6          0          0          0       1376   pid_control.o
       180          6          0          0          0       3546   rgb.o
        64         26        392          0       1536        876   startup_stm32l476xx.o
       162         24          0         12          0      14653   stm32l4xx_hal.o
      2150        144          0          0          0      72321   stm32l4xx_hal_adc.o
       260         18          0          0          0      60231   stm32l4xx_hal_adc_ex.o
       198         14          0          0          0      34031   stm32l4xx_hal_cortex.o
       688         14          0          0          0       5402   stm32l4xx_hal_dma.o
       552         36          0          0          0       2452   stm32l4xx_hal_gpio.o
      1188        122          0          0          0       6304   stm32l4xx_hal_msp.o
       120         20          0          0          0       1434   stm32l4xx_hal_pwr_ex.o
      1988         98          0          0          0       7148   stm32l4xx_hal_rcc.o
      1506         44          0          0          0       4180   stm32l4xx_hal_rcc_ex.o
      3562         50          0          0          0      20022   stm32l4xx_hal_spi.o
      2874        256          0          0          0      21601   stm32l4xx_hal_tim.o
       520         62          0          0          0       5739   stm32l4xx_hal_tim_ex.o
      2662         98          0          0          0      17075   stm32l4xx_hal_uart.o
        76          0          0          0          0       2023   stm32l4xx_hal_uart_ex.o
       128         54          0          0          0       9053   stm32l4xx_it.o
        16          4         72          4          0       1281   system_stm32l4xx.o
       628         50          0         18         44       6228   telemetry.o
       548         64          0         12       1152       7052   uart.o

    ----------------------------------------------------------------------
     25036       1512        548        336       3956    1261412   Object Totals
         0          0         32          0          0          0   (incl. Generated)
        38          0          4          1          0          0   (incl. Padding)

    ----------------------------------------------------------------------

      Code (inc. data)   RO Data    RW Data    ZI Data      Debug   Library Member Name

         0          0       2052          0          0       6294   arm_common_tables.o
       152         12          0          0          0       1104   arm_cos_f32.o
       144         12          0          0          0       1092   arm_sin_f32.o
        90          0          0          0          0          0   __dczerorl2.o
         8          0          0          0          0         68   __main.o
         0          0          0          0          0          0   __rtentry.o
        12          0          0          0          0          0   __rtentry2.o
         6          0          0          0          0          0   __rtentry4.o
        52          8          0          0          0          0   __scatter.o
        28          0          0          0          0          0   __scatter_zi.o
        22          0          0          0          0        100   _rserrno.o
        18          0          0          0          0         80   exit.o
         6          0          0          0          0        152   heapauxi.o
         0          0          0          0          0          0   indicate_semi.o
         2          0          0          0          0          0   libinit.o
         6          0          0          0          0          0   libinit2.o
         2          0          0          0          0          0   libshutdown.o
         2          0          0          0          0          0   libshutdown2.o
         8          4          0          0         96         68   libspace.o
       238          0          0          0          0        100   lludivv7m.o
         8          4          0          0          0         68   rt_errno_addr_intlibspace.o
        78          0          0          0          0         80   rt_memclr_w.o
       138          0          0          0          0         68   rt_memcpy_v6.o
       100          0          0          0          0         80   rt_memcpy_w.o
         2          0          0          0          0          0   rtexit.o
        10          0          0          0          0          0   rtexit2.o
        12          4          0          0          0         68   sys_exit.o
        74          0          0          0          0         80   sys_stackheap_outer.o
         2          0          0          0          0         68   use_no_semi.o
        24          0          0          0          0        164   basic.o
        98          4          0          0          0        140   d2f.o
       826         16          0          0          0        492   daddsub_clz.o
        16          4          0          0          0        116   dcheck1.o
        24          0          0          0          0        116   dcmpi.o
       688        140          0          0          0        256   ddiv.o
        46          0          0          0          0        116   dflt_clz.o
       120          4          0          0          0        140   dleqf.o
       340         12          0          0          0        152   dmul.o
       156          4          0          0          0        140   dnaninf.o
        12          0          0          0          0        116   dretinf.o
       108          0          0          0          0        128   drleqf.o
       408         56          0          0          0        168   dsqrt_umaal.o
        86          4          0          0          0        132   f2d.o
        96          0          0          0          0        132   ffltll_clz.o
       140          4          0          0          0        132   fnaninf.o
        10          0          0          0          0        116   fpinit.o
        10          0          0          0          0        116   fretinf.o
       100          0          0          0          0        116   retnan.o
        92          0          0          0          0        116   scalbn.o
        48          0          0          0          0        116   trapv.o
         0          0          0          0          0          0   usenofp.o
       744        106        152          0          0        352   atan.o
       496         64          0          0          0        192   atan2.o
       184         44          0          0          0        744   dunder.o
        24          0          0          0          0        124   fabs.o
        48          0          0          0          0        124   fpclassify.o
       248          0          0          0          0        152   poly.o
      3200        296        136          0          0        352   pow.o
         0          0          8          0          0          0   qnan.o
       110          0          0          0          0        148   sqrt.o

    ----------------------------------------------------------------------
      9744        802       2348          0        100      14978   Library Totals
        22          0          0          0          4          0   (incl. Padding)

    ----------------------------------------------------------------------

      Code (inc. data)   RO Data    RW Data    ZI Data      Debug   Library Name

       296         24       2052          0          0       8490   arm_cortexM4lf_math.lib
       924         20          0          0         96       1080   c_w.l
      3448        248          0          0          0       3220   fz_wm.l
      5054        510        296          0          0       2188   m_wm.l

    ----------------------------------------------------------------------
      9744        802       2348          0        100      14978   Library Totals

    ----------------------------------------------------------------------

==============================================================================


      Code (inc. data)   RO Data    RW Data    ZI Data      Debug   

     34780       2314       2896        336       4056    1253106   Grand Totals
     34780       2314       2896         44       4056    1253106   ELF Image Totals (compressed)
     34780       2314       2896         44          0          0   ROM Totals

==============================================================================

    Total RO  Size (Code + RO Data)                37676 (  36.79kB)
    Total RW  Size (RW Data + ZI Data)              4392 (   4.29kB)
    Total ROM Size (Code + RO Data + RW Data)      37720 (  36.84kB)

==============================================================================

