Component: ARM Compiler 5.06 update 6 (build 750) Tool: armlink [4d35ed]

==============================================================================

Section Cross References

    startup_stm32l476xx.o(STACK) refers (Special) to heapauxi.o(.text) for __use_two_region_memory
    startup_stm32l476xx.o(HEAP) refers (Special) to heapauxi.o(.text) for __use_two_region_memory
    startup_stm32l476xx.o(RESET) refers (Special) to heapauxi.o(.text) for __use_two_region_memory
    startup_stm32l476xx.o(RESET) refers to startup_stm32l476xx.o(STACK) for __initial_sp
    startup_stm32l476xx.o(RESET) refers to startup_stm32l476xx.o(.text) for Reset_Handler
    startup_stm32l476xx.o(RESET) refers to stm32l4xx_it.o(i.NMI_Handler) for NMI_Handler
    startup_stm32l476xx.o(RESET) refers to stm32l4xx_it.o(i.HardFault_Handler) for HardFault_Handler
    startup_stm32l476xx.o(RESET) refers to stm32l4xx_it.o(i.MemManage_Handler) for MemManage_Handler
    startup_stm32l476xx.o(RESET) refers to stm32l4xx_it.o(i.BusFault_Handler) for BusFault_Handler
    startup_stm32l476xx.o(RESET) refers to stm32l4xx_it.o(i.UsageFault_Handler) for UsageFault_Handler
    startup_stm32l476xx.o(RESET) refers to stm32l4xx_it.o(i.SVC_Handler) for SVC_Handler
    startup_stm32l476xx.o(RESET) refers to stm32l4xx_it.o(i.DebugMon_Handler) for DebugMon_Handler
    startup_stm32l476xx.o(RESET) refers to stm32l4xx_it.o(i.PendSV_Handler) for PendSV_Handler
    startup_stm32l476xx.o(RESET) refers to stm32l4xx_it.o(i.SysTick_Handler) for SysTick_Handler
    startup_stm32l476xx.o(RESET) refers to stm32l4xx_it.o(i.DMA1_Channel4_IRQHandler) for DMA1_Channel4_IRQHandler
    startup_stm32l476xx.o(RESET) refers to stm32l4xx_it.o(i.DMA1_Channel5_IRQHandler) for DMA1_Channel5_IRQHandler
    startup_stm32l476xx.o(RESET) refers to stm32l4xx_it.o(i.TIM1_BRK_TIM15_IRQHandler) for TIM1_BRK_TIM15_IRQHandler
    startup_stm32l476xx.o(RESET) refers to stm32l4xx_it.o(i.TIM4_IRQHandler) for TIM4_IRQHandler
    startup_stm32l476xx.o(RESET) refers to stm32l4xx_it.o(i.SPI2_IRQHandler) for SPI2_IRQHandler
    startup_stm32l476xx.o(.text) refers (Special) to heapauxi.o(.text) for __use_two_region_memory
    startup_stm32l476xx.o(.text) refers to system_stm32l4xx.o(i.SystemInit) for SystemInit
    startup_stm32l476xx.o(.text) refers to __main.o(!!!main) for __main
    startup_stm32l476xx.o(.text) refers to startup_stm32l476xx.o(HEAP) for Heap_Mem
    startup_stm32l476xx.o(.text) refers to startup_stm32l476xx.o(STACK) for Stack_Mem
    main.o(i.HAL_TIM_PeriodElapsedCallback) refers to main.o(.data) for .data
    main.o(i.MX_GPIO_Init) refers to rt_memclr_w.o(.text) for __aeabi_memclr4
    main.o(i.MX_GPIO_Init) refers to stm32l4xx_hal_gpio.o(i.HAL_GPIO_WritePin) for HAL_GPIO_WritePin
    main.o(i.MX_GPIO_Init) refers to stm32l4xx_hal_gpio.o(i.HAL_GPIO_Init) for HAL_GPIO_Init
    main.o(i.MX_SPI2_Init) refers to stm32l4xx_hal_spi.o(i.HAL_SPI_Init) for HAL_SPI_Init
    main.o(i.MX_SPI2_Init) refers to main.o(.bss) for .bss
    main.o(i.MX_TIM1_Init) refers to rt_memclr_w.o(.text) for __aeabi_memclr4
    main.o(i.MX_TIM1_Init) refers to stm32l4xx_hal_tim.o(i.HAL_TIM_Base_Init) for HAL_TIM_Base_Init
    main.o(i.MX_TIM1_Init) refers to stm32l4xx_hal_tim.o(i.HAL_TIM_ConfigClockSource) for HAL_TIM_ConfigClockSource
    main.o(i.MX_TIM1_Init) refers to stm32l4xx_hal_tim.o(i.HAL_TIM_PWM_Init) for HAL_TIM_PWM_Init
    main.o(i.MX_TIM1_Init) refers to stm32l4xx_hal_tim_ex.o(i.HAL_TIMEx_MasterConfigSynchronization) for HAL_TIMEx_MasterConfigSynchronization
    main.o(i.MX_TIM1_Init) refers to stm32l4xx_hal_tim.o(i.HAL_TIM_PWM_ConfigChannel) for HAL_TIM_PWM_ConfigChannel
    main.o(i.MX_TIM1_Init) refers to stm32l4xx_hal_tim_ex.o(i.HAL_TIMEx_ConfigBreakDeadTime) for HAL_TIMEx_ConfigBreakDeadTime
    main.o(i.MX_TIM1_Init) refers to stm32l4xx_hal_msp.o(i.HAL_TIM_MspPostInit) for HAL_TIM_MspPostInit
    main.o(i.MX_TIM1_Init) refers to main.o(.bss) for .bss
    main.o(i.MX_TIM2_Init) refers to rt_memclr_w.o(.text) for __aeabi_memclr4
    main.o(i.MX_TIM2_Init) refers to stm32l4xx_hal_tim.o(i.HAL_TIM_Encoder_Init) for HAL_TIM_Encoder_Init
    main.o(i.MX_TIM2_Init) refers to stm32l4xx_hal_tim_ex.o(i.HAL_TIMEx_MasterConfigSynchronization) for HAL_TIMEx_MasterConfigSynchronization
    main.o(i.MX_TIM2_Init) refers to stm32l4xx_hal_tim.o(i.HAL_TIM_Encoder_Start) for HAL_TIM_Encoder_Start
    main.o(i.MX_TIM2_Init) refers to main.o(.bss) for .bss
    main.o(i.MX_TIM3_Init) refers to rt_memclr_w.o(.text) for __aeabi_memclr4
    main.o(i.MX_TIM3_Init) refers to stm32l4xx_hal_tim.o(i.HAL_TIM_Encoder_Init) for HAL_TIM_Encoder_Init
    main.o(i.MX_TIM3_Init) refers to stm32l4xx_hal_tim_ex.o(i.HAL_TIMEx_MasterConfigSynchronization) for HAL_TIMEx_MasterConfigSynchronization
    main.o(i.MX_TIM3_Init) refers to stm32l4xx_hal_tim.o(i.HAL_TIM_Encoder_Start) for HAL_TIM_Encoder_Start
    main.o(i.MX_TIM3_Init) refers to main.o(.bss) for .bss
[...]
    i.__mathlib_dbl_overflow                 0x080056d8   Section        0  dunder.o(i.__mathlib_dbl_overflow)
    i.__mathlib_dbl_underflow                0x080056f8   Section        0  dunder.o(i.__mathlib_dbl_underflow)
    i.acc_mag2euler                          0x08005718   Section        0  euler_angles.o(i.acc_mag2euler)
    i.activate_imu                           0x08005844   Section        0  icm_20948.o(i.activate_imu)
    activate_imu                             0x08005845   Thumb Code    10  icm_20948.o(i.activate_imu)
    i.ak09916_mag_init                       0x08005854   Section        0  icm_20948.o(i.ak09916_mag_init)
    ak09916_mag_init                         0x08005855   Thumb Code   178  icm_20948.o(i.ak09916_mag_init)
    i.ak09916_write_reg                      0x08005906   Section        0  icm_20948.o(i.ak09916_write_reg)
    ak09916_write_reg                        0x08005907   Thumb Code    62  icm_20948.o(i.ak09916_write_reg)
    i.apply_average_filter                   0x08005944   Section        0  moving_average_filter.o(i.apply_average_filter)
    i.atan                                   0x080059a2   Section        0  atan.o(i.atan)
    i.complementary_filter_euler             0x080059b4   Section        0  euler_angles.o(i.complementary_filter_euler)
    i.deactivate_imu                         0x08005a40   Section        0  icm_20948.o(i.deactivate_imu)
    deactivate_imu                           0x08005a41   Thumb Code    10  icm_20948.o(i.deactivate_imu)
    i.enable_motor                           0x08005a50   Section        0  motor_control.o(i.enable_motor)
    i.fabs                                   0x08005a5a   Section        0  fabs.o(i.fabs)
    i.get_encoder_speed                      0x08005a74   Section        0  motor_encoder.o(i.get_encoder_speed)
    i.icm_20948_init                         0x08005b5c   Section        0  icm_20948.o(i.icm_20948_init)
    i.icm_20948_read_data                    0x08005bf8   Section        0  icm_20948.o(i.icm_20948_read_data)
    i.icm_20948_read_reg                     0x08005cb4   Section        0  icm_20948.o(i.icm_20948_read_reg)
    i.icm_20948_write_reg                    0x08005cec   Section        0  icm_20948.o(i.icm_20948_write_reg)
    i.main                                   0x08005d18   Section        0  main.o(i.main)
    i.remove_gyro_bias                       0x08005f74   Section        0  icm_20948.o(i.remove_gyro_bias)
    remove_gyro_bias                         0x08005f75   Thumb Code   156  icm_20948.o(i.remove_gyro_bias)
    i.reset_average_filter                   0x08006010   Section        0  moving_average_filter.o(i.reset_average_filter)
    i.reset_encoder                          0x08006040   Section        0  motor_encoder.o(i.reset_encoder)
    i.reset_pid                              0x08006060   Section        0  pid_control.o(i.reset_pid)
    i.sel_user_bank                          0x08006074   Section        0  icm_20948.o(i.sel_user_bank)
    sel_user_bank                            0x08006075   Thumb Code    46  icm_20948.o(i.sel_user_bank)
    i.sensor2imu                             0x080060a8   Section        0  imu_data.o(i.sensor2imu)
    i.sqrt                                   0x080062e0   Section        0  sqrt.o(i.sqrt)
    i.update_euler_gyro                      0x08006350   Section        0  euler_angles.o(i.update_euler_gyro)
    x$fpl$basic                              0x080064a4   Section       24  basic.o(x$fpl$basic)
    $v0                                      0x080064a4   Number         0  basic.o(x$fpl$basic)
    x$fpl$d2f                                0x080064bc   Section       98  d2f.o(x$fpl$d2f)
    $v0                                      0x080064bc   Number         0  d2f.o(x$fpl$d2f)
    x$fpl$dadd                               0x08006520   Section      336  daddsub_clz.o(x$fpl$dadd)
    $v0                                      0x08006520   Number         0  daddsub_clz.o(x$fpl$dadd)
    _dadd1                                   0x08006531   Thumb Code     0  daddsub_clz.o(x$fpl$dadd)
    x$fpl$dcheck1                            0x08006670   Section       16  dcheck1.o(x$fpl$dcheck1)
    $v0                                      0x08006670   Number         0  dcheck1.o(x$fpl$dcheck1)
    x$fpl$dcmpinf                            0x08006680   Section       24  dcmpi.o(x$fpl$dcmpinf)
    $v0                                      0x08006680   Number         0  dcmpi.o(x$fpl$dcmpinf)
    x$fpl$ddiv                               0x08006698   Section      688  ddiv.o(x$fpl$ddiv)
    $v0                                      0x08006698   Number         0  ddiv.o(x$fpl$ddiv)
    ddiv_entry                               0x0800669f   Thumb Code     0  ddiv.o(x$fpl$ddiv)
    x$fpl$dflt                               0x08006948   Section       46  dflt_clz.o(x$fpl$dflt)
    $v0                                      0x08006948   Number         0  dflt_clz.o(x$fpl$dflt)
    x$fpl$dleqf                              0x08006978   Section      120  dleqf.o(x$fpl$dleqf)
    $v0                                      0x08006978   Number         0  dleqf.o(x$fpl$dleqf)
    x$fpl$dmul                               0x080069f0   Section      340  dmul.o(x$fpl$dmul)
    $v0                                      0x080069f0   Number         0  dmul.o(x$fpl$dmul)
    x$fpl$dnaninf                            0x08006b44   Section      156  dnaninf.o(x$fpl$dnaninf)
    $v0                                      0x08006b44   Number         0  dnaninf.o(x$fpl$dnaninf)
    x$fpl$dretinf                            0x08006be0   Section       12  dretinf.o(x$fpl$dretinf)
    $v0                                      0x08006be0   Number         0  dretinf.o(x$fpl$dretinf)
    x$fpl$drleqf                             0x08006bec   Section      108  drleqf.o(x$fpl$drleqf)
    $v0                                      0x08006bec   Number         0  drleqf.o(x$fpl$drleqf)
    x$fpl$drsb                               0x08006c58   Section       22  daddsub_clz.o(x$fpl$drsb)
    $v0                                      0x08006c58   Number         0  daddsub_clz.o(x$fpl$drsb)
    x$fpl$dsqrt                              0x08006c70   Section      408  dsqrt_umaal.o(x$fpl$dsqrt)
    $v0                                      0x08006c70   Number         0  dsqrt_umaal.o(x$fpl$dsqrt)
    x$fpl$dsub                               0x08006e08   Section      468  daddsub_clz.o(x$fpl$dsub)
    $v0                                      0x08006e08   Number         0  daddsub_clz.o(x$fpl$dsub)
    _dsub1                                   0x08006e19   Thumb Code     0  daddsub_clz.o(x$fpl$dsub)
    x$fpl$f2d                                0x08006fdc   Section       86  f2d.o(x$fpl$f2d)
    $v0                                      0x08006fdc   Number         0  f2d.o(x$fpl$f2d)
    x$fpl$ffltll                             0x08007032   Section       96  ffltll_clz.o(x$fpl$ffltll)
    $v0                                      0x08007032   Number         0  ffltll_clz.o(x$fpl$ffltll)
    x$fpl$fnaninf                            0x08007092   Section      140  fnaninf.o(x$fpl$fnaninf)
    $v0                                      0x08007092   Number         0  fnaninf.o(x$fpl$fnaninf)
    x$fpl$fpinit                             0x0800711e   Section       10  fpinit.o(x$fpl$fpinit)
    $v0                                      0x0800711e   Number         0  fpinit.o(x$fpl$fpinit)
    x$fpl$fretinf                            0x08007128   Section       10  fretinf.o(x$fpl$fretinf)
    $v0                                      0x08007128   Number         0  fretinf.o(x$fpl$fretinf)
    x$fpl$retnan                             0x08007132   Section      100  retnan.o(x$fpl$retnan)
    $v0                                      0x08007132   Number         0  retnan.o(x$fpl$retnan)
    x$fpl$scalbn                             0x08007196   Section       92  scalbn.o(x$fpl$scalbn)
    $v0                                      0x08007196   Number         0  scalbn.o(x$fpl$scalbn)
    x$fpl$trapveneer                         0x080071f2   Section       48  trapv.o(x$fpl$trapveneer)
    $v0                                      0x080071f2   Number         0  trapv.o(x$fpl$trapveneer)
    x$fpl$usenofp                            0x08007222   Section        0  usenofp.o(x$fpl$usenofp)
    .constdata                               0x08007224   Section       48  main.o(.constdata)
    motor_a                                  0x08007224   Data          24  main.o(.constdata)
    motor_b                                  0x0800723c   Data          24  main.o(.constdata)
    .constdata                               0x08007254   Section       64  system_stm32l4xx.o(.constdata)
    .constdata                               0x08007294   Section        8  system_stm32l4xx.o(.constdata)
    .constdata                               0x080072a0   Section      136  pow.o(.constdata)
    bp                                       0x080072a0   Data          16  pow.o(.constdata)
    dp_h                                     0x080072b0   Data          16  pow.o(.constdata)
    dp_l                                     0x080072c0   Data          16  pow.o(.constdata)
    L                                        0x080072d0   Data          48  pow.o(.constdata)
    P                                        0x08007300   Data          40  pow.o(.constdata)
    .constdata                               0x08007328   Section      152  atan.o(.constdata)
    atanhi                                   0x08007328   Data          32  atan.o(.constdata)
    atanlo                                   0x08007348   Data          32  atan.o(.constdata)
    aTodd                                    0x08007368   Data          40  atan.o(.constdata)
    aTeven                                   0x08007390   Data          48  atan.o(.constdata)
    .constdata                               0x080073c0   Section        8  qnan.o(.constdata)
    .data                                    0x20000000   Section      280  main.o(.data)
    motora_enc                               0x20000004   Data         120  main.o(.data)
    motorb_enc                               0x2000007c   Data         120  main.o(.data)
    mota_pid                                 0x200000f4   Data          36  main.o(.data)
    .data                                    0x20000118   Section       12  stm32l4xx_hal.o(.data)
    .data                                    0x20000124   Section        4  system_stm32l4xx.o(.data)
    .data                                    0x20000128   Section        1  euler_angles.o(.data)
    first_time                               0x20000128   Data           1  euler_angles.o(.data)
    .bss                                     0x2000012c   Section      712  main.o(.bss)
    .bss                                     0x200003f4   Section       72  main.o(.bss)
    .bss                                     0x2000043c   Section       72  main.o(.bss)
    .bss                                     0x20000484   Section       20  icm_20948.o(.bss)
    data_rx                                  0x20000484   Data          20  icm_20948.o(.bss)
    .bss                                     0x20000498   Section       12  euler_angles.o(.bss)
    euler_gyro                               0x20000498   Data          12  euler_angles.o(.bss)
    .bss                                     0x200004a4   Section       96  libspace.o(.bss)
    HEAP                                     0x20000508   Section      512  startup_stm32l476xx.o(HEAP)
    Heap_Mem                                 0x20000508   Data         512  startup_stm32l476xx.o(HEAP)
    STACK                                    0x20000708   Section     1024  startup_stm32l476xx.o(STACK)
    Stack_Mem                                0x20000708   Data        1024  startup_stm32l476xx.o(STACK)
    __initial_sp                             0x20000b08   Data           0  startup_stm32l476xx.o(STACK)

    Global Symbols

    Symbol Name                              Value     Ov Type        Size  Object(Section)

    BuildAttributes$$THM_ISAv4$E$P$D$K$B$S$7EM$VFPi3$EXTD16$VFPS$VFMA$PE$A:L22UL41UL21$X:L11$S22US41US21$IEEE1$IW$USESV6$~STKCKD$USESV7$~SHL$OTIME$ROPI$IEEEX$EBA8$UX$STANDARDLIB$REQ8$PRES8$EABIv2 0x00000000   Number         0  anon$$obj.o ABSOLUTE
    __ARM_use_no_argv                        0x00000000   Number         0  main.o ABSOLUTE
    __ARM_exceptions_init                     - Undefined Weak Reference
    __alloca_initialize                       - Undefined Weak Reference
    __arm_preinit_                            - Undefined Weak Reference
    __cpp_initialize__aeabi_                  - Undefined Weak Reference
    __cxa_finalize                            - Undefined Weak Reference
    __rt_locale                               - Undefined Weak Reference
    __sigvec_lookup                           - Undefined Weak Reference
    _atexit_init                              - Undefined Weak Reference
    _call_atexit_fns                          - Undefined Weak Reference
    _clock_init                               - Undefined Weak Reference
    _fp_trap_init                             - Undefined Weak Reference
    _fp_trap_shutdown                         - Undefined Weak Reference
    _get_lc_collate                           - Undefined Weak Reference
    _get_lc_ctype                             - Undefined Weak Reference
    _get_lc_monetary                          - Undefined Weak Reference
    _get_lc_numeric                           - Undefined Weak Reference
    _get_lc_time                              - Undefined Weak Reference
    _getenv_init                              - Undefined Weak Reference
    _handle_redirection                       - Undefined Weak Reference
    _init_alloc                               - Undefined Weak Reference
    _init_user_alloc                          - Undefined Weak Reference
    _initio                                   - Undefined Weak Reference
    _rand_init                                - Undefined Weak Reference
    _signal_finish                            - Undefined Weak Reference
    _signal_init                              - Undefined Weak Reference
    _terminate_alloc                          - Undefined Weak Reference
    _terminate_user_alloc                     - Undefined Weak Reference
    _terminateio                              - Undefined Weak Reference
    __Vectors_Size                           0x00000188   Number         0  startup_stm32l476xx.o ABSOLUTE
    __Vectors                                0x08000000   Data           4  startup_stm32l476xx.o(RESET)
    __Vectors_End                            0x08000188   Data           0  startup_stm32l476xx.o(RESET)
    __main                                   0x08000189   Thumb Code     8  __main.o(!!!main)
    __scatterload                            0x08000191   Thumb Code     0  __scatter.o(!!!scatter)
    __scatterload_rt2                        0x08000191   Thumb Code    44  __scatter.o(!!!scatter)
    __scatterload_rt2_thumb_only             0x08000191   Thumb Code     0  __scatter.o(!!!scatter)
    __scatterload_null                       0x0800019f   Thumb Code     0  __scatter.o(!!!scatter)
    __decompress                             0x080001c5   Thumb Code    58  __dczerorl.o(!!dczerorl)
    __decompress0                            0x080001c5   Thumb Code     0  __dczerorl.o(!!dczerorl)
    __scatterload_zeroinit                   0x08000201   Thumb Code    28  __scatter_zi.o(!!handler_zi)
    __rt_lib_init                            0x0800021d   Thumb Code     0  libinit.o(.ARM.Collect$$libinit$$00000000)
    __rt_lib_init_fp_1                       0x0800021f   Thumb Code     0  libinit2.o(.ARM.Collect$$libinit$$00000001)
    __rt_lib_init_alloca_1                   0x08000223   Thumb Code     0  libinit2.o(.ARM.Collect$$libinit$$0000002E)
    __rt_lib_init_argv_1                     0x08000223   Thumb Code     0  libinit2.o(.ARM.Collect$$libinit$$0000002C)
    __rt_lib_init_atexit_1                   0x08000223   Thumb Code     0  libinit2.o(.ARM.Collect$$libinit$$0000001B)
    __rt_lib_init_clock_1                    0x08000223   Thumb Code     0  libinit2.o(.ARM.Collect$$libinit$$00000021)
    __rt_lib_init_cpp_1                      0x08000223   Thumb Code     0  libinit2.o(.ARM.Collect$$libinit$$00000032)
    __rt_lib_init_exceptions_1               0x08000223   Thumb Code     0  libinit2.o(.ARM.Collect$$libinit$$00000030)
    __rt_lib_init_fp_trap_1                  0x08000223   Thumb Code     0  libinit2.o(.ARM.Collect$$libinit$$0000001F)
    __rt_lib_init_getenv_1                   0x08000223   Thumb Code     0  libinit2.o(.ARM.Collect$$libinit$$00000023)
    __rt_lib_init_heap_1                     0x08000223   Thumb Code     0  libinit2.o(.ARM.Collect$$libinit$$0000000A)
    __rt_lib_init_lc_collate_1               0x08000223   Thumb Code     0  libinit2.o(.ARM.Collect$$libinit$$00000011)
    __rt_lib_init_lc_ctype_1                 0x08000223   Thumb Code     0  libinit2.o(.ARM.Collect$$libinit$$00000013)
    __rt_lib_init_lc_monetary_1              0x08000223   Thumb Code     0  libinit2.o(.ARM.Collect$$libinit$$00000015)
    __rt_lib_init_lc_numeric_1               0x08000223   Thumb Code     0  libinit2.o(.ARM.Collect$$libinit$$00000017)
    __rt_lib_init_lc_time_1                  0x08000223   Thumb Code     0  libinit2.o(.ARM.Collect$$libinit$$00000019)
    __rt_lib_init_preinit_1                  0x08000223   Thumb Code     0  libinit2.o(.ARM.Collect$$libinit$$00000004)
    __rt_lib_init_rand_1                     0x08000223   Thumb Code     0  libinit2.o(.ARM.Collect$$libinit$$0000000E)
    __rt_lib_init_return                     0x08000223   Thumb Code     0  libinit2.o(.ARM.Collect$$libinit$$00000033)
    __rt_lib_init_signal_1                   0x08000223   Thumb Code     0  libinit2.o(.ARM.Collect$$libinit$$0000001D)
    __rt_lib_init_stdio_1                    0x08000223   Thumb Code     0  libinit2.o(.ARM.Collect$$libinit$$00000025)
    __rt_lib_init_user_alloc_1               0x08000223   Thumb Code     0  libinit2.o(.ARM.Collect$$libinit$$0000000C)
    __rt_lib_shutdown                        0x08000225   Thumb Code     0  libshutdown.o(.ARM.Collect$$libshutdown$$00000000)
    __rt_lib_shutdown_cpp_1                  0x08000227   Thumb Code     0  libshutdown2.o(.ARM.Collect$$libshutdown$$00000002)
    __rt_lib_shutdown_fp_trap_1              0x08000227   Thumb Code     0  libshutdown2.o(.ARM.Collect$$libshutdown$$00000007)
    __rt_lib_shutdown_heap_1                 0x08000227   Thumb Code     0  libshutdown2.o(.ARM.Collect$$libshutdown$$0000000F)
    __rt_lib_shutdown_return                 0x08000227   Thumb Code     0  libshutdown2.o(.ARM.Collect$$libshutdown$$00000010)
    __rt_lib_shutdown_signal_1               0x08000227   Thumb Code     0  libshutdown2.o(.ARM.Collect$$libshutdown$$0000000A)
    __rt_lib_shutdown_stdio_1                0x08000227   Thumb Code     0  libshutdown2.o(.ARM.Collect$$libshutdown$$00000004)
    __rt_lib_shutdown_user_alloc_1           0x08000227   Thumb Code     0  libshutdown2.o(.ARM.Collect$$libshutdown$$0000000C)
    __rt_entry                               0x08000229   Thumb Code     0  __rtentry.o(.ARM.Collect$$rtentry$$00000000)
    __rt_entry_presh_1                       0x08000229   Thumb Code     0  __rtentry2.o(.ARM.Collect$$rtentry$$00000002)
    __rt_entry_sh                            0x08000229   Thumb Code     0  __rtentry4.o(.ARM.Collect$$rtentry$$00000004)
    __rt_entry_li                            0x0800022f   Thumb Code     0  __rtentry2.o(.ARM.Collect$$rtentry$$0000000A)
    __rt_entry_postsh_1                      0x0800022f   Thumb Code     0  __rtentry2.o(.ARM.Collect$$rtentry$$00000009)
    __rt_entry_main                          0x08000233   Thumb Code     0  __rtentry2.o(.ARM.Collect$$rtentry$$0000000D)
    __rt_entry_postli_1                      0x08000233   Thumb Code     0  __rtentry2.o(.ARM.Collect$$rtentry$$0000000C)
    __rt_exit                                0x0800023b   Thumb Code     0  rtexit.o(.ARM.Collect$$rtexit$$00000000)
    __rt_exit_ls                             0x0800023d   Thumb Code     0  rtexit2.o(.ARM.Collect$$rtexit$$00000003)
    __rt_exit_prels_1                        0x0800023d   Thumb Code     0  rtexit2.o(.ARM.Collect$$rtexit$$00000002)
    __rt_exit_exit                           0x08000241   Thumb Code     0  rtexit2.o(.ARM.Collect$$rtexit$$00000004)
    Reset_Handler                            0x08000249   Thumb Code     8  startup_stm32l476xx.o(.text)
    ADC1_2_IRQHandler                        0x08000263   Thumb Code     0  startup_stm32l476xx.o(.text)
    ADC3_IRQHandler                          0x08000263   Thumb Code     0  startup_stm32l476xx.o(.text)
    CAN1_RX0_IRQHandler                      0x08000263   Thumb Code     0  startup_stm32l476xx.o(.text)
    CAN1_RX1_IRQHandler                      0x08000263   Thumb Code     0  startup_stm32l476xx.o(.text)
    CAN1_SCE_IRQHandler                      0x08000263   Thumb Code     0  startup_stm32l476xx.o(.text)
    CAN1_TX_IRQHandler                       0x08000263   Thumb Code     0  startup_stm32l476xx.o(.text)
    COMP_IRQHandler                          0x08000263   Thumb Code     0  startup_stm32l476xx.o(.text)
    DFSDM1_FLT0_IRQHandler                   0x08000263   Thumb Code     0  startup_stm32l476xx.o(.text)
    DFSDM1_FLT1_IRQHandler                   0x08000263   Thumb Code     0  startup_stm32l476xx.o(.text)
    DFSDM1_FLT2_IRQHandler                   0x08000263   Thumb Code     0  startup_stm32l476xx.o(.text)
    DFSDM1_FLT3_IRQHandler                   0x08000263   Thumb Code     0  startup_stm32l476xx.o(.text)
    DMA1_Channel1_IRQHandler                 0x08000263   Thumb Code     0  startup_stm32l476xx.o(.text)
    DMA1_Channel2_IRQHandler                 0x08000263   Thumb Code     0  startup_stm32l476xx.o(.text)
    DMA1_Channel3_IRQHandler                 0x08000263   Thumb Code     0  startup_stm32l476xx.o(.text)
    DMA1_Channel6_IRQHandler                 0x08000263   Thumb Code     0  startup_stm32l476xx.o(.text)
    DMA1_Channel7_IRQHandler                 0x08000263   Thumb Code     0  startup_stm32l476xx.o(.text)
    DMA2_Channel1_IRQHandler                 0x08000263   Thumb Code     0  startup_stm32l476xx.o(.text)
    DMA2_Channel2_IRQHandler                 0x08000263   Thumb Code     0  startup_stm32l476xx.o(.text)
    DMA2_Channel3_IRQHandler                 0x08000263   Thumb Code     0  startup_stm32l476xx.o(.text)
    DMA2_Channel4_IRQHandler                 0x08000263   Thumb Code     0  startup_stm32l476xx.o(.text)
    DMA2_Channel5_IRQHandler                 0x08000263   Thumb Code     0  startup_stm32l476xx.o(.text)
    DMA2_Channel6_IRQHandler                 0x08000263   Thumb Code     0  startup_stm32l476xx.o(.text)
    DMA2_Channel7_IRQHandler                 0x08000263   Thumb Code     0  startup_stm32l476xx.o(.text)
    EXTI0_IRQHandler                         0x08000263   Thumb Code     0  startup_stm32l476xx.o(.text)
    EXTI15_10_IRQHandler                     0x08000263   Thumb Code     0  startup_stm32l476xx.o(.text)
    EXTI1_IRQHandler                         0x08000263   Thumb Code     0  startup_stm32l476xx.o(.text)
    EXTI2_IRQHandler                         0x08000263   Thumb Code     0  startup_stm32l476xx.o(.text)
    EXTI3_IRQHandler                         0x08000263   Thumb Code     0  startup_stm32l476xx.o(.text)
    EXTI4_IRQHandler                         0x08000263   Thumb Code     0  startup_stm32l476xx.o(.text)
    EXTI9_5_IRQHandler                       0x08000263   Thumb Code     0  startup_stm32l476xx.o(.text)
    FLASH_IRQHandler                         0x08000263   Thumb Code     0  startup_stm32l476xx.o(.text)
    FMC_IRQHandler                           0x08000263   Thumb Code     0  startup_stm32l476xx.o(.text)
    FPU_IRQHandler                           0x08000263   Thumb Code     0  startup_stm32l476xx.o(.text)
    I2C1_ER_IRQHandler                       0x08000263   Thumb Code     0  startup_stm32l476xx.o(.text)
    I2C1_EV_IRQHandler                       0x08000263   Thumb Code     0  startup_stm32l476xx.o(.text)
    I2C2_ER_IRQHandler                       0x08000263   Thumb Code     0  startup_stm32l476xx.o(.text)
    I2C2_EV_IRQHandler                       0x08000263   Thumb Code     0  startup_stm32l476xx.o(.text)
    I2C3_ER_IRQHandler                       0x08000263   Thumb Code     0  startup_stm32l476xx.o(.text)
    I2C3_EV_IRQHandler                       0x08000263   Thumb Code     0  startup_stm32l476xx.o(.text)
    LCD_IRQHandler                           0x08000263   Thumb Code     0  startup_stm32l476xx.o(.text)
    LPTIM1_IRQHandler                        0x08000263   Thumb Code     0  startup_stm32l476xx.o(.text)
    LPTIM2_IRQHandler                        0x08000263   Thumb Code     0  startup_stm32l476xx.o(.text)
    LPUART1_IRQHandler                       0x08000263   Thumb Code     0  startup_stm32l476xx.o(.text)
    OTG_FS_IRQHandler                        0x08000263   Thumb Code     0  startup_stm32l476xx.o(.text)
    PVD_PVM_IRQHandler                       0x08000263   Thumb Code     0  startup_stm32l476xx.o(.text)
    QUADSPI_IRQHandler                       0x08000263   Thumb Code     0  startup_stm32l476xx.o(.text)
    RCC_IRQHandler                           0x08000263   Thumb Code     0  startup_stm32l476xx.o(.text)
    RNG_IRQHandler                           0x08000263   Thumb Code     0  startup_stm32l476xx.o(.text)
    RTC_Alarm_IRQHandler                     0x08000263   Thumb Code     0  startup_stm32l476xx.o(.text)
    RTC_WKUP_IRQHandler                      0x08000263   Thumb Code     0  startup_stm32l476xx.o(.text)
    SAI1_IRQHandler                          0x08000263   Thumb Code     0  startup_stm32l476xx.o(.text)
    SAI2_IRQHandler                          0x08000263   Thumb Code     0  startup_stm32l476xx.o(.text)
    SDMMC1_IRQHandler                        0x08000263   Thumb Code     0  startup_stm32l476xx.o(.text)
    SPI1_IRQHandler                          0x08000263   Thumb Code     0  startup_stm32l476xx.o(.text)
    SPI3_IRQHandler                          0x08000263   Thumb Code     0  startup_stm32l476xx.o(.text)
    SWPMI1_IRQHandler                        0x08000263   Thumb Code     0  startup_stm32l476xx.o(.text)
    TAMP_STAMP_IRQHandler                    0x08000263   Thumb Code     0  startup_stm32l476xx.o(.text)
    TIM1_CC_IRQHandler                       0x08000263   Thumb Code     0  startup_stm32l476xx.o(.text)
    TIM1_TRG_COM_TIM17_IRQHandler            0x08000263   Thumb Code     0  startup_stm32l476xx.o(.text)
    TIM1_UP_TIM16_IRQHandler                 0x08000263   Thumb Code     0  startup_stm32l476xx.o(.text)
    TIM2_IRQHandler                          0x08000263   Thumb Code     0  startup_stm32l476xx.o(.text)
    TIM3_IRQHandler                          0x08000263   Thumb Code     0  startup_stm32l476xx.o(.text)
    TIM5_IRQHandler                          0x08000263   Thumb Code     0  startup_stm32l476xx.o(.text)
    TIM6_DAC_IRQHandler                      0x08000263   Thumb Code     0  startup_stm32l476xx.o(.text)
    TIM7_IRQHandler                          0x08000263   Thumb Code     0  startup_stm32l476xx.o(.text)
    TIM8_BRK_IRQHandler                      0x08000263   Thumb Code     0  startup_stm32l476xx.o(.text)
    TIM8_CC_IRQHandler                       0x08000263   Thumb Code     0  startup_stm32l476xx.o(.text)
    TIM8_TRG_COM_IRQHandler                  0x08000263   Thumb Code     0  startup_stm32l476xx.o(.text)
    TIM8_UP_IRQHandler                       0x08000263   Thumb Code     0  startup_stm32l476xx.o(.text)
    TSC_IRQHandler                           0x08000263   Thumb Code     0  startup_stm32l476xx.o(.text)
    UART4_IRQHandler                         0x08000263   Thumb Code     0  startup_stm32l476xx.o(.text)
    UART5_IRQHandler                         0x08000263   Thumb Code     0  startup_stm32l476xx.o(.text)
    USART1_IRQHandler                        0x08000263   Thumb Code     0  startup_stm32l476xx.o(.text)
    USART2_IRQHandler                        0x08000263   Thumb Code     0  startup_stm32l476xx.o(.text)
    USART3_IRQHandler                        0x08000263   Thumb Code     0  startup_stm32l476xx.o(.text)
    WWDG_IRQHandler                          0x08000263   Thumb Code     0  startup_stm32l476xx.o(.text)
    __user_initial_stackheap                 0x08000265   Thumb Code     0  startup_stm32l476xx.o(.text)
    __aeabi_uldivmod                         0x08000289   Thumb Code     0  lludivv7m.o(.text)
    _ll_udiv                                 0x08000289   Thumb Code   238  lludivv7m.o(.text)
    __aeabi_memcpy                           0x08000377   Thumb Code     0  rt_memcpy_v6.o(.text)
    __rt_memcpy                              0x08000377   Thumb Code   138  rt_memcpy_v6.o(.text)
    _memcpy_lastbytes                        0x080003dd   Thumb Code     0  rt_memcpy_v6.o(.text)
    __aeabi_memcpy4                          0x08000401   Thumb Code     0  rt_memcpy_w.o(.text)
    __aeabi_memcpy8                          0x08000401   Thumb Code     0  rt_memcpy_w.o(.text)
    __rt_memcpy_w                            0x08000401   Thumb Code   100  rt_memcpy_w.o(.text)
    _memcpy_lastbytes_aligned                0x08000449   Thumb Code     0  rt_memcpy_w.o(.text)
    __aeabi_memclr4                          0x08000465   Thumb Code     0  rt_memclr_w.o(.text)
    __aeabi_memclr8                          0x08000465   Thumb Code     0  rt_memclr_w.o(.text)
    __rt_memclr_w                            0x08000465   Thumb Code    78  rt_memclr_w.o(.text)
    _memset_w                                0x08000469   Thumb Code     0  rt_memclr_w.o(.text)
    __use_two_region_memory                  0x080004b3   Thumb Code     2  heapauxi.o(.text)
    __rt_heap_escrow$2region                 0x080004b5   Thumb Code     2  heapauxi.o(.text)
    __rt_heap_expand$2region                 0x080004b7   Thumb Code     2  heapauxi.o(.text)
    __read_errno                             0x080004b9   Thumb Code    10  _rserrno.o(.text)
    __set_errno                              0x080004c3   Thumb Code    12  _rserrno.o(.text)
    __aeabi_errno_addr                       0x080004d1   Thumb Code     8  rt_errno_addr_intlibspace.o(.text)
    __errno$intlibspace                      0x080004d1   Thumb Code     0  rt_errno_addr_intlibspace.o(.text)
    __rt_errno_addr$intlibspace              0x080004d1   Thumb Code     0  rt_errno_addr_intlibspace.o(.text)
    __user_libspace                          0x080004d9   Thumb Code     8  libspace.o(.text)
    __user_perproc_libspace                  0x080004d9   Thumb Code     0  libspace.o(.text)
    __user_perthread_libspace                0x080004d9   Thumb Code     0  libspace.o(.text)
    __user_setup_stackheap                   0x080004e1   Thumb Code    74  sys_stackheap_outer.o(.text)
    exit                                     0x0800052b   Thumb Code    18  exit.o(.text)
    _sys_exit                                0x0800053d   Thumb Code     8  sys_exit.o(.text)
    __I$use$semihosting                      0x08000549   Thumb Code     0  use_no_semi.o(.text)
    __use_no_semihosting_swi                 0x08000549   Thumb Code     2  use_no_semi.o(.text)
    __semihosting_library_function           0x0800054b   Thumb Code     0  indicate_semi.o(.text)
    arm_cos_f32                              0x0800054d   Thumb Code   152  arm_cos_f32.o(.text.arm_cos_f32)
    arm_sin_f32                              0x080005e5   Thumb Code   144  arm_sin_f32.o(.text.arm_sin_f32)
    BusFault_Handler                         0x08000675   Thumb Code     2  stm32l4xx_it.o(i.BusFault_Handler)
    Buzzer_Init                              0x08000679   Thumb Code    20  buzzer.o(i.Buzzer_Init)
    Buzzer_Off                               0x08000691   Thumb Code    10  buzzer.o(i.Buzzer_Off)
    Buzzer_On                                0x080006a1   Thumb Code    10  buzzer.o(i.Buzzer_On)
    DMA1_Channel4_IRQHandler                 0x080006b1   Thumb Code     6  stm32l4xx_it.o(i.DMA1_Channel4_IRQHandler)
    DMA1_Channel5_IRQHandler                 0x080006bd   Thumb Code     6  stm32l4xx_it.o(i.DMA1_Channel5_IRQHandler)
    DebugMon_Handler                         0x080006f7   Thumb Code     2  stm32l4xx_it.o(i.DebugMon_Handler)
    Error_Handler                            0x080006f9   Thumb Code     4  main.o(i.Error_Handler)
    HAL_DMA_Abort_IT                         0x080006fd   Thumb Code    78  stm32l4xx_hal_dma.o(i.HAL_DMA_Abort_IT)
    HAL_DMA_IRQHandler                       0x0800074b   Thumb Code   186  stm32l4xx_hal_dma.o(i.HAL_DMA_IRQHandler)
    HAL_DMA_Init                             0x08000805   Thumb Code   178  stm32l4xx_hal_dma.o(i.HAL_DMA_Init)
    HAL_DMA_Start_IT                         0x080008c5   Thumb Code   112  stm32l4xx_hal_dma.o(i.HAL_DMA_Start_IT)
    HAL_Delay                                0x08000935   Thumb Code    32  stm32l4xx_hal.o(i.HAL_Delay)
    HAL_GPIO_Init                            0x08000959   Thumb Code   500  stm32l4xx_hal_gpio.o(i.HAL_GPIO_Init)
    HAL_GPIO_WritePin                        0x08000b77   Thumb Code    10  stm32l4xx_hal_gpio.o(i.HAL_GPIO_WritePin)
    HAL_GetTick                              0x08000b81   Thumb Code     6  stm32l4xx_hal.o(i.HAL_GetTick)
    HAL_IncTick                              0x08000b8d   Thumb Code    12  stm32l4xx_hal.o(i.HAL_IncTick)
    HAL_Init                                 0x08000b9d   Thumb Code    30  stm32l4xx_hal.o(i.HAL_Init)
    HAL_InitTick                             0x08000bbd   Thumb Code    58  stm32l4xx_hal.o(i.HAL_InitTick)
    HAL_MspInit                              0x08000c01   Thumb Code    38  stm32l4xx_hal_msp.o(i.HAL_MspInit)
    HAL_NVIC_EnableIRQ                       0x08000c2d   Thumb Code    26  stm32l4xx_hal_cortex.o(i.HAL_NVIC_EnableIRQ)
    HAL_NVIC_SetPriority                     0x08000c49   Thumb Code    60  stm32l4xx_hal_cortex.o(i.HAL_NVIC_SetPriority)
    HAL_NVIC_SetPriorityGrouping             0x08000c89   Thumb Code    26  stm32l4xx_hal_cortex.o(i.HAL_NVIC_SetPriorityGrouping)
    HAL_PWREx_ControlVoltageScaling          0x08000cad   Thumb Code    90  stm32l4xx_hal_pwr_ex.o(i.HAL_PWREx_ControlVoltageScaling)
    HAL_PWREx_GetVoltageRange                0x08000d15   Thumb Code    10  stm32l4xx_hal_pwr_ex.o(i.HAL_PWREx_GetVoltageRange)
    HAL_RCCEx_PeriphCLKConfig                0x08000d25   Thumb Code   928  stm32l4xx_hal_rcc_ex.o(i.HAL_RCCEx_PeriphCLKConfig)
    HAL_RCC_ClockConfig                      0x080010d5   Thumb Code   304  stm32l4xx_hal_rcc.o(i.HAL_RCC_ClockConfig)
    HAL_RCC_GetPCLK1Freq                     0x08001219   Thumb Code    24  stm32l4xx_hal_rcc.o(i.HAL_RCC_GetPCLK1Freq)
    HAL_RCC_GetPCLK2Freq                     0x0800123d   Thumb Code    24  stm32l4xx_hal_rcc.o(i.HAL_RCC_GetPCLK2Freq)
    HAL_RCC_GetSysClockFreq                  0x08001261   Thumb Code   150  stm32l4xx_hal_rcc.o(i.HAL_RCC_GetSysClockFreq)
    HAL_RCC_OscConfig                        0x08001305   Thumb Code  1294  stm32l4xx_hal_rcc.o(i.HAL_RCC_OscConfig)
    HAL_SPI_ErrorCallback                    0x0800181d   Thumb Code     2  stm32l4xx_hal_spi.o(i.HAL_SPI_ErrorCallback)
    HAL_SPI_IRQHandler                       0x08001821   Thumb Code   246  stm32l4xx_hal_spi.o(i.HAL_SPI_IRQHandler)
    HAL_SPI_Init                             0x0800191d   Thumb Code   224  stm32l4xx_hal_spi.o(i.HAL_SPI_Init)
    HAL_SPI_MspInit                          0x080019fd   Thumb Code   232  stm32l4xx_hal_msp.o(i.HAL_SPI_MspInit)
    HAL_SPI_Receive                          0x08001b01   Thumb Code   382  stm32l4xx_hal_spi.o(i.HAL_SPI_Receive)
    HAL_SPI_Receive_DMA                      0x08001c85   Thumb Code   332  stm32l4xx_hal_spi.o(i.HAL_SPI_Receive_DMA)
    HAL_SPI_RxCpltCallback                   0x08001ddd   Thumb Code    12  icm_20948.o(i.HAL_SPI_RxCpltCallback)
    HAL_SPI_RxHalfCpltCallback               0x08001ded   Thumb Code     2  stm32l4xx_hal_spi.o(i.HAL_SPI_RxHalfCpltCallback)
    HAL_SPI_Transmit                         0x08001def   Thumb Code   398  stm32l4xx_hal_spi.o(i.HAL_SPI_Transmit)
    HAL_SPI_TransmitReceive                  0x08001f83   Thumb Code   626  stm32l4xx_hal_spi.o(i.HAL_SPI_TransmitReceive)
    HAL_SPI_TransmitReceive_DMA              0x080021fd   Thumb Code   414  stm32l4xx_hal_spi.o(i.HAL_SPI_TransmitReceive_DMA)
    HAL_SPI_TxRxCpltCallback                 0x080023b1   Thumb Code     2  stm32l4xx_hal_spi.o(i.HAL_SPI_TxRxCpltCallback)
    HAL_SPI_TxRxHalfCpltCallback             0x080023b3   Thumb Code     2  stm32l4xx_hal_spi.o(i.HAL_SPI_TxRxHalfCpltCallback)
    HAL_SYSTICK_Config                       0x080023b5   Thumb Code    40  stm32l4xx_hal_cortex.o(i.HAL_SYSTICK_Config)
    HAL_TIMEx_Break2Callback                 0x080023dd   Thumb Code     2  stm32l4xx_hal_tim_ex.o(i.HAL_TIMEx_Break2Callback)
    HAL_TIMEx_BreakCallback                  0x080023df   Thumb Code     2  stm32l4xx_hal_tim_ex.o(i.HAL_TIMEx_BreakCallback)
    HAL_TIMEx_CommutCallback                 0x080023e1   Thumb Code     2  stm32l4xx_hal_tim_ex.o(i.HAL_TIMEx_CommutCallback)
    HAL_TIMEx_ConfigBreakDeadTime            0x080023e5   Thumb Code   132  stm32l4xx_hal_tim_ex.o(i.HAL_TIMEx_ConfigBreakDeadTime)
    HAL_TIMEx_MasterConfigSynchronization    0x08002471   Thumb Code   130  stm32l4xx_hal_tim_ex.o(i.HAL_TIMEx_MasterConfigSynchronization)
    HAL_TIMEx_PWMN_Start                     0x0800250d   Thumb Code   164  stm32l4xx_hal_tim_ex.o(i.HAL_TIMEx_PWMN_Start)
    HAL_TIM_Base_Init                        0x080025cd   Thumb Code    98  stm32l4xx_hal_tim.o(i.HAL_TIM_Base_Init)
    HAL_TIM_Base_MspInit                     0x08002631   Thumb Code   108  stm32l4xx_hal_msp.o(i.HAL_TIM_Base_MspInit)
    HAL_TIM_Base_Start_IT                    0x080026ad   Thumb Code   100  stm32l4xx_hal_tim.o(i.HAL_TIM_Base_Start_IT)
    HAL_TIM_ConfigClockSource                0x0800272d   Thumb Code   220  stm32l4xx_hal_tim.o(i.HAL_TIM_ConfigClockSource)
    HAL_TIM_Encoder_Init                     0x0800280d   Thumb Code   162  stm32l4xx_hal_tim.o(i.HAL_TIM_Encoder_Init)
    HAL_TIM_Encoder_MspInit                  0x080028b5   Thumb Code   142  stm32l4xx_hal_msp.o(i.HAL_TIM_Encoder_MspInit)
    HAL_TIM_Encoder_Start                    0x0800294d   Thumb Code   142  stm32l4xx_hal_tim.o(i.HAL_TIM_Encoder_Start)
    HAL_TIM_IC_CaptureCallback               0x080029db   Thumb Code     2  stm32l4xx_hal_tim.o(i.HAL_TIM_IC_CaptureCallback)
    HAL_TIM_IRQHandler                       0x080029dd   Thumb Code   330  stm32l4xx_hal_tim.o(i.HAL_TIM_IRQHandler)
    HAL_TIM_MspPostInit                      0x08002b29   Thumb Code   150  stm32l4xx_hal_msp.o(i.HAL_TIM_MspPostInit)
    HAL_TIM_OC_DelayElapsedCallback          0x08002bd1   Thumb Code     2  stm32l4xx_hal_tim.o(i.HAL_TIM_OC_DelayElapsedCallback)
    HAL_TIM_PWM_ConfigChannel                0x08002bd3   Thumb Code   292  stm32l4xx_hal_tim.o(i.HAL_TIM_PWM_ConfigChannel)
    HAL_TIM_PWM_Init                         0x08002cf7   Thumb Code    98  stm32l4xx_hal_tim.o(i.HAL_TIM_PWM_Init)
    HAL_TIM_PWM_MspInit                      0x08002d59   Thumb Code     2  stm32l4xx_hal_tim.o(i.HAL_TIM_PWM_MspInit)
    HAL_TIM_PWM_PulseFinishedCallback        0x08002d5b   Thumb Code     2  stm32l4xx_hal_tim.o(i.HAL_TIM_PWM_PulseFinishedCallback)
    HAL_TIM_PWM_Start                        0x08002d5d   Thumb Code   224  stm32l4xx_hal_tim.o(i.HAL_TIM_PWM_Start)
    HAL_TIM_PeriodElapsedCallback            0x08002e61   Thumb Code    26  main.o(i.HAL_TIM_PeriodElapsedCallback)
    HAL_TIM_TriggerCallback                  0x08002e89   Thumb Code     2  stm32l4xx_hal_tim.o(i.HAL_TIM_TriggerCallback)
    HAL_UART_Init                            0x08002e8b   Thumb Code   102  stm32l4xx_hal_uart.o(i.HAL_UART_Init)
    HAL_UART_MspInit                         0x08002ef1   Thumb Code   112  stm32l4xx_hal_msp.o(i.HAL_UART_MspInit)
    HardFault_Handler                        0x08002f69   Thumb Code     2  stm32l4xx_it.o(i.HardFault_Handler)
    MemManage_Handler                        0x080033dd   Thumb Code     2  stm32l4xx_it.o(i.MemManage_Handler)
    NMI_Handler                              0x080033df   Thumb Code     2  stm32l4xx_it.o(i.NMI_Handler)
    PendSV_Handler                           0x080033e1   Thumb Code     2  stm32l4xx_it.o(i.PendSV_Handler)
    SPI2_IRQHandler                          0x08003695   Thumb Code     6  stm32l4xx_it.o(i.SPI2_IRQHandler)
    SVC_Handler                              0x08003a0d   Thumb Code     2  stm32l4xx_it.o(i.SVC_Handler)
    SysTick_Handler                          0x08003a0f   Thumb Code     4  stm32l4xx_it.o(i.SysTick_Handler)
    SystemClock_Config                       0x08003a13   Thumb Code   116  main.o(i.SystemClock_Config)
    SystemInit                               0x08003a89   Thumb Code    12  system_stm32l4xx.o(i.SystemInit)
    TIM1_BRK_TIM15_IRQHandler                0x08003a99   Thumb Code     6  stm32l4xx_it.o(i.TIM1_BRK_TIM15_IRQHandler)
    TIM4_IRQHandler                          0x08003aa5   Thumb Code     6  stm32l4xx_it.o(i.TIM4_IRQHandler)
    TIM_Base_SetConfig                       0x08003ab1   Thumb Code   174  stm32l4xx_hal_tim.o(i.TIM_Base_SetConfig)
    TIM_CCxChannelCmd                        0x08003b81   Thumb Code    26  stm32l4xx_hal_tim.o(i.TIM_CCxChannelCmd)
    TIM_ETR_SetConfig                        0x08003bb5   Thumb Code    20  stm32l4xx_hal_tim.o(i.TIM_ETR_SetConfig)
    TIM_OC2_SetConfig                        0x08003c75   Thumb Code   120  stm32l4xx_hal_tim.o(i.TIM_OC2_SetConfig)
    UART_AdvFeatureConfig                    0x08003f2f   Thumb Code   200  stm32l4xx_hal_uart.o(i.UART_AdvFeatureConfig)
    UART_CheckIdleState                      0x08003ff7   Thumb Code   168  stm32l4xx_hal_uart.o(i.UART_CheckIdleState)
    UART_SetConfig                           0x080040ed   Thumb Code   542  stm32l4xx_hal_uart.o(i.UART_SetConfig)
    UART_WaitOnFlagUntilTimeout              0x08004335   Thumb Code   148  stm32l4xx_hal_uart.o(i.UART_WaitOnFlagUntilTimeout)
    UsageFault_Handler                       0x080043c9   Thumb Code     2  stm32l4xx_it.o(i.UsageFault_Handler)
    __ARM_fpclassify                         0x080043cb   Thumb Code    48  fpclassify.o(i.__ARM_fpclassify)
    __hardfp_atan                            0x08004421   Thumb Code   622  atan.o(i.__hardfp_atan)
    __hardfp_atan2                           0x080046f9   Thumb Code   432  atan2.o(i.__hardfp_atan2)
    __hardfp_pow                             0x080048e9   Thumb Code  3072  pow.o(i.__hardfp_pow)
    __kernel_poly                            0x08005569   Thumb Code   248  poly.o(i.__kernel_poly)
    __mathlib_dbl_divzero                    0x08005661   Thumb Code    28  dunder.o(i.__mathlib_dbl_divzero)
    __mathlib_dbl_infnan                     0x08005691   Thumb Code    20  dunder.o(i.__mathlib_dbl_infnan)
    __mathlib_dbl_infnan2                    0x080056a5   Thumb Code    20  dunder.o(i.__mathlib_dbl_infnan2)
    __mathlib_dbl_invalid                    0x080056b9   Thumb Code    24  dunder.o(i.__mathlib_dbl_invalid)
    __mathlib_dbl_overflow                   0x080056d9   Thumb Code    24  dunder.o(i.__mathlib_dbl_overflow)
    __mathlib_dbl_underflow                  0x080056f9   Thumb Code    24  dunder.o(i.__mathlib_dbl_underflow)
    acc_mag2euler                            0x08005719   Thumb Code   274  euler_angles.o(i.acc_mag2euler)
    apply_average_filter                     0x08005945   Thumb Code    94  moving_average_filter.o(i.apply_average_filter)
    atan                                     0x080059a3   Thumb Code    16  atan.o(i.atan)
    complementary_filter_euler               0x080059b5   Thumb Code   130  euler_angles.o(i.complementary_filter_euler)
    enable_motor                             0x08005a51   Thumb Code    10  motor_control.o(i.enable_motor)
    fabs                                     0x08005a5b   Thumb Code    24  fabs.o(i.fabs)
    get_encoder_speed                        0x08005a75   Thumb Code   220  motor_encoder.o(i.get_encoder_speed)
    icm_20948_init                           0x08005b5d   Thumb Code   156  icm_20948.o(i.icm_20948_init)
    icm_20948_read_data                      0x08005bf9   Thumb Code   168  icm_20948.o(i.icm_20948_read_data)
    icm_20948_read_reg                       0x08005cb5   Thumb Code    50  icm_20948.o(i.icm_20948_read_reg)
    icm_20948_write_reg                      0x08005ced   Thumb Code    40  icm_20948.o(i.icm_20948_write_reg)
    main                                     0x08005d19   Thumb Code   566  main.o(i.main)
    reset_average_filter                     0x08006011   Thumb Code    44  moving_average_filter.o(i.reset_average_filter)
    reset_encoder                            0x08006041   Thumb Code    28  motor_encoder.o(i.reset_encoder)
    reset_pid                                0x08006061   Thumb Code    14  pid_control.o(i.reset_pid)
    sensor2imu                               0x080060a9   Thumb Code   524  imu_data.o(i.sensor2imu)
    sqrt                                     0x080062e1   Thumb Code   110  sqrt.o(i.sqrt)
    update_euler_gyro                        0x08006351   Thumb Code   322  euler_angles.o(i.update_euler_gyro)
    __aeabi_dneg                             0x080064a5   Thumb Code     0  basic.o(x$fpl$basic)
    _dneg                                    0x080064a5   Thumb Code     6  basic.o(x$fpl$basic)
    __aeabi_fneg                             0x080064ab   Thumb Code     0  basic.o(x$fpl$basic)
    _fneg                                    0x080064ab   Thumb Code     6  basic.o(x$fpl$basic)
    _dabs                                    0x080064b1   Thumb Code     6  basic.o(x$fpl$basic)
    _fabs                                    0x080064b7   Thumb Code     6  basic.o(x$fpl$basic)
    __aeabi_d2f                              0x080064bd   Thumb Code     0  d2f.o(x$fpl$d2f)
    _d2f                                     0x080064bd   Thumb Code    98  d2f.o(x$fpl$d2f)
    __aeabi_dadd                             0x08006521   Thumb Code     0  daddsub_clz.o(x$fpl$dadd)
    _dadd                                    0x08006521   Thumb Code   332  daddsub_clz.o(x$fpl$dadd)
    __fpl_dcheck_NaN1                        0x08006671   Thumb Code    10  dcheck1.o(x$fpl$dcheck1)
    __fpl_dcmp_Inf                           0x08006681   Thumb Code    24  dcmpi.o(x$fpl$dcmpinf)
    __aeabi_ddiv                             0x08006699   Thumb Code     0  ddiv.o(x$fpl$ddiv)
    _ddiv                                    0x08006699   Thumb Code   552  ddiv.o(x$fpl$ddiv)
    __aeabi_i2d                              0x08006949   Thumb Code     0  dflt_clz.o(x$fpl$dflt)
    _dflt                                    0x08006949   Thumb Code    46  dflt_clz.o(x$fpl$dflt)
    __aeabi_cdcmple                          0x08006979   Thumb Code     0  dleqf.o(x$fpl$dleqf)
    _dcmple                                  0x08006979   Thumb Code   120  dleqf.o(x$fpl$dleqf)
    __fpl_dcmple_InfNaN                      0x080069db   Thumb Code     0  dleqf.o(x$fpl$dleqf)
    __aeabi_dmul                             0x080069f1   Thumb Code     0  dmul.o(x$fpl$dmul)
    _dmul                                    0x080069f1   Thumb Code   332  dmul.o(x$fpl$dmul)
    __fpl_dnaninf                            0x08006b45   Thumb Code   156  dnaninf.o(x$fpl$dnaninf)
    __fpl_dretinf                            0x08006be1   Thumb Code    12  dretinf.o(x$fpl$dretinf)
    __aeabi_cdrcmple                         0x08006bed   Thumb Code     0  drleqf.o(x$fpl$drleqf)
    _drcmple                                 0x08006bed   Thumb Code   108  drleqf.o(x$fpl$drleqf)
    __aeabi_drsub                            0x08006c59   Thumb Code     0  daddsub_clz.o(x$fpl$drsb)
    _drsb                                    0x08006c59   Thumb Code    22  daddsub_clz.o(x$fpl$drsb)
    _dsqrt                                   0x08006c71   Thumb Code   404  dsqrt_umaal.o(x$fpl$dsqrt)
    __aeabi_dsub                             0x08006e09   Thumb Code     0  daddsub_clz.o(x$fpl$dsub)
    _dsub                                    0x08006e09   Thumb Code   464  daddsub_clz.o(x$fpl$dsub)
    __aeabi_f2d                              0x08006fdd   Thumb Code     0  f2d.o(x$fpl$f2d)
    _f2d                                     0x08006fdd   Thumb Code    86  f2d.o(x$fpl$f2d)
    __aeabi_ul2f                             0x08007033   Thumb Code     0  ffltll_clz.o(x$fpl$ffltll)
    _ll_uto_f                                0x08007033   Thumb Code     6  ffltll_clz.o(x$fpl$ffltll)
    __aeabi_l2f                              0x08007039   Thumb Code     0  ffltll_clz.o(x$fpl$ffltll)
    _ll_sto_f                                0x08007039   Thumb Code    90  ffltll_clz.o(x$fpl$ffltll)
    __fpl_fnaninf                            0x08007093   Thumb Code   140  fnaninf.o(x$fpl$fnaninf)
    _fp_init                                 0x0800711f   Thumb Code    10  fpinit.o(x$fpl$fpinit)
    __fplib_config_fpu_vfp                   0x08007127   Thumb Code     0  fpinit.o(x$fpl$fpinit)
    __fplib_config_pureend_doubles           0x08007127   Thumb Code     0  fpinit.o(x$fpl$fpinit)
    __fpl_fretinf                            0x08007129   Thumb Code    10  fretinf.o(x$fpl$fretinf)
    __fpl_return_NaN                         0x08007133   Thumb Code   100  retnan.o(x$fpl$retnan)
    __ARM_scalbn                             0x08007197   Thumb Code    92  scalbn.o(x$fpl$scalbn)
    __fpl_cmpreturn                          0x080071f3   Thumb Code    48  trapv.o(x$fpl$trapveneer)
    __I$use$fp                               0x08007222   Number         0  usenofp.o(x$fpl$usenofp)
    AHBPrescTable                            0x08007254   Data          16  system_stm32l4xx.o(.constdata)
    MSIRangeTable                            0x08007264   Data          48  system_stm32l4xx.o(.constdata)
    APBPrescTable                            0x08007294   Data           8  system_stm32l4xx.o(.constdata)
    __mathlib_zero                           0x080073c0   Data           8  qnan.o(.constdata)
    sinTable_f32                             0x080073c8   Data        2052  arm_common_tables.o(.rodata.sinTable_f32)
    Region$$Table$$Base                      0x08007bcc   Number         0  anon$$obj.o(Region$$Table)
    Region$$Table$$Limit                     0x08007bec   Number         0  anon$$obj.o(Region$$Table)
    timer_flag                               0x20000000   Data           1  main.o(.data)
    mag_timer_flag                           0x20000001   Data           1  main.o(.data)
    uwTickFreq                               0x20000118   Data           1  stm32l4xx_hal.o(.data)
    uwTickPrio                               0x2000011c   Data           4  stm32l4xx_hal.o(.data)
    uwTick                                   0x20000120   Data           4  stm32l4xx_hal.o(.data)
    SystemCoreClock                          0x20000124   Data           4  system_stm32l4xx.o(.data)
    hspi2                                    0x2000012c   Data         100  main.o(.bss)
    htim1                                    0x20000190   Data          76  main.o(.bss)
    htim2                                    0x200001dc   Data          76  main.o(.bss)
    htim3                                    0x20000228   Data          76  main.o(.bss)
    htim4                                    0x20000274   Data          76  main.o(.bss)
    htim8                                    0x200002c0   Data          76  main.o(.bss)
    huart2                                   0x2000030c   Data         136  main.o(.bss)
    icm_data                                 0x20000394   Data          18  main.o(.bss)
    imu_norm_data                            0x200003a8   Data          36  main.o(.bss)
    euler_angles_robot                       0x200003cc   Data          12  main.o(.bss)
    euler_angles_old                         0x200003d8   Data          12  main.o(.bss)
    robot_state                              0x200003e4   Data          16  main.o(.bss)
    hdma_spi2_rx                             0x200003f4   Data          72  main.o(.bss)
    hdma_spi2_tx                             0x2000043c   Data          72  main.o(.bss)
    __libspace_start                         0x200004a4   Data          96  libspace.o(.bss)
    __temporary_stack_top$libspace           0x20000504   Data           0  libspace.o(.bss)



==============================================================================

Memory Map of the image

  Image Entry point : 0x08000189

  Load Region LR_IROM1 (Base: 0x08000000, Size: 0x00007d18, Max: 0x00100000, ABSOLUTE, COMPRESSED[0x00007c18])

    Execution Region ER_IROM1 (Exec base: 0x08000000, Load base: 0x08000000, Size: 0x00007bec, Max: 0x00100000, ABSOLUTE)

    Exec Addr    Load Addr    Size         Type   Attr      Idx    E Section Name        Object

    0x08000000   0x08000000   0x00000188   Data   RO            3    RESET               startup_stm32l476xx.o
    0x08000188   0x08000188   0x00000008   Code   RO         4439  * !!!main             c_w.l(__main.o)
    0x08000190   0x08000190   0x00000034   Code   RO         4743    !!!scatter          c_w.l(__scatter.o)
    0x080001c4   0x080001c4   0x0000003a   Code   RO         4741    !!dczerorl          c_w.l(__dczerorl.o)
    0x080001fe   0x080001fe   0x00000002   PAD
    0x08000200   0x08000200   0x0000001c   Code   RO         4745    !!handler_zi        c_w.l(__scatter_zi.o)
    0x0800021c   0x0800021c   0x00000002   Code   RO         4608    .ARM.Collect$$libinit$$00000000  c_w.l(libinit.o)
    0x0800021e   0x0800021e   0x00000004   Code   RO         4621    .ARM.Collect$$libinit$$00000001  c_w.l(libinit2.o)
    0x08000222   0x08000222   0x00000000   Code   RO         4624    .ARM.Collect$$libinit$$00000004  c_w.l(libinit2.o)
    0x08000222   0x08000222   0x00000000   Code   RO         4627    .ARM.Collect$$libinit$$0000000A  c_w.l(libinit2.o)
    0x08000222   0x08000222   0x00000000   Code   RO         4629    .ARM.Collect$$libinit$$0000000C  c_w.l(libinit2.o)
    0x08000222   0x08000222   0x00000000   Code   RO         4631    .ARM.Collect$$libinit$$0000000E  c_w.l(libinit2.o)
    0x08000222   0x08000222   0x00000000   Code   RO         4634    .ARM.Collect$$libinit$$00000011  c_w.l(libinit2.o)
    0x08000222   0x08000222   0x00000000   Code   RO         4636    .ARM.Collect$$libinit$$00000013  c_w.l(libinit2.o)
    0x08000222   0x08000222   0x00000000   Code   RO         4638    .ARM.Collect$$libinit$$00000015  c_w.l(libinit2.o)
    0x08000222   0x08000222   0x00000000   Code   RO         4640    .ARM.Collect$$libinit$$00000017  c_w.l(libinit2.o)
    0x08000222   0x08000222   0x00000000   Code   RO         4642    .ARM.Collect$$libinit$$00000019  c_w.l(libinit2.o)
    0x08000222   0x08000222   0x00000000   Code   RO         4644    .ARM.Collect$$libinit$$0000001B  c_w.l(libinit2.o)
    0x08000222   0x08000222   0x00000000   Code   RO         4646    .ARM.Collect$$libinit$$0000001D  c_w.l(libinit2.o)
    0x08000222   0x08000222   0x00000000   Code   RO         4648    .ARM.Collect$$libinit$$0000001F  c_w.l(libinit2.o)
    0x08000222   0x08000222   0x00000000   Code   RO         4650    .ARM.Collect$$libinit$$00000021  c_w.l(libinit2.o)
    0x08000222   0x08000222   0x00000000   Code   RO         4652    .ARM.Collect$$libinit$$00000023  c_w.l(libinit2.o)
    0x08000222   0x08000222   0x00000000   Code   RO         4654    .ARM.Collect$$libinit$$00000025  c_w.l(libinit2.o)
    0x08000222   0x08000222   0x00000000   Code   RO         4658    .ARM.Collect$$libinit$$0000002C  c_w.l(libinit2.o)
    0x08000222   0x08000222   0x00000000   Code   RO         4660    .ARM.Collect$$libinit$$0000002E  c_w.l(libinit2.o)
    0x08000222   0x08000222   0x00000000   Code   RO         4662    .ARM.Collect$$libinit$$00000030  c_w.l(libinit2.o)
    0x08000222   0x08000222   0x00000000   Code   RO         4664    .ARM.Collect$$libinit$$00000032  c_w.l(libinit2.o)
    0x08000222   0x08000222   0x00000002   Code   RO         4665    .ARM.Collect$$libinit$$00000033  c_w.l(libinit2.o)
    0x08000224   0x08000224   0x00000002   Code   RO         4698    .ARM.Collect$$libshutdown$$00000000  c_w.l(libshutdown.o)
    0x08000226   0x08000226   0x00000000   Code   RO         4724    .ARM.Collect$$libshutdown$$00000002  c_w.l(libshutdown2.o)
    0x08000226   0x08000226   0x00000000   Code   RO         4726    .ARM.Collect$$libshutdown$$00000004  c_w.l(libshutdown2.o)
    0x08000226   0x08000226   0x00000000   Code   RO         4729    .ARM.Collect$$libshutdown$$00000007  c_w.l(libshutdown2.o)
    0x08000226   0x08000226   0x00000000   Code   RO         4732    .ARM.Collect$$libshutdown$$0000000A  c_w.l(libshutdown2.o)
    0x08000226   0x08000226   0x00000000   Code   RO         4734    .ARM.Collect$$libshutdown$$0000000C  c_w.l(libshutdown2.o)
    0x08000226   0x08000226   0x00000000   Code   RO         4737    .ARM.Collect$$libshutdown$$0000000F  c_w.l(libshutdown2.o)
    0x08000226   0x08000226   0x00000002   Code   RO         4738    .ARM.Collect$$libshutdown$$00000010  c_w.l(libshutdown2.o)
    0x08000228   0x08000228   0x00000000   Code   RO         4491    .ARM.Collect$$rtentry$$00000000  c_w.l(__rtentry.o)
    0x08000228   0x08000228   0x00000000   Code   RO         4565    .ARM.Collect$$rtentry$$00000002  c_w.l(__rtentry2.o)
    0x08000228   0x08000228   0x00000006   Code   RO         4577    .ARM.Collect$$rtentry$$00000004  c_w.l(__rtentry4.o)
    0x0800022e   0x0800022e   0x00000000   Code   RO         4567    .ARM.Collect$$rtentry$$00000009  c_w.l(__rtentry2.o)
    0x0800022e   0x0800022e   0x00000004   Code   RO         4568    .ARM.Collect$$rtentry$$0000000A  c_w.l(__rtentry2.o)
    0x08000232   0x08000232   0x00000000   Code   RO         4570    .ARM.Collect$$rtentry$$0000000C  c_w.l(__rtentry2.o)
    0x08000232   0x08000232   0x00000008   Code   RO         4571    .ARM.Collect$$rtentry$$0000000D  c_w.l(__rtentry2.o)
    0x0800023a   0x0800023a   0x00000002   Code   RO         4613    .ARM.Collect$$rtexit$$00000000  c_w.l(rtexit.o)
    0x0800023c   0x0800023c   0x00000000   Code   RO         4671    .ARM.Collect$$rtexit$$00000002  c_w.l(rtexit2.o)
    0x0800023c   0x0800023c   0x00000004   Code   RO         4672    .ARM.Collect$$rtexit$$00000003  c_w.l(rtexit2.o)
    0x08000240   0x08000240   0x00000006   Code   RO         4673    .ARM.Collect$$rtexit$$00000004  c_w.l(rtexit2.o)
    0x08000246   0x08000246   0x00000002   PAD
    0x08000248   0x08000248   0x00000040   Code   RO            4    .text               startup_stm32l476xx.o
    0x08000288   0x08000288   0x000000ee   Code   RO         4429    .text               c_w.l(lludivv7m.o)
    0x08000376   0x08000376   0x0000008a   Code   RO         4431    .text               c_w.l(rt_memcpy_v6.o)
    0x08000400   0x08000400   0x00000064   Code   RO         4433    .text               c_w.l(rt_memcpy_w.o)
    0x08000464   0x08000464   0x0000004e   Code   RO         4435    .text               c_w.l(rt_memclr_w.o)
    0x080004b2   0x080004b2   0x00000006   Code   RO         4437    .text               c_w.l(heapauxi.o)
    0x080004b8   0x080004b8   0x00000016   Code   RO         4496    .text               c_w.l(_rserrno.o)
    0x080004ce   0x080004ce   0x00000002   PAD
    0x080004d0   0x080004d0   0x00000008   Code   RO         4584    .text               c_w.l(rt_errno_addr_intlibspace.o)
    0x080004d8   0x080004d8   0x00000008   Code   RO         4592    .text               c_w.l(libspace.o)
    0x080004e0   0x080004e0   0x0000004a   Code   RO         4595    .text               c_w.l(sys_stackheap_outer.o)
    0x0800052a   0x0800052a   0x00000012   Code   RO         4597    .text               c_w.l(exit.o)
    0x0800053c   0x0800053c   0x0000000c   Code   RO         4668    .text               c_w.l(sys_exit.o)
    0x08000548   0x08000548   0x00000002   Code   RO         4687    .text               c_w.l(use_no_semi.o)
    0x0800054a   0x0800054a   0x00000000   Code   RO         4689    .text               c_w.l(indicate_semi.o)
    0x0800054a   0x0800054a   0x00000002   PAD
    0x0800054c   0x0800054c   0x00000098   Code   RO         4290    .text.arm_cos_f32   arm_cortexM4lf_math.lib(arm_cos_f32.o)
    0x080005e4   0x080005e4   0x00000090   Code   RO         4299    .text.arm_sin_f32   arm_cortexM4lf_math.lib(arm_sin_f32.o)
    0x08000674   0x08000674   0x00000002   Code   RO          291    i.BusFault_Handler  stm32l4xx_it.o
    0x08000676   0x08000676   0x00000002   PAD
    0x08000678   0x08000678   0x00000018   Code   RO         4222    i.Buzzer_Init       buzzer.o
    0x08000690   0x08000690   0x00000010   Code   RO         4223    i.Buzzer_Off        buzzer.o
    0x080006a0   0x080006a0   0x00000010   Code   RO         4224    i.Buzzer_On         buzzer.o
    0x080006b0   0x080006b0   0x0000000c   Code   RO          292    i.DMA1_Channel4_IRQHandler  stm32l4xx_it.o
    0x080006bc   0x080006bc   0x0000000c   Code   RO          293    i.DMA1_Channel5_IRQHandler  stm32l4xx_it.o
    0x080006c8   0x080006c8   0x0000002e   Code   RO         1629    i.DMA_SetConfig     stm32l4xx_hal_dma.o
    0x080006f6   0x080006f6   0x00000002   Code   RO          294    i.DebugMon_Handler  stm32l4xx_it.o
    0x080006f8   0x080006f8   0x00000004   Code   RO           13    i.Error_Handler     main.o
    0x080006fc   0x080006fc   0x0000004e   Code   RO         1631    i.HAL_DMA_Abort_IT  stm32l4xx_hal_dma.o
    0x0800074a   0x0800074a   0x000000ba   Code   RO         1635    i.HAL_DMA_IRQHandler  stm32l4xx_hal_dma.o
    0x08000804   0x08000804   0x000000c0   Code   RO         1636    i.HAL_DMA_Init      stm32l4xx_hal_dma.o
    0x080008c4   0x080008c4   0x00000070   Code   RO         1640    i.HAL_DMA_Start_IT  stm32l4xx_hal_dma.o
    0x08000934   0x08000934   0x00000024   Code   RO          834    i.HAL_Delay         stm32l4xx_hal.o
    0x08000958   0x08000958   0x0000021e   Code   RO         1530    i.HAL_GPIO_Init     stm32l4xx_hal_gpio.o
    0x08000b76   0x08000b76   0x0000000a   Code   RO         1534    i.HAL_GPIO_WritePin  stm32l4xx_hal_gpio.o
    0x08000b80   0x08000b80   0x0000000c   Code   RO          838    i.HAL_GetTick       stm32l4xx_hal.o
    0x08000b8c   0x08000b8c   0x00000010   Code   RO          844    i.HAL_IncTick       stm32l4xx_hal.o
    0x08000b9c   0x08000b9c   0x0000001e   Code   RO          845    i.HAL_Init          stm32l4xx_hal.o
    0x08000bba   0x08000bba   0x00000002   PAD
    0x08000bbc   0x08000bbc   0x00000044   Code   RO          846    i.HAL_InitTick      stm32l4xx_hal.o
    0x08000c00   0x08000c00   0x0000002c   Code   RO          397    i.HAL_MspInit       stm32l4xx_hal_msp.o
    0x08000c2c   0x08000c2c   0x0000001a   Code   RO         2127    i.HAL_NVIC_EnableIRQ  stm32l4xx_hal_cortex.o
    0x08000c46   0x08000c46   0x00000002   PAD
    0x08000c48   0x08000c48   0x00000040   Code   RO         2133    i.HAL_NVIC_SetPriority  stm32l4xx_hal_cortex.o
    0x08000c88   0x08000c88   0x00000024   Code   RO         2134    i.HAL_NVIC_SetPriorityGrouping  stm32l4xx_hal_cortex.o
    0x08000cac   0x08000cac   0x00000068   Code   RO         1857    i.HAL_PWREx_ControlVoltageScaling  stm32l4xx_hal_pwr_ex.o
    0x08000d14   0x08000d14   0x00000010   Code   RO         1890    i.HAL_PWREx_GetVoltageRange  stm32l4xx_hal_pwr_ex.o
    0x08000d24   0x08000d24   0x000003ae   Code   RO         1183    i.HAL_RCCEx_PeriphCLKConfig  stm32l4xx_hal_rcc_ex.o
    0x080010d2   0x080010d2   0x00000002   PAD
    0x080010d4   0x080010d4   0x00000144   Code   RO         1062    i.HAL_RCC_ClockConfig  stm32l4xx_hal_rcc.o
    0x08001218   0x08001218   0x00000024   Code   RO         1068    i.HAL_RCC_GetPCLK1Freq  stm32l4xx_hal_rcc.o
    0x0800123c   0x0800123c   0x00000024   Code   RO         1069    i.HAL_RCC_GetPCLK2Freq  stm32l4xx_hal_rcc.o
    0x08001260   0x08001260   0x000000a4   Code   RO         1071    i.HAL_RCC_GetSysClockFreq  stm32l4xx_hal_rcc.o
    0x08001304   0x08001304   0x00000518   Code   RO         1074    i.HAL_RCC_OscConfig  stm32l4xx_hal_rcc.o
    0x0800181c   0x0800181c   0x00000002   Code   RO          483    i.HAL_SPI_ErrorCallback  stm32l4xx_hal_spi.o
    0x0800181e   0x0800181e   0x00000002   PAD
    0x08001820   0x08001820   0x000000fc   Code   RO          486    i.HAL_SPI_IRQHandler  stm32l4xx_hal_spi.o
    0x0800191c   0x0800191c   0x000000e0   Code   RO          487    i.HAL_SPI_Init      stm32l4xx_hal_spi.o
    0x080019fc   0x080019fc   0x00000104   Code   RO          399    i.HAL_SPI_MspInit   stm32l4xx_hal_msp.o
    0x08001b00   0x08001b00   0x00000184   Code   RO          490    i.HAL_SPI_Receive   stm32l4xx_hal_spi.o
    0x08001c84   0x08001c84   0x00000158   Code   RO          491    i.HAL_SPI_Receive_DMA  stm32l4xx_hal_spi.o
    0x08001ddc   0x08001ddc   0x00000010   Code   RO         4022    i.HAL_SPI_RxCpltCallback  icm_20948.o
    0x08001dec   0x08001dec   0x00000002   Code   RO          494    i.HAL_SPI_RxHalfCpltCallback  stm32l4xx_hal_spi.o
    0x08001dee   0x08001dee   0x00000194   Code   RO          495    i.HAL_SPI_Transmit  stm32l4xx_hal_spi.o
    0x08001f82   0x08001f82   0x00000278   Code   RO          496    i.HAL_SPI_TransmitReceive  stm32l4xx_hal_spi.o
    0x080021fa   0x080021fa   0x00000002   PAD
    0x080021fc   0x080021fc   0x000001b4   Code   RO          497    i.HAL_SPI_TransmitReceive_DMA  stm32l4xx_hal_spi.o
    0x080023b0   0x080023b0   0x00000002   Code   RO          503    i.HAL_SPI_TxRxCpltCallback  stm32l4xx_hal_spi.o
    0x080023b2   0x080023b2   0x00000002   Code   RO          504    i.HAL_SPI_TxRxHalfCpltCallback  stm32l4xx_hal_spi.o
    0x080023b4   0x080023b4   0x00000028   Code   RO         2138    i.HAL_SYSTICK_Config  stm32l4xx_hal_cortex.o
    0x080023dc   0x080023dc   0x00000002   Code   RO         3055    i.HAL_TIMEx_Break2Callback  stm32l4xx_hal_tim_ex.o
    0x080023de   0x080023de   0x00000002   Code   RO         3056    i.HAL_TIMEx_BreakCallback  stm32l4xx_hal_tim_ex.o
    0x080023e0   0x080023e0   0x00000002   Code   RO         3057    i.HAL_TIMEx_CommutCallback  stm32l4xx_hal_tim_ex.o
    0x080023e2   0x080023e2   0x00000002   PAD
    0x080023e4   0x080023e4   0x0000008c   Code   RO         3059    i.HAL_TIMEx_ConfigBreakDeadTime  stm32l4xx_hal_tim_ex.o
    0x08002470   0x08002470   0x0000009c   Code   RO         3077    i.HAL_TIMEx_MasterConfigSynchronization  stm32l4xx_hal_tim_ex.o
    0x0800250c   0x0800250c   0x000000c0   Code   RO         3088    i.HAL_TIMEx_PWMN_Start  stm32l4xx_hal_tim_ex.o
    0x080025cc   0x080025cc   0x00000062   Code   RO         2341    i.HAL_TIM_Base_Init  stm32l4xx_hal_tim.o
    0x0800262e   0x0800262e   0x00000002   PAD
    0x08002630   0x08002630   0x0000007c   Code   RO          401    i.HAL_TIM_Base_MspInit  stm32l4xx_hal_msp.o
    0x080026ac   0x080026ac   0x00000080   Code   RO         2346    i.HAL_TIM_Base_Start_IT  stm32l4xx_hal_tim.o
    0x0800272c   0x0800272c   0x000000e0   Code   RO         2350    i.HAL_TIM_ConfigClockSource  stm32l4xx_hal_tim.o
    0x0800280c   0x0800280c   0x000000a8   Code   RO         2362    i.HAL_TIM_Encoder_Init  stm32l4xx_hal_tim.o
    0x080028b4   0x080028b4   0x00000098   Code   RO          403    i.HAL_TIM_Encoder_MspInit  stm32l4xx_hal_msp.o
    0x0800294c   0x0800294c   0x0000008e   Code   RO         2365    i.HAL_TIM_Encoder_Start  stm32l4xx_hal_tim.o
    0x080029da   0x080029da   0x00000002   Code   RO         2375    i.HAL_TIM_IC_CaptureCallback  stm32l4xx_hal_tim.o
    0x080029dc   0x080029dc   0x0000014a   Code   RO         2389    i.HAL_TIM_IRQHandler  stm32l4xx_hal_tim.o
    0x08002b26   0x08002b26   0x00000002   PAD
    0x08002b28   0x08002b28   0x000000a8   Code   RO          404    i.HAL_TIM_MspPostInit  stm32l4xx_hal_msp.o
    0x08002bd0   0x08002bd0   0x00000002   Code   RO         2392    i.HAL_TIM_OC_DelayElapsedCallback  stm32l4xx_hal_tim.o
    0x08002bd2   0x08002bd2   0x00000124   Code   RO         2413    i.HAL_TIM_PWM_ConfigChannel  stm32l4xx_hal_tim.o
    0x08002cf6   0x08002cf6   0x00000062   Code   RO         2416    i.HAL_TIM_PWM_Init  stm32l4xx_hal_tim.o
    0x08002d58   0x08002d58   0x00000002   Code   RO         2418    i.HAL_TIM_PWM_MspInit  stm32l4xx_hal_tim.o
    0x08002d5a   0x08002d5a   0x00000002   Code   RO         2419    i.HAL_TIM_PWM_PulseFinishedCallback  stm32l4xx_hal_tim.o
    0x08002d5c   0x08002d5c   0x00000104   Code   RO         2421    i.HAL_TIM_PWM_Start  stm32l4xx_hal_tim.o
    0x08002e60   0x08002e60   0x00000028   Code   RO           14    i.HAL_TIM_PeriodElapsedCallback  main.o
    0x08002e88   0x08002e88   0x00000002   Code   RO         2432    i.HAL_TIM_TriggerCallback  stm32l4xx_hal_tim.o
    0x08002e8a   0x08002e8a   0x00000066   Code   RO         3369    i.HAL_UART_Init     stm32l4xx_hal_uart.o
    0x08002ef0   0x08002ef0   0x00000078   Code   RO          406    i.HAL_UART_MspInit  stm32l4xx_hal_msp.o
    0x08002f68   0x08002f68   0x00000002   Code   RO          295    i.HardFault_Handler  stm32l4xx_it.o
    0x08002f6a   0x08002f6a   0x00000002   PAD
    0x08002f6c   0x08002f6c   0x000000e0   Code   RO           15    i.MX_GPIO_Init      main.o
    0x0800304c   0x0800304c   0x0000004c   Code   RO           16    i.MX_SPI2_Init      main.o
    0x08003098   0x08003098   0x000000e8   Code   RO           17    i.MX_TIM1_Init      main.o
    0x08003180   0x08003180   0x0000006c   Code   RO           18    i.MX_TIM2_Init      main.o
    0x080031ec   0x080031ec   0x00000070   Code   RO           19    i.MX_TIM3_Init      main.o
    0x0800325c   0x0800325c   0x0000006c   Code   RO           20    i.MX_TIM4_Init      main.o
    0x080032c8   0x080032c8   0x000000dc   Code   RO           21    i.MX_TIM8_Init      main.o
    0x080033a4   0x080033a4   0x00000038   Code   RO           22    i.MX_USART2_UART_Init  main.o
    0x080033dc   0x080033dc   0x00000002   Code   RO          296    i.MemManage_Handler  stm32l4xx_it.o
    0x080033de   0x080033de   0x00000002   Code   RO          297    i.NMI_Handler       stm32l4xx_it.o
    0x080033e0   0x080033e0   0x00000002   Code   RO          298    i.PendSV_Handler    stm32l4xx_it.o
    0x080033e2   0x080033e2   0x00000002   PAD
    0x080033e4   0x080033e4   0x0000012c   Code   RO         1187    i.RCCEx_PLLSAI1_Config  stm32l4xx_hal_rcc_ex.o
    0x08003510   0x08003510   0x00000108   Code   RO         1188    i.RCCEx_PLLSAI2_Config  stm32l4xx_hal_rcc_ex.o
    0x08003618   0x08003618   0x0000007c   Code   RO         1075    i.RCC_SetFlashLatencyFromMSIRange  stm32l4xx_hal_rcc.o
    0x08003694   0x08003694   0x0000000c   Code   RO          299    i.SPI2_IRQHandler   stm32l4xx_it.o
    0x080036a0   0x080036a0   0x00000012   Code   RO          514    i.SPI_DMAAbortOnError  stm32l4xx_hal_spi.o
    0x080036b2   0x080036b2   0x00000022   Code   RO          515    i.SPI_DMAError      stm32l4xx_hal_spi.o
    0x080036d4   0x080036d4   0x0000000a   Code   RO          516    i.SPI_DMAHalfReceiveCplt  stm32l4xx_hal_spi.o
    0x080036de   0x080036de   0x0000000a   Code   RO          518    i.SPI_DMAHalfTransmitReceiveCplt  stm32l4xx_hal_spi.o
    0x080036e8   0x080036e8   0x0000006c   Code   RO          519    i.SPI_DMAReceiveCplt  stm32l4xx_hal_spi.o
    0x08003754   0x08003754   0x0000005c   Code   RO          522    i.SPI_DMATransmitReceiveCplt  stm32l4xx_hal_spi.o
    0x080037b0   0x080037b0   0x00000074   Code   RO          524    i.SPI_EndRxTransaction  stm32l4xx_hal_spi.o
    0x08003824   0x08003824   0x00000048   Code   RO          525    i.SPI_EndRxTxTransaction  stm32l4xx_hal_spi.o
    0x0800386c   0x0800386c   0x000000e6   Code   RO          530    i.SPI_WaitFifoStateUntilTimeout  stm32l4xx_hal_spi.o
    0x08003952   0x08003952   0x00000002   PAD
    0x08003954   0x08003954   0x000000b8   Code   RO          531    i.SPI_WaitFlagStateUntilTimeout  stm32l4xx_hal_spi.o
    0x08003a0c   0x08003a0c   0x00000002   Code   RO          300    i.SVC_Handler       stm32l4xx_it.o
    0x08003a0e   0x08003a0e   0x00000004   Code   RO          301    i.SysTick_Handler   stm32l4xx_it.o
    0x08003a12   0x08003a12   0x00000074   Code   RO           23    i.SystemClock_Config  main.o
    0x08003a86   0x08003a86   0x00000002   PAD
    0x08003a88   0x08003a88   0x00000010   Code   RO         3823    i.SystemInit        system_stm32l4xx.o
    0x08003a98   0x08003a98   0x0000000c   Code   RO          302    i.TIM1_BRK_TIM15_IRQHandler  stm32l4xx_it.o
    0x08003aa4   0x08003aa4   0x0000000c   Code   RO          303    i.TIM4_IRQHandler   stm32l4xx_it.o
    0x08003ab0   0x08003ab0   0x000000d0   Code   RO         2434    i.TIM_Base_SetConfig  stm32l4xx_hal_tim.o
    0x08003b80   0x08003b80   0x0000001a   Code   RO         2435    i.TIM_CCxChannelCmd  stm32l4xx_hal_tim.o
    0x08003b9a   0x08003b9a   0x0000001a   Code   RO         3097    i.TIM_CCxNChannelCmd  stm32l4xx_hal_tim_ex.o
    0x08003bb4   0x08003bb4   0x00000014   Code   RO         2445    i.TIM_ETR_SetConfig  stm32l4xx_hal_tim.o
    0x08003bc8   0x08003bc8   0x00000010   Code   RO         2446    i.TIM_ITRx_SetConfig  stm32l4xx_hal_tim.o
    0x08003bd8   0x08003bd8   0x0000009c   Code   RO         2447    i.TIM_OC1_SetConfig  stm32l4xx_hal_tim.o
    0x08003c74   0x08003c74   0x00000090   Code   RO         2448    i.TIM_OC2_SetConfig  stm32l4xx_hal_tim.o
    0x08003d04   0x08003d04   0x00000090   Code   RO         2449    i.TIM_OC3_SetConfig  stm32l4xx_hal_tim.o
    0x08003d94   0x08003d94   0x00000074   Code   RO         2450    i.TIM_OC4_SetConfig  stm32l4xx_hal_tim.o
    0x08003e08   0x08003e08   0x00000070   Code   RO         2451    i.TIM_OC5_SetConfig  stm32l4xx_hal_tim.o
    0x08003e78   0x08003e78   0x00000070   Code   RO         2452    i.TIM_OC6_SetConfig  stm32l4xx_hal_tim.o
    0x08003ee8   0x08003ee8   0x00000022   Code   RO         2454    i.TIM_TI1_ConfigInputStage  stm32l4xx_hal_tim.o
    0x08003f0a   0x08003f0a   0x00000024   Code   RO         2456    i.TIM_TI2_ConfigInputStage  stm32l4xx_hal_tim.o
    0x08003f2e   0x08003f2e   0x000000c8   Code   RO         3383    i.UART_AdvFeatureConfig  stm32l4xx_hal_uart.o
    0x08003ff6   0x08003ff6   0x000000a8   Code   RO         3384    i.UART_CheckIdleState  stm32l4xx_hal_uart.o
    0x0800409e   0x0800409e   0x0000004c   Code   RO         3395    i.UART_EndRxTransfer  stm32l4xx_hal_uart.o
    0x080040ea   0x080040ea   0x00000002   PAD
    0x080040ec   0x080040ec   0x00000248   Code   RO         3399    i.UART_SetConfig    stm32l4xx_hal_uart.o
    0x08004334   0x08004334   0x00000094   Code   RO         3404    i.UART_WaitOnFlagUntilTimeout  stm32l4xx_hal_uart.o
    0x080043c8   0x080043c8   0x00000002   Code   RO          304    i.UsageFault_Handler  stm32l4xx_it.o
    0x080043ca   0x080043ca   0x00000030   Code   RO         4547    i.__ARM_fpclassify  m_wm.l(fpclassify.o)
    0x080043fa   0x080043fa   0x00000020   Code   RO         2140    i.__NVIC_SetPriority  stm32l4xx_hal_cortex.o
    0x0800441a   0x0800441a   0x00000006   PAD
    0x08004420   0x08004420   0x000002d8   Code   RO         4513    i.__hardfp_atan     m_wm.l(atan.o)
    0x080046f8   0x080046f8   0x000001f0   Code   RO         4465    i.__hardfp_atan2    m_wm.l(atan2.o)
    0x080048e8   0x080048e8   0x00000c80   Code   RO         4477    i.__hardfp_pow      m_wm.l(pow.o)
    0x08005568   0x08005568   0x000000f8   Code   RO         4549    i.__kernel_poly     m_wm.l(poly.o)
    0x08005660   0x08005660   0x00000030   Code   RO         4527    i.__mathlib_dbl_divzero  m_wm.l(dunder.o)
    0x08005690   0x08005690   0x00000014   Code   RO         4528    i.__mathlib_dbl_infnan  m_wm.l(dunder.o)
    0x080056a4   0x080056a4   0x00000014   Code   RO         4529    i.__mathlib_dbl_infnan2  m_wm.l(dunder.o)
    0x080056b8   0x080056b8   0x00000020   Code   RO         4530    i.__mathlib_dbl_invalid  m_wm.l(dunder.o)
    0x080056d8   0x080056d8   0x00000020   Code   RO         4531    i.__mathlib_dbl_overflow  m_wm.l(dunder.o)
    0x080056f8   0x080056f8   0x00000020   Code   RO         4533    i.__mathlib_dbl_underflow  m_wm.l(dunder.o)
    0x08005718   0x08005718   0x0000012c   Code   RO         4164    i.acc_mag2euler     euler_angles.o
    0x08005844   0x08005844   0x00000010   Code   RO         4027    i.activate_imu      icm_20948.o
    0x08005854   0x08005854   0x000000b2   Code   RO         4028    i.ak09916_mag_init  icm_20948.o
    0x08005906   0x08005906   0x0000003e   Code   RO         4029    i.ak09916_write_reg  icm_20948.o
    0x08005944   0x08005944   0x0000005e   Code   RO         3992    i.apply_average_filter  moving_average_filter.o
    0x080059a2   0x080059a2   0x00000010   Code   RO         4515    i.atan              m_wm.l(atan.o)
    0x080059b2   0x080059b2   0x00000002   PAD
    0x080059b4   0x080059b4   0x0000008c   Code   RO         4165    i.complementary_filter_euler  euler_angles.o
    0x08005a40   0x08005a40   0x00000010   Code   RO         4030    i.deactivate_imu    icm_20948.o
    0x08005a50   0x08005a50   0x0000000a   Code   RO         3862    i.enable_motor      motor_control.o
    0x08005a5a   0x08005a5a   0x00000018   Code   RO         4543    i.fabs              m_wm.l(fabs.o)
    0x08005a72   0x08005a72   0x00000002   PAD
    0x08005a74   0x08005a74   0x000000e8   Code   RO         3917    i.get_encoder_speed  motor_encoder.o
    0x08005b5c   0x08005b5c   0x0000009c   Code   RO         4031    i.icm_20948_init    icm_20948.o
    0x08005bf8   0x08005bf8   0x000000bc   Code   RO         4032    i.icm_20948_read_data  icm_20948.o
    0x08005cb4   0x08005cb4   0x00000038   Code   RO         4033    i.icm_20948_read_reg  icm_20948.o
    0x08005cec   0x08005cec   0x0000002c   Code   RO         4034    i.icm_20948_write_reg  icm_20948.o
    0x08005d18   0x08005d18   0x0000025c   Code   RO           24    i.main              main.o
    0x08005f74   0x08005f74   0x0000009c   Code   RO         4035    i.remove_gyro_bias  icm_20948.o
    0x08006010   0x08006010   0x00000030   Code   RO         3993    i.reset_average_filter  moving_average_filter.o
    0x08006040   0x08006040   0x00000020   Code   RO         3918    i.reset_encoder     motor_encoder.o
    0x08006060   0x08006060   0x00000014   Code   RO         3954    i.reset_pid         pid_control.o
    0x08006074   0x08006074   0x00000034   Code   RO         4036    i.sel_user_bank     icm_20948.o
    0x080060a8   0x080060a8   0x00000238   Code   RO         4134    i.sensor2imu        imu_data.o
    0x080062e0   0x080062e0   0x0000006e   Code   RO         4554    i.sqrt              m_wm.l(sqrt.o)
    0x0800634e   0x0800634e   0x00000002   PAD
    0x08006350   0x08006350   0x00000154   Code   RO         4166    i.update_euler_gyro  euler_angles.o
    0x080064a4   0x080064a4   0x00000018   Code   RO         4498    x$fpl$basic         fz_wm.l(basic.o)
    0x080064bc   0x080064bc   0x00000062   Code   RO         4441    x$fpl$d2f           fz_wm.l(d2f.o)
    0x0800651e   0x0800651e   0x00000002   PAD
    0x08006520   0x08006520   0x00000150   Code   RO         4443    x$fpl$dadd          fz_wm.l(daddsub_clz.o)
    0x08006670   0x08006670   0x00000010   Code   RO         4586    x$fpl$dcheck1       fz_wm.l(dcheck1.o)
    0x08006680   0x08006680   0x00000018   Code   RO         4609    x$fpl$dcmpinf       fz_wm.l(dcmpi.o)
    0x08006698   0x08006698   0x000002b0   Code   RO         4450    x$fpl$ddiv          fz_wm.l(ddiv.o)
    0x08006948   0x08006948   0x0000002e   Code   RO         4454    x$fpl$dflt          fz_wm.l(dflt_clz.o)
    0x08006976   0x08006976   0x00000002   PAD
    0x08006978   0x08006978   0x00000078   Code   RO         4588    x$fpl$dleqf         fz_wm.l(dleqf.o)
    0x080069f0   0x080069f0   0x00000154   Code   RO         4459    x$fpl$dmul          fz_wm.l(dmul.o)
    0x08006b44   0x08006b44   0x0000009c   Code   RO         4500    x$fpl$dnaninf       fz_wm.l(dnaninf.o)
    0x08006be0   0x08006be0   0x0000000c   Code   RO         4502    x$fpl$dretinf       fz_wm.l(dretinf.o)
    0x08006bec   0x08006bec   0x0000006c   Code   RO         4504    x$fpl$drleqf        fz_wm.l(drleqf.o)
    0x08006c58   0x08006c58   0x00000016   Code   RO         4444    x$fpl$drsb          fz_wm.l(daddsub_clz.o)
    0x08006c6e   0x08006c6e   0x00000002   PAD
    0x08006c70   0x08006c70   0x00000198   Code   RO         4590    x$fpl$dsqrt         fz_wm.l(dsqrt_umaal.o)
    0x08006e08   0x08006e08   0x000001d4   Code   RO         4445    x$fpl$dsub          fz_wm.l(daddsub_clz.o)
    0x08006fdc   0x08006fdc   0x00000056   Code   RO         4461    x$fpl$f2d           fz_wm.l(f2d.o)
    0x08007032   0x08007032   0x00000060   Code   RO         4463    x$fpl$ffltll        fz_wm.l(ffltll_clz.o)
    0x08007092   0x08007092   0x0000008c   Code   RO         4506    x$fpl$fnaninf       fz_wm.l(fnaninf.o)
    0x0800711e   0x0800711e   0x0000000a   Code   RO         4683    x$fpl$fpinit        fz_wm.l(fpinit.o)
    0x08007128   0x08007128   0x0000000a   Code   RO         4508    x$fpl$fretinf       fz_wm.l(fretinf.o)
    0x08007132   0x08007132   0x00000064   Code   RO         4611    x$fpl$retnan        fz_wm.l(retnan.o)
    0x08007196   0x08007196   0x0000005c   Code   RO         4510    x$fpl$scalbn        fz_wm.l(scalbn.o)
    0x080071f2   0x080071f2   0x00000030   Code   RO         4666    x$fpl$trapveneer    fz_wm.l(trapv.o)
    0x08007222   0x08007222   0x00000000   Code   RO         4512    x$fpl$usenofp       fz_wm.l(usenofp.o)
    0x08007222   0x08007222   0x00000002   PAD
    0x08007224   0x08007224   0x00000030   Data   RO           30    .constdata          main.o
    0x08007254   0x08007254   0x00000040   Data   RO         3824    .constdata          system_stm32l4xx.o
    0x08007294   0x08007294   0x00000008   Data   RO         3825    .constdata          system_stm32l4xx.o
    0x0800729c   0x0800729c   0x00000004   PAD
    0x080072a0   0x080072a0   0x00000088   Data   RO         4480    .constdata          m_wm.l(pow.o)
    0x08007328   0x08007328   0x00000098   Data   RO         4516    .constdata          m_wm.l(atan.o)
    0x080073c0   0x080073c0   0x00000008   Data   RO         4551    .constdata          m_wm.l(qnan.o)
    0x080073c8   0x080073c8   0x00000804   Data   RO         4420    .rodata.sinTable_f32  arm_cortexM4lf_math.lib(arm_common_tables.o)
    0x08007bcc   0x08007bcc   0x00000020   Data   RO         4739    Region$$Table       anon$$obj.o


    Execution Region RW_IRAM2 (Exec base: 0x10000000, Load base: 0x08007c18, Size: 0x00000000, Max: 0x00008000, ABSOLUTE)

    **** No section assigned to this execution region ****


    Execution Region RW_IRAM1 (Exec base: 0x20000000, Load base: 0x08007bec, Size: 0x00000b08, Max: 0x00018000, ABSOLUTE, COMPRESSED[0x0000002c])

    Exec Addr    Load Addr    Size         Type   Attr      Idx    E Section Name        Object

    0x20000000   COMPRESSED   0x00000118   Data   RW           32    .data               main.o
    0x20000118   COMPRESSED   0x0000000c   Data   RW          862    .data               stm32l4xx_hal.o
    0x20000124   COMPRESSED   0x00000004   Data   RW         3826    .data               system_stm32l4xx.o
    0x20000128   COMPRESSED   0x00000001   Data   RW         4168    .data               euler_angles.o
    0x20000129   COMPRESSED   0x00000003   PAD
    0x2000012c        -       0x000002c8   Zero   RW           25    .bss                main.o
    0x200003f4        -       0x00000048   Zero   RW           26    .bss                main.o
    0x2000043c        -       0x00000048   Zero   RW           27    .bss                main.o
    0x20000484        -       0x00000014   Zero   RW         4037    .bss                icm_20948.o
    0x20000498        -       0x0000000c   Zero   RW         4167    .bss                euler_angles.o
    0x200004a4        -       0x00000060   Zero   RW         4593    .bss                c_w.l(libspace.o)
    0x20000504   COMPRESSED   0x00000004   PAD
    0x20000508        -       0x00000200   Zero   RW            2    HEAP                startup_stm32l476xx.o
    0x20000708        -       0x00000400   Zero   RW            1    STACK               startup_stm32l476xx.o


==============================================================================

Image component sizes


      Code (inc. data)   RO Data    RW Data    ZI Data      Debug   Object Name

        56         16          0          0          0       1443   buzzer.o
       780         42          0          1         12       3485   euler_angles.o
       940         52          0          0         20       9635   icm_20948.o
       568         32          0          0          0      18517   imu_data.o
      1900        120         48        280        856     876850   main.o
        10          0          0          0          0       1383   motor_control.o
       264         16          0          0          0       3060   motor_encoder.o
       142          4          0          0          0       1734   moving_average_filter.o
        20          6          0          0          0       1376   pid_control.o
        64         26        392          0       1536        876   startup_stm32l476xx.o
       162         24          0         12          0      14653   stm32l4xx_hal.o
       198         14          0          0          0      34031   stm32l4xx_hal_cortex.o
       614         14          0          0          0       4666   stm32l4xx_hal_dma.o
       552         36          0          0          0       2452   stm32l4xx_hal_gpio.o
       868         86          0          0          0       5222   stm32l4xx_hal_msp.o
       120         20          0          0          0       1434   stm32l4xx_hal_pwr_ex.o
      1988         98          0          0          0       7148   stm32l4xx_hal_rcc.o
      1506         44          0          0          0       4180   stm32l4xx_hal_rcc_ex.o
      3562         50          0          0          0      20022   stm32l4xx_hal_spi.o
      2874        256          0          0          0      21601   stm32l4xx_hal_tim.o
       520         62          0          0          0       5739   stm32l4xx_hal_tim_ex.o
      1278         62          0          0          0       6237   stm32l4xx_hal_uart.o
        80         30          0          0          0       7008   stm32l4xx_it.o
        16          4         72          4          0       1281   system_stm32l4xx.o

    ----------------------------------------------------------------------
     19116       1114        548        300       2424    1054033   Object Totals
         0          0         32          0          0          0   (incl. Generated)
        34          0          4          3          0          0   (incl. Padding)

    ----------------------------------------------------------------------

      Code (inc. data)   RO Data    RW Data    ZI Data      Debug   Library Member Name

         0          0       2052          0          0       6294   arm_common_tables.o
       152         12          0          0          0       1104   arm_cos_f32.o
       144         12          0          0          0       1092   arm_sin_f32.o
        58          0          0          0          0          0   __dczerorl.o
         8          0          0          0          0         68   __main.o
         0          0          0          0          0          0   __rtentry.o
        12          0          0          0          0          0   __rtentry2.o
         6          0          0          0          0          0   __rtentry4.o
        52          8          0          0          0          0   __scatter.o
        28          0          0          0          0          0   __scatter_zi.o
        22          0          0          0          0        100   _rserrno.o
        18          0          0          0          0         80   exit.o
         6          0          0          0          0        152   heapauxi.o
         0          0          0          0          0          0   indicate_semi.o
         2          0          0          0          0          0   libinit.o
         6          0          0          0          0          0   libinit2.o
         2          0          0          0          0          0   libshutdown.o
         2          0          0          0          0          0   libshutdown2.o
         8          4          0          0         96         68   libspace.o
       238          0          0          0          0        100   lludivv7m.o
         8          4          0          0          0         68   rt_errno_addr_intlibspace.o
        78          0          0          0          0         80   rt_memclr_w.o
       138          0          0          0          0         68   rt_memcpy_v6.o
       100          0          0          0          0         80   rt_memcpy_w.o
         2          0          0          0          0          0   rtexit.o
        10          0          0          0          0          0   rtexit2.o
        12          4          0          0          0         68   sys_exit.o
        74          0          0          0          0         80   sys_stackheap_outer.o
         2          0          0          0          0         68   use_no_semi.o
        24          0          0          0          0        164   basic.o
        98          4          0          0          0        140   d2f.o
       826         16          0          0          0        492   daddsub_clz.o
        16          4          0          0          0        116   dcheck1.o
        24          0          0          0          0        116   dcmpi.o
       688        140          0          0          0        256   ddiv.o
        46          0          0          0          0        116   dflt_clz.o
       120          4          0          0          0        140   dleqf.o
       340         12          0          0          0        152   dmul.o
       156          4          0          0          0        140   dnaninf.o
        12          0          0          0          0        116   dretinf.o
       108          0          0          0          0        128   drleqf.o
       408         56          0          0          0        168   dsqrt_umaal.o
        86          4          0          0          0        132   f2d.o
        96          0          0          0          0        132   ffltll_clz.o
       140          4          0          0          0        132   fnaninf.o
        10          0          0          0          0        116   fpinit.o
        10          0          0          0          0        116   fretinf.o
       100          0          0          0          0        116   retnan.o
        92          0          0          0          0        116   scalbn.o
        48          0          0          0          0        116   trapv.o
         0          0          0          0          0          0   usenofp.o
       744        106        152          0          0        352   atan.o
       496         64          0          0          0        192   atan2.o
       184         44          0          0          0        744   dunder.o
        24          0          0          0          0        124   fabs.o
        48          0          0          0          0        124   fpclassify.o
       248          0          0          0          0        152   poly.o
      3200        296        136          0          0        352   pow.o
         0          0          8          0          0          0   qnan.o
       110          0          0          0          0        148   sqrt.o

    ----------------------------------------------------------------------
      9712        802       2348          0        100      14978   Library Totals
        22          0          0          0          4          0   (incl. Padding)

    ----------------------------------------------------------------------

      Code (inc. data)   RO Data    RW Data    ZI Data      Debug   Library Name

       296         24       2052          0          0       8490   arm_cortexM4lf_math.lib
       892         20          0          0         96       1080   c_w.l
      3448        248          0          0          0       3220   fz_wm.l
      5054        510        296          0          0       2188   m_wm.l

    ----------------------------------------------------------------------
      9712        802       2348          0        100      14978   Library Totals

    ----------------------------------------------------------------------

==============================================================================


      Code (inc. data)   RO Data    RW Data    ZI Data      Debug   

     28828       1916       2896        300       2524    1051527   Grand Totals
     28828       1916       2896         44       2524    1051527   ELF Image Totals (compressed)
     28828       1916       2896         44          0          0   ROM Totals

==============================================================================

    Total RO  Size (Code + RO Data)                31724 (  30.98kB)
    Total RW  Size (RW Data + ZI Data)              2824 (   2.76kB)
    Total ROM Size (Code + RO Data + RW Data)      31768 (  31.02kB)

==============================================================================

